Archive member included to satisfy reference by file (symbol)

/usr/lib/gcc/arm-none-eabi/9.2.1/../../../arm-none-eabi/lib/thumb/v6-m/nofp/libstdc++_nano.a(del_opv.o)
                              CMakeFiles/SmartFarmST32.dir/src/packet_manager.cpp.obj (operator delete[](void*))
/usr/lib/gcc/arm-none-eabi/9.2.1/../../../arm-none-eabi/lib/thumb/v6-m/nofp/libstdc++_nano.a(new_opv.o)
                              CMakeFiles/SmartFarmST32.dir/src/protocol.cpp.obj (operator new[](unsigned int))
/usr/lib/gcc/arm-none-eabi/9.2.1/../../../arm-none-eabi/lib/thumb/v6-m/nofp/libstdc++_nano.a(del_op.o)
                              /usr/lib/gcc/arm-none-eabi/9.2.1/../../../arm-none-eabi/lib/thumb/v6-m/nofp/libstdc++_nano.a(del_opv.o) (operator delete(void*))
/usr/lib/gcc/arm-none-eabi/9.2.1/../../../arm-none-eabi/lib/thumb/v6-m/nofp/libstdc++_nano.a(new_op.o)
                              /usr/lib/gcc/arm-none-eabi/9.2.1/../../../arm-none-eabi/lib/thumb/v6-m/nofp/libstdc++_nano.a(new_opv.o) (operator new(unsigned int))
/usr/lib/gcc/arm-none-eabi/9.2.1/../../../arm-none-eabi/lib/thumb/v6-m/nofp/libstdc++_nano.a(new_handler.o)
                              /usr/lib/gcc/arm-none-eabi/9.2.1/../../../arm-none-eabi/lib/thumb/v6-m/nofp/libstdc++_nano.a(new_op.o) (std::get_new_handler())
/usr/lib/gcc/arm-none-eabi/9.2.1/../../../arm-none-eabi/lib/thumb/v6-m/nofp/libm.a(lib_a-wf_atan2.o)
                              CMakeFiles/SmartFarmST32.dir/src/mxc6655.cpp.obj (atan2f)
/usr/lib/gcc/arm-none-eabi/9.2.1/../../../arm-none-eabi/lib/thumb/v6-m/nofp/libm.a(lib_a-wf_sqrt.o)
                              CMakeFiles/SmartFarmST32.dir/src/mxc6655.cpp.obj (sqrtf)
/usr/lib/gcc/arm-none-eabi/9.2.1/../../../arm-none-eabi/lib/thumb/v6-m/nofp/libm.a(lib_a-ef_atan2.o)
                              /usr/lib/gcc/arm-none-eabi/9.2.1/../../../arm-none-eabi/lib/thumb/v6-m/nofp/libm.a(lib_a-wf_atan2.o) (__ieee754_atan2f)
/usr/lib/gcc/arm-none-eabi/9.2.1/../../../arm-none-eabi/lib/thumb/v6-m/nofp/libm.a(lib_a-ef_sqrt.o)
                              /usr/lib/gcc/arm-none-eabi/9.2.1/../../../arm-none-eabi/lib/thumb/v6-m/nofp/libm.a(lib_a-wf_sqrt.o) (__ieee754_sqrtf)
/usr/lib/gcc/arm-none-eabi/9.2.1/../../../arm-none-eabi/lib/thumb/v6-m/nofp/libm.a(lib_a-s_lib_ver.o)
                              /usr/lib/gcc/arm-none-eabi/9.2.1/../../../arm-none-eabi/lib/thumb/v6-m/nofp/libm.a(lib_a-wf_sqrt.o) (__fdlib_version)
/usr/lib/gcc/arm-none-eabi/9.2.1/../../../arm-none-eabi/lib/thumb/v6-m/nofp/libm.a(lib_a-sf_atan.o)
                              /usr/lib/gcc/arm-none-eabi/9.2.1/../../../arm-none-eabi/lib/thumb/v6-m/nofp/libm.a(lib_a-ef_atan2.o) (atanf)
/usr/lib/gcc/arm-none-eabi/9.2.1/../../../arm-none-eabi/lib/thumb/v6-m/nofp/libm.a(lib_a-sf_fabs.o)
                              /usr/lib/gcc/arm-none-eabi/9.2.1/../../../arm-none-eabi/lib/thumb/v6-m/nofp/libm.a(lib_a-ef_atan2.o) (fabsf)
/usr/lib/gcc/arm-none-eabi/9.2.1/thumb/v6-m/nofp/libgcc.a(_thumb1_case_uqi.o)
                              CMakeFiles/SmartFarmST32.dir/src/board_io.cpp.obj (__gnu_thumb1_case_uqi)
/usr/lib/gcc/arm-none-eabi/9.2.1/thumb/v6-m/nofp/libgcc.a(_thumb1_case_shi.o)
                              lib/stm32g0-hal/CMakeFiles/stm32g0-hal.dir/lib/STM32G0xx_HAL_Driver/Src/stm32g0xx_hal_uart.c.obj (__gnu_thumb1_case_shi)
/usr/lib/gcc/arm-none-eabi/9.2.1/thumb/v6-m/nofp/libgcc.a(_udivsi3.o)
                              CMakeFiles/SmartFarmST32.dir/src/main.cpp.obj (__aeabi_uidiv)
/usr/lib/gcc/arm-none-eabi/9.2.1/thumb/v6-m/nofp/libgcc.a(_divsi3.o)
                              CMakeFiles/SmartFarmST32.dir/src/util.cpp.obj (__aeabi_idiv)
/usr/lib/gcc/arm-none-eabi/9.2.1/thumb/v6-m/nofp/libgcc.a(_dvmd_tls.o)
                              /usr/lib/gcc/arm-none-eabi/9.2.1/thumb/v6-m/nofp/libgcc.a(_udivsi3.o) (__aeabi_idiv0)
/usr/lib/gcc/arm-none-eabi/9.2.1/thumb/v6-m/nofp/libgcc.a(_arm_cmpdf2.o)
                              CMakeFiles/SmartFarmST32.dir/src/board_io.cpp.obj (__aeabi_dcmpgt)
/usr/lib/gcc/arm-none-eabi/9.2.1/thumb/v6-m/nofp/libgcc.a(_arm_cmpsf2.o)
                              CMakeFiles/SmartFarmST32.dir/src/sensor_interface_board.cpp.obj (__aeabi_fcmplt)
/usr/lib/gcc/arm-none-eabi/9.2.1/thumb/v6-m/nofp/libgcc.a(_aeabi_ldivmod.o)
                              lib/stm32g0-hal/CMakeFiles/stm32g0-hal.dir/lib/STM32G0xx_HAL_Driver/Src/stm32g0xx_hal_uart.c.obj (__aeabi_ldivmod)
/usr/lib/gcc/arm-none-eabi/9.2.1/thumb/v6-m/nofp/libgcc.a(_aeabi_uldivmod.o)
                              lib/stm32g0-hal/CMakeFiles/stm32g0-hal.dir/lib/STM32G0xx_HAL_Driver/Src/stm32g0xx_hal_uart.c.obj (__aeabi_uldivmod)
/usr/lib/gcc/arm-none-eabi/9.2.1/thumb/v6-m/nofp/libgcc.a(_fixunssfsi.o)
                              CMakeFiles/SmartFarmST32.dir/src/sensor_interface_board.cpp.obj (__aeabi_f2uiz)
/usr/lib/gcc/arm-none-eabi/9.2.1/thumb/v6-m/nofp/libgcc.a(_fixunsdfsi.o)
                              CMakeFiles/SmartFarmST32.dir/src/board_io.cpp.obj (__aeabi_d2uiz)
[...]
Memory Configuration

Name             Origin             Length             Attributes
RAM              0x0000000020000000 0x0000000000024000 xrw
BOOTLOADER       0x0000000008000000 0x0000000000003800 xr
FLASH            0x0000000008003800 0x000000000003e000 xr
DOWNLOADED_FW    0x0000000008041800 0x000000000003e000 xr
CONFIG           0x000000000807f800 0x0000000000000800 r
*default*        0x0000000000000000 0xffffffffffffffff

Linker script and memory map

LOAD /usr/lib/gcc/arm-none-eabi/9.2.1/thumb/v6-m/nofp/crti.o
LOAD /usr/lib/gcc/arm-none-eabi/9.2.1/thumb/v6-m/nofp/crtbegin.o
LOAD /usr/lib/gcc/arm-none-eabi/9.2.1/../../../arm-none-eabi/lib/thumb/v6-m/nofp/crt0.o
LOAD CMakeFiles/SmartFarmST32.dir/src/board_io.cpp.obj
LOAD CMakeFiles/SmartFarmST32.dir/src/checksum.cpp.obj
LOAD CMakeFiles/SmartFarmST32.dir/src/control_interface_board.cpp.obj
LOAD CMakeFiles/SmartFarmST32.dir/src/firmware_manager.cpp.obj
LOAD CMakeFiles/SmartFarmST32.dir/src/gps_parser.cpp.obj
LOAD CMakeFiles/SmartFarmST32.dir/src/main.cpp.obj
LOAD CMakeFiles/SmartFarmST32.dir/src/mxc6655.cpp.obj
LOAD CMakeFiles/SmartFarmST32.dir/src/onboard_packet_hadnler.cpp.obj
LOAD CMakeFiles/SmartFarmST32.dir/src/packet_manager.cpp.obj
LOAD CMakeFiles/SmartFarmST32.dir/src/protocol.cpp.obj
LOAD CMakeFiles/SmartFarmST32.dir/src/sensor_interface_board.cpp.obj
LOAD CMakeFiles/SmartFarmST32.dir/src/stm32g0xx_hal_msp.c.obj
LOAD CMakeFiles/SmartFarmST32.dir/src/stm32g0xx_it.c.obj
LOAD CMakeFiles/SmartFarmST32.dir/src/system_config.cpp.obj
LOAD CMakeFiles/SmartFarmST32.dir/src/tla2528.cpp.obj
LOAD CMakeFiles/SmartFarmST32.dir/src/util.cpp.obj
LOAD lib/stm32g0-hal/CMakeFiles/stm32g0-hal.dir/src/startup_stm32g0c1ketx.s.obj
LOAD lib/stm32g0-hal/CMakeFiles/stm32g0-hal.dir/src/syscalls.c.obj
LOAD lib/stm32g0-hal/CMakeFiles/stm32g0-hal.dir/src/sysmem.c.obj
LOAD lib/stm32g0-hal/CMakeFiles/stm32g0-hal.dir/src/system_stm32g0xx.c.obj
LOAD lib/stm32g0-hal/CMakeFiles/stm32g0-hal.dir/lib/STM32G0xx_HAL_Driver/Src/stm32g0xx_hal.c.obj
LOAD lib/stm32g0-hal/CMakeFiles/stm32g0-hal.dir/lib/STM32G0xx_HAL_Driver/Src/stm32g0xx_hal_cortex.c.obj
LOAD lib/stm32g0-hal/CMakeFiles/stm32g0-hal.dir/lib/STM32G0xx_HAL_Driver/Src/stm32g0xx_hal_crc.c.obj
LOAD lib/stm32g0-hal/CMakeFiles/stm32g0-hal.dir/lib/STM32G0xx_HAL_Driver/Src/stm32g0xx_hal_crc_ex.c.obj
LOAD lib/stm32g0-hal/CMakeFiles/stm32g0-hal.dir/lib/STM32G0xx_HAL_Driver/Src/stm32g0xx_hal_dac.c.obj
LOAD lib/stm32g0-hal/CMakeFiles/stm32g0-hal.dir/lib/STM32G0xx_HAL_Driver/Src/stm32g0xx_hal_dac_ex.c.obj
LOAD lib/stm32g0-hal/CMakeFiles/stm32g0-hal.dir/lib/STM32G0xx_HAL_Driver/Src/stm32g0xx_hal_dma.c.obj
LOAD lib/stm32g0-hal/CMakeFiles/stm32g0-hal.dir/lib/STM32G0xx_HAL_Driver/Src/stm32g0xx_hal_dma_ex.c.obj
LOAD lib/stm32g0-hal/CMakeFiles/stm32g0-hal.dir/lib/STM32G0xx_HAL_Driver/Src/stm32g0xx_hal_exti.c.obj
LOAD lib/stm32g0-hal/CMakeFiles/stm32g0-hal.dir/lib/STM32G0xx_HAL_Driver/Src/stm32g0xx_hal_fdcan.c.obj
LOAD lib/stm32g0-hal/CMakeFiles/stm32g0-hal.dir/lib/STM32G0xx_HAL_Driver/Src/stm32g0xx_hal_flash.c.obj
LOAD lib/stm32g0-hal/CMakeFiles/stm32g0-hal.dir/lib/STM32G0xx_HAL_Driver/Src/stm32g0xx_hal_flash_ex.c.obj
LOAD lib/stm32g0-hal/CMakeFiles/stm32g0-hal.dir/lib/STM32G0xx_HAL_Driver/Src/stm32g0xx_hal_gpio.c.obj
LOAD lib/stm32g0-hal/CMakeFiles/stm32g0-hal.dir/lib/STM32G0xx_HAL_Driver/Src/stm32g0xx_hal_i2c.c.obj
LOAD lib/stm32g0-hal/CMakeFiles/stm32g0-hal.dir/lib/STM32G0xx_HAL_Driver/Src/stm32g0xx_hal_i2c_ex.c.obj
LOAD lib/stm32g0-hal/CMakeFiles/stm32g0-hal.dir/lib/STM32G0xx_HAL_Driver/Src/stm32g0xx_hal_iwdg.c.obj
LOAD lib/stm32g0-hal/CMakeFiles/stm32g0-hal.dir/lib/STM32G0xx_HAL_Driver/Src/stm32g0xx_hal_pwr.c.obj
LOAD lib/stm32g0-hal/CMakeFiles/stm32g0-hal.dir/lib/STM32G0xx_HAL_Driver/Src/stm32g0xx_hal_pwr_ex.c.obj
LOAD lib/stm32g0-hal/CMakeFiles/stm32g0-hal.dir/lib/STM32G0xx_HAL_Driver/Src/stm32g0xx_hal_rcc.c.obj
LOAD lib/stm32g0-hal/CMakeFiles/stm32g0-hal.dir/lib/STM32G0xx_HAL_Driver/Src/stm32g0xx_hal_rcc_ex.c.obj
LOAD lib/stm32g0-hal/CMakeFiles/stm32g0-hal.dir/lib/STM32G0xx_HAL_Driver/Src/stm32g0xx_hal_rtc.c.obj
LOAD lib/stm32g0-hal/CMakeFiles/stm32g0-hal.dir/lib/STM32G0xx_HAL_Driver/Src/stm32g0xx_hal_rtc_ex.c.obj
LOAD lib/stm32g0-hal/CMakeFiles/stm32g0-hal.dir/lib/STM32G0xx_HAL_Driver/Src/stm32g0xx_hal_spi.c.obj
LOAD lib/stm32g0-hal/CMakeFiles/stm32g0-hal.dir/lib/STM32G0xx_HAL_Driver/Src/stm32g0xx_hal_spi_ex.c.obj
LOAD lib/stm32g0-hal/CMakeFiles/stm32g0-hal.dir/lib/STM32G0xx_HAL_Driver/Src/stm32g0xx_hal_tim.c.obj
LOAD lib/stm32g0-hal/CMakeFiles/stm32g0-hal.dir/lib/STM32G0xx_HAL_Driver/Src/stm32g0xx_hal_tim_ex.c.obj
LOAD lib/stm32g0-hal/CMakeFiles/stm32g0-hal.dir/lib/STM32G0xx_HAL_Driver/Src/stm32g0xx_hal_uart.c.obj
LOAD lib/stm32g0-hal/CMakeFiles/stm32g0-hal.dir/lib/STM32G0xx_HAL_Driver/Src/stm32g0xx_hal_uart_ex.c.obj
LOAD lib/stm32g0-hal/CMakeFiles/stm32g0-hal.dir/lib/STM32G0xx_HAL_Driver/Src/stm32g0xx_ll_dma.c.obj
LOAD lib/stm32g0-hal/CMakeFiles/stm32g0-hal.dir/lib/STM32G0xx_HAL_Driver/Src/stm32g0xx_ll_rcc.c.obj
LOAD lib/segger-rtt/CMakeFiles/segger_rtt.dir/src/SEGGER_RTT.c.obj
LOAD lib/segger-rtt/CMakeFiles/segger_rtt.dir/src/SEGGER_RTT_Syscalls_GCC.c.obj
LOAD lib/segger-rtt/CMakeFiles/segger_rtt.dir/src/SEGGER_RTT_printf.c.obj
LOAD /usr/lib/gcc/arm-none-eabi/9.2.1/../../../arm-none-eabi/lib/thumb/v6-m/nofp/libstdc++_nano.a
LOAD /usr/lib/gcc/arm-none-eabi/9.2.1/../../../arm-none-eabi/lib/thumb/v6-m/nofp/libm.a
START GROUP
LOAD /usr/lib/gcc/arm-none-eabi/9.2.1/thumb/v6-m/nofp/libgcc.a
LOAD /usr/lib/gcc/arm-none-eabi/9.2.1/../../../arm-none-eabi/lib/thumb/v6-m/nofp/libc_nano.a
END GROUP
START GROUP
LOAD /usr/lib/gcc/arm-none-eabi/9.2.1/thumb/v6-m/nofp/libgcc.a
LOAD /usr/lib/gcc/arm-none-eabi/9.2.1/../../../arm-none-eabi/lib/thumb/v6-m/nofp/libc_nano.a
END GROUP
LOAD /usr/lib/gcc/arm-none-eabi/9.2.1/thumb/v6-m/nofp/crtend.o
LOAD /usr/lib/gcc/arm-none-eabi/9.2.1/thumb/v6-m/nofp/crtn.o
                0x0000000020024000                _estack = (ORIGIN (RAM) + LENGTH (RAM))
                0x0000000000000200                _Min_Heap_Size = 0x200
                0x0000000000000400                _Min_Stack_Size = 0x400
                0x000000000003e000                PROVIDE (__firmware_size = LENGTH (FLASH))
                0x0000000008000000                PROVIDE (__flash_start_address = ORIGIN (BOOTLOADER))
                0x0000000008003800                PROVIDE (__main_firmware_start_address = ORIGIN (FLASH))
                0x0000000008041800                PROVIDE (__downloaded_firmware_start_address = ORIGIN (DOWNLOADED_FW))
                0x000000000807f800                PROVIDE (__config_start_address = ORIGIN (CONFIG))

.isr_vector     0x0000000008003800       0xc0
                0x0000000008003800                . = ALIGN (0x4)
 *(.isr_vector)
 .isr_vector    0x0000000008003800       0xc0 lib/stm32g0-hal/CMakeFiles/stm32g0-hal.dir/src/startup_stm32g0c1ketx.s.obj
                0x0000000008003800                g_pfnVectors
                0x00000000080038c0                . = ALIGN (0x4)

.text           0x00000000080038c0     0xef14
                0x00000000080038c0                . = ALIGN (0x4)
 *(.text)
 .text          0x00000000080038c0       0x98 /usr/lib/gcc/arm-none-eabi/9.2.1/thumb/v6-m/nofp/crtbegin.o
 .text          0x0000000008003958        0x8 /usr/lib/gcc/arm-none-eabi/9.2.1/../../../arm-none-eabi/lib/thumb/v6-m/nofp/libm.a(lib_a-wf_atan2.o)
                0x0000000008003958                atan2f
 .text          0x0000000008003960       0x48 /usr/lib/gcc/arm-none-eabi/9.2.1/../../../arm-none-eabi/lib/thumb/v6-m/nofp/libm.a(lib_a-wf_sqrt.o)
                0x0000000008003960                sqrtf
 .text          0x00000000080039a8      0x120 /usr/lib/gcc/arm-none-eabi/9.2.1/../../../arm-none-eabi/lib/thumb/v6-m/nofp/libm.a(lib_a-ef_atan2.o)
                0x00000000080039a8                __ieee754_atan2f
 .text          0x0000000008003ac8       0xb4 /usr/lib/gcc/arm-none-eabi/9.2.1/../../../arm-none-eabi/lib/thumb/v6-m/nofp/libm.a(lib_a-ef_sqrt.o)
                0x0000000008003ac8                __ieee754_sqrtf
 .text          0x0000000008003b7c      0x224 /usr/lib/gcc/arm-none-eabi/9.2.1/../../../arm-none-eabi/lib/thumb/v6-m/nofp/libm.a(lib_a-sf_atan.o)
                0x0000000008003b7c                atanf
 .text          0x0000000008003da0        0x8 /usr/lib/gcc/arm-none-eabi/9.2.1/../../../arm-none-eabi/lib/thumb/v6-m/nofp/libm.a(lib_a-sf_fabs.o)
                0x0000000008003da0                fabsf
 .text          0x0000000008003da8       0x14 /usr/lib/gcc/arm-none-eabi/9.2.1/thumb/v6-m/nofp/libgcc.a(_thumb1_case_uqi.o)
                0x0000000008003da8                __gnu_thumb1_case_uqi
 .text          0x0000000008003dbc       0x14 /usr/lib/gcc/arm-none-eabi/9.2.1/thumb/v6-m/nofp/libgcc.a(_thumb1_case_shi.o)
                0x0000000008003dbc                __gnu_thumb1_case_shi
 .text          0x0000000008003dd0      0x114 /usr/lib/gcc/arm-none-eabi/9.2.1/thumb/v6-m/nofp/libgcc.a(_udivsi3.o)
                0x0000000008003dd0                __udivsi3
                0x0000000008003dd0                __aeabi_uidiv
                0x0000000008003edc                __aeabi_uidivmod
 .text          0x0000000008003ee4      0x1d4 /usr/lib/gcc/arm-none-eabi/9.2.1/thumb/v6-m/nofp/libgcc.a(_divsi3.o)
                0x0000000008003ee4                __aeabi_idiv
                0x0000000008003ee4                __divsi3
                0x00000000080040b0                __aeabi_idivmod
 .text          0x00000000080040b8        0x4 /usr/lib/gcc/arm-none-eabi/9.2.1/thumb/v6-m/nofp/libgcc.a(_dvmd_tls.o)
                0x00000000080040b8                __aeabi_ldiv0
                0x00000000080040b8                __aeabi_idiv0
 .text          0x00000000080040bc       0x7c /usr/lib/gcc/arm-none-eabi/9.2.1/thumb/v6-m/nofp/libgcc.a(_arm_cmpdf2.o)
                0x00000000080040bc                __aeabi_cdrcmple
                0x00000000080040cc                __aeabi_cdcmple
                0x00000000080040cc                __aeabi_cdcmpeq
                0x00000000080040dc                __aeabi_dcmpeq
                0x00000000080040e8                __aeabi_dcmplt
                0x00000000080040fc                __aeabi_dcmple
                0x0000000008004110                __aeabi_dcmpgt
                0x0000000008004124                __aeabi_dcmpge
 .text          0x0000000008004138       0x74 /usr/lib/gcc/arm-none-eabi/9.2.1/thumb/v6-m/nofp/libgcc.a(_arm_cmpsf2.o)
                0x0000000008004138                __aeabi_cfrcmple
                0x0000000008004140                __aeabi_cfcmple
                0x0000000008004140                __aeabi_cfcmpeq
                0x0000000008004150                __aeabi_fcmpeq
                0x000000000800415c                __aeabi_fcmplt
                0x0000000008004170                __aeabi_fcmple
                0x0000000008004184                __aeabi_fcmpgt
                0x0000000008004198                __aeabi_fcmpge
 .text          0x00000000080041ac       0x40 /usr/lib/gcc/arm-none-eabi/9.2.1/thumb/v6-m/nofp/libgcc.a(_aeabi_uldivmod.o)
                0x00000000080041ac                __aeabi_uldivmod
 .text          0x00000000080041ec       0x30 /usr/lib/gcc/arm-none-eabi/9.2.1/thumb/v6-m/nofp/libgcc.a(_fixunssfsi.o)
                0x00000000080041ec                __aeabi_f2uiz
                0x00000000080041ec                __fixunssfsi
 .text          0x000000000800421c       0x3c /usr/lib/gcc/arm-none-eabi/9.2.1/thumb/v6-m/nofp/libgcc.a(_fixunsdfsi.o)
                0x000000000800421c                __fixunsdfsi
                0x000000000800421c                __aeabi_d2uiz
 .text          0x0000000008004258      0x198 /usr/lib/gcc/arm-none-eabi/9.2.1/thumb/v6-m/nofp/libgcc.a(_udivmoddi4.o)
                0x0000000008004258                __udivmoddi4
 .text          0x00000000080043f0      0x338 /usr/lib/gcc/arm-none-eabi/9.2.1/thumb/v6-m/nofp/libgcc.a(addsf3.o)
                0x00000000080043f0                __aeabi_fadd
 .text          0x0000000008004728      0x218 /usr/lib/gcc/arm-none-eabi/9.2.1/thumb/v6-m/nofp/libgcc.a(divsf3.o)
                0x0000000008004728                __aeabi_fdiv
 .text          0x0000000008004940       0x50 /usr/lib/gcc/arm-none-eabi/9.2.1/thumb/v6-m/nofp/libgcc.a(eqsf2.o)
                0x0000000008004940                __nesf2
                0x0000000008004940                __eqsf2
 .text          0x0000000008004990       0x98 /usr/lib/gcc/arm-none-eabi/9.2.1/thumb/v6-m/nofp/libgcc.a(gesf2.o)
                0x0000000008004990                __gtsf2
                0x0000000008004990                __gesf2
 .text          0x0000000008004a28       0x94 /usr/lib/gcc/arm-none-eabi/9.2.1/thumb/v6-m/nofp/libgcc.a(lesf2.o)
                0x0000000008004a28                __lesf2
                0x0000000008004a28                __ltsf2
 .text          0x0000000008004abc      0x234 /usr/lib/gcc/arm-none-eabi/9.2.1/thumb/v6-m/nofp/libgcc.a(mulsf3.o)
                0x0000000008004abc                __aeabi_fmul
 .text          0x0000000008004cf0      0x390 /usr/lib/gcc/arm-none-eabi/9.2.1/thumb/v6-m/nofp/libgcc.a(subsf3.o)
                0x0000000008004cf0                __aeabi_fsub
 .text          0x0000000008005080       0x2c /usr/lib/gcc/arm-none-eabi/9.2.1/thumb/v6-m/nofp/libgcc.a(unordsf2.o)
                0x0000000008005080                __aeabi_fcmpun
 .text          0x00000000080050ac       0x40 /usr/lib/gcc/arm-none-eabi/9.2.1/thumb/v6-m/nofp/libgcc.a(fixsfsi.o)
                0x00000000080050ac                __aeabi_f2iz
 .text          0x00000000080050ec       0x8c /usr/lib/gcc/arm-none-eabi/9.2.1/thumb/v6-m/nofp/libgcc.a(floatsisf.o)
                0x00000000080050ec                __aeabi_i2f
 .text          0x0000000008005178       0x78 /usr/lib/gcc/arm-none-eabi/9.2.1/thumb/v6-m/nofp/libgcc.a(floatunsisf.o)
                0x0000000008005178                __aeabi_ui2f
 .text          0x00000000080051f0      0x6d4 /usr/lib/gcc/arm-none-eabi/9.2.1/thumb/v6-m/nofp/libgcc.a(adddf3.o)
                0x00000000080051f0                __aeabi_dadd
 .text          0x00000000080058c4      0x5d0 /usr/lib/gcc/arm-none-eabi/9.2.1/thumb/v6-m/nofp/libgcc.a(divdf3.o)
                0x00000000080058c4                __aeabi_ddiv
 .text          0x0000000008005e94       0x78 /usr/lib/gcc/arm-none-eabi/9.2.1/thumb/v6-m/nofp/libgcc.a(eqdf2.o)
                0x0000000008005e94                __eqdf2
                0x0000000008005e94                __nedf2
 .text          0x0000000008005f0c       0xe4 /usr/lib/gcc/arm-none-eabi/9.2.1/thumb/v6-m/nofp/libgcc.a(gedf2.o)
                0x0000000008005f0c                __gtdf2
                0x0000000008005f0c                __gedf2
 .text          0x0000000008005ff0       0xe0 /usr/lib/gcc/arm-none-eabi/9.2.1/thumb/v6-m/nofp/libgcc.a(ledf2.o)
                0x0000000008005ff0                __ltdf2
                0x0000000008005ff0                __ledf2
 .text          0x00000000080060d0      0x4d8 /usr/lib/gcc/arm-none-eabi/9.2.1/thumb/v6-m/nofp/libgcc.a(muldf3.o)
                0x00000000080060d0                __aeabi_dmul
 .text          0x00000000080065a8      0x724 /usr/lib/gcc/arm-none-eabi/9.2.1/thumb/v6-m/nofp/libgcc.a(subdf3.o)
                0x00000000080065a8                __aeabi_dsub
 .text          0x0000000008006ccc       0x6c /usr/lib/gcc/arm-none-eabi/9.2.1/thumb/v6-m/nofp/libgcc.a(fixdfsi.o)
                0x0000000008006ccc                __aeabi_d2iz
 .text          0x0000000008006d38       0x60 /usr/lib/gcc/arm-none-eabi/9.2.1/thumb/v6-m/nofp/libgcc.a(floatsidf.o)
                0x0000000008006d38                __aeabi_i2d
 .text          0x0000000008006d98       0x90 /usr/lib/gcc/arm-none-eabi/9.2.1/thumb/v6-m/nofp/libgcc.a(extendsfdf2.o)
                0x0000000008006d98                __aeabi_f2d
 .text          0x0000000008006e28      0x110 /usr/lib/gcc/arm-none-eabi/9.2.1/thumb/v6-m/nofp/libgcc.a(truncdfsf2.o)
                0x0000000008006e28                __aeabi_d2f
 .text          0x0000000008006f38       0x3c /usr/lib/gcc/arm-none-eabi/9.2.1/thumb/v6-m/nofp/libgcc.a(_clzsi2.o)
                0x0000000008006f38                __clzsi2
 .text          0x0000000008006f74       0x18 /usr/lib/gcc/arm-none-eabi/9.2.1/thumb/v6-m/nofp/libgcc.a(_clzdi2.o)
                0x0000000008006f74                __clzdi2
 .text          0x0000000008006f8c       0x10 /usr/lib/gcc/arm-none-eabi/9.2.1/../../../arm-none-eabi/lib/thumb/v6-m/nofp/libc_nano.a(lib_a-abort.o)
                0x0000000008006f8c                abort
 .text          0x0000000008006f9c        0xc /usr/lib/gcc/arm-none-eabi/9.2.1/../../../arm-none-eabi/lib/thumb/v6-m/nofp/libc_nano.a(lib_a-atof.o)
                0x0000000008006f9c                atof
 .text          0x0000000008006fa8        0xc /usr/lib/gcc/arm-none-eabi/9.2.1/../../../arm-none-eabi/lib/thumb/v6-m/nofp/libc_nano.a(lib_a-errno.o)
                0x0000000008006fa8                __errno
 .text          0x0000000008006fb4       0x44 /usr/lib/gcc/arm-none-eabi/9.2.1/../../../arm-none-eabi/lib/thumb/v6-m/nofp/libc_nano.a(lib_a-init.o)
                0x0000000008006fb4                __libc_init_array
 .text          0x0000000008006ff8       0x28 /usr/lib/gcc/arm-none-eabi/9.2.1/../../../arm-none-eabi/lib/thumb/v6-m/nofp/libc_nano.a(lib_a-malloc.o)
                0x0000000008006ff8                malloc
                0x000000000800700c                free
 .text          0x0000000008007020       0xa8 /usr/lib/gcc/arm-none-eabi/9.2.1/../../../arm-none-eabi/lib/thumb/v6-m/nofp/libc_nano.a(lib_a-memcpy-stub.o)
                0x0000000008007020                memcpy
 .text          0x00000000080070c8       0xa8 /usr/lib/gcc/arm-none-eabi/9.2.1/../../../arm-none-eabi/lib/thumb/v6-m/nofp/libc_nano.a(lib_a-memset.o)
                0x00000000080070c8                memset
 .text          0x0000000008007170       0xac /usr/lib/gcc/arm-none-eabi/9.2.1/../../../arm-none-eabi/lib/thumb/v6-m/nofp/libc_nano.a(lib_a-nano-freer.o)
                0x0000000008007170                _free_r
 .text          0x000000000800721c       0xcc /usr/lib/gcc/arm-none-eabi/9.2.1/../../../arm-none-eabi/lib/thumb/v6-m/nofp/libc_nano.a(lib_a-nano-mallocr.o)
                0x000000000800721c                _malloc_r
 .text          0x00000000080072e8      0x7b8 /usr/lib/gcc/arm-none-eabi/9.2.1/../../../arm-none-eabi/lib/thumb/v6-m/nofp/libc_nano.a(lib_a-nano-vfprintf_float.o)
                0x00000000080072e8                __cvt
                0x00000000080073f8                __exponent
                0x000000000800748c                _printf_float
 .text          0x0000000008007aa0      0x3d8 /usr/lib/gcc/arm-none-eabi/9.2.1/../../../arm-none-eabi/lib/thumb/v6-m/nofp/libc_nano.a(lib_a-nano-vfprintf_i.o)
                0x0000000008007aa0                _printf_common
                0x0000000008007bd0                _printf_i
 .text          0x0000000008007e78       0x68 /usr/lib/gcc/arm-none-eabi/9.2.1/../../../arm-none-eabi/lib/thumb/v6-m/nofp/libc_nano.a(lib_a-printf.o)
                0x0000000008007e78                _printf_r
                0x0000000008007e78                _iprintf_r
                0x0000000008007ea8                printf
                0x0000000008007ea8                iprintf
 .text          0x0000000008007ee0       0xec /usr/lib/gcc/arm-none-eabi/9.2.1/../../../arm-none-eabi/lib/thumb/v6-m/nofp/libc_nano.a(lib_a-puts.o)
                0x0000000008007ee0                _puts_r
                0x0000000008007fb8                puts
 .text          0x0000000008007fcc       0x24 /usr/lib/gcc/arm-none-eabi/9.2.1/../../../arm-none-eabi/lib/thumb/v6-m/nofp/libc_nano.a(lib_a-sbrkr.o)
                0x0000000008007fcc                _sbrk_r
 .text          0x0000000008007ff0       0x14 /usr/lib/gcc/arm-none-eabi/9.2.1/../../../arm-none-eabi/lib/thumb/v6-m/nofp/libc_nano.a(lib_a-setbuf.o)
                0x0000000008007ff0                setbuf
 .text          0x0000000008008004      0x188 /usr/lib/gcc/arm-none-eabi/9.2.1/../../../arm-none-eabi/lib/thumb/v6-m/nofp/libc_nano.a(lib_a-setvbuf.o)
                0x0000000008008004                setvbuf
 .text          0x000000000800818c      0x178 /usr/lib/gcc/arm-none-eabi/9.2.1/../../../arm-none-eabi/lib/thumb/v6-m/nofp/libc_nano.a(lib_a-signal.o)
                0x00000000080081b4                _init_signal_r
                0x00000000080081cc                _signal_r
                0x0000000008008204                _raise_r
                0x000000000800825c                __sigtramp_r
                0x00000000080082a8                raise
                0x00000000080082bc                signal
                0x00000000080082d4                _init_signal
                0x00000000080082f0                __sigtramp
 .text          0x0000000008008304       0x30 /usr/lib/gcc/arm-none-eabi/9.2.1/../../../arm-none-eabi/lib/thumb/v6-m/nofp/libc_nano.a(lib_a-signalr.o)
                0x0000000008008304                _kill_r
                0x000000000800832c                _getpid_r
 .text          0x0000000008008334       0x68 /usr/lib/gcc/arm-none-eabi/9.2.1/../../../arm-none-eabi/lib/thumb/v6-m/nofp/libc_nano.a(lib_a-strlen-stub.o)
                0x0000000008008334                strlen
 .text          0x000000000800839c       0x94 /usr/lib/gcc/arm-none-eabi/9.2.1/../../../arm-none-eabi/lib/thumb/v6-m/nofp/libc_nano.a(lib_a-strncmp.o)
                0x000000000800839c                strncmp
 .text          0x0000000008008430     0x10b8 /usr/lib/gcc/arm-none-eabi/9.2.1/../../../arm-none-eabi/lib/thumb/v6-m/nofp/libc_nano.a(lib_a-strtod.o)
                0x0000000008008460                _strtod_l
                0x0000000008009340                _strtod_r
                0x0000000008009350                strtod_l
                0x0000000008009368                strtod
                0x0000000008009384                strtof_l
                0x0000000008009434                strtof
 .text          0x00000000080094e8      0x184 /usr/lib/gcc/arm-none-eabi/9.2.1/../../../arm-none-eabi/lib/thumb/v6-m/nofp/libc_nano.a(lib_a-strtol.o)
                0x0000000008009634                _strtol_r
                0x000000000800963c                strtol_l
                0x0000000008009654                strtol
 .text          0x000000000800966c       0xec /usr/lib/gcc/arm-none-eabi/9.2.1/../../../arm-none-eabi/lib/thumb/v6-m/nofp/libc_nano.a(lib_a-wbuf.o)
                0x000000000800966c                __swbuf_r
                0x0000000008009740                __swbuf
 .text          0x0000000008009758      0x10c /usr/lib/gcc/arm-none-eabi/9.2.1/../../../arm-none-eabi/lib/thumb/v6-m/nofp/libc_nano.a(lib_a-wsetup.o)
                0x0000000008009758                __swsetup_r
 .text          0x0000000008009864     0x116c /usr/lib/gcc/arm-none-eabi/9.2.1/../../../arm-none-eabi/lib/thumb/v6-m/nofp/libc_nano.a(lib_a-dtoa.o)
                0x00000000080099b8                _dtoa_r
 .text          0x000000000800a9d0      0x1b8 /usr/lib/gcc/arm-none-eabi/9.2.1/../../../arm-none-eabi/lib/thumb/v6-m/nofp/libc_nano.a(lib_a-fflush.o)
                0x000000000800a9d0                __sflush_r
                0x000000000800ab04                _fflush_r
                0x000000000800ab60                fflush
 .text          0x000000000800ab88      0x240 /usr/lib/gcc/arm-none-eabi/9.2.1/../../../arm-none-eabi/lib/thumb/v6-m/nofp/libc_nano.a(lib_a-findfp.o)
                0x000000000800ab8c                _cleanup_r
                0x000000000800aba0                __sfmoreglue
                0x000000000800abd0                __sfp
                0x000000000800ad60                _cleanup
                0x000000000800ad78                __sinit
                0x000000000800ad88                __sfp_lock_acquire
                0x000000000800ad8c                __sfp_lock_release
                0x000000000800ad90                __sinit_lock_acquire
                0x000000000800ad94                __sinit_lock_release
                0x000000000800ad98                __fp_lock_all
                0x000000000800adb0                __fp_unlock_all
 .text          0x000000000800adc8       0x90 /usr/lib/gcc/arm-none-eabi/9.2.1/../../../arm-none-eabi/lib/thumb/v6-m/nofp/libc_nano.a(lib_a-fwalk.o)
                0x000000000800adc8                _fwalk
                0x000000000800ae0c                _fwalk_reent
 .text          0x000000000800ae58      0x634 /usr/lib/gcc/arm-none-eabi/9.2.1/../../../arm-none-eabi/lib/thumb/v6-m/nofp/libc_nano.a(lib_a-gdtoa-gethex.o)
                0x000000000800aefc                __gethex
 .text          0x000000000800b48c      0x1d8 /usr/lib/gcc/arm-none-eabi/9.2.1/../../../arm-none-eabi/lib/thumb/v6-m/nofp/libc_nano.a(lib_a-gdtoa-hexnan.o)
                0x000000000800b48c                __match
                0x000000000800b4b8                __hexnan
 .text          0x000000000800b664       0x14 /usr/lib/gcc/arm-none-eabi/9.2.1/../../../arm-none-eabi/lib/thumb/v6-m/nofp/libc_nano.a(lib_a-localeconv.o)
                0x000000000800b664                __localeconv_l
                0x000000000800b668                _localeconv_r
                0x000000000800b670                localeconv
 .text          0x000000000800b678       0xe0 /usr/lib/gcc/arm-none-eabi/9.2.1/../../../arm-none-eabi/lib/thumb/v6-m/nofp/libc_nano.a(lib_a-makebuf.o)
                0x000000000800b678                __swhatbuf_r
                0x000000000800b6c8                __smakebuf_r
 .text          0x000000000800b758       0x44 /usr/lib/gcc/arm-none-eabi/9.2.1/../../../arm-none-eabi/lib/thumb/v6-m/nofp/libc_nano.a(lib_a-mbtowc_r.o)
                0x000000000800b758                _mbtowc_r
                0x000000000800b770                __ascii_mbtowc
 .text          0x000000000800b79c       0x80 /usr/lib/gcc/arm-none-eabi/9.2.1/../../../arm-none-eabi/lib/thumb/v6-m/nofp/libc_nano.a(lib_a-memchr-stub.o)
                0x000000000800b79c                memchr
 .text          0x000000000800b81c        0x8 /usr/lib/gcc/arm-none-eabi/9.2.1/../../../arm-none-eabi/lib/thumb/v6-m/nofp/libc_nano.a(lib_a-mlock.o)
                0x000000000800b81c                __malloc_lock
                0x000000000800b820                __malloc_unlock
 .text          0x000000000800b824      0xac4 /usr/lib/gcc/arm-none-eabi/9.2.1/../../../arm-none-eabi/lib/thumb/v6-m/nofp/libc_nano.a(lib_a-mprec.o)
                0x000000000800b824                _Balloc
                0x000000000800b8a8                _Bfree
                0x000000000800b8f4                __multadd
                0x000000000800b99c                __s2b
                0x000000000800ba48                __hi0bits
                0x000000000800ba80                __lo0bits
                0x000000000800badc                __i2b
                0x000000000800bb08                __multiply
                0x000000000800bc94                __pow5mult
                0x000000000800bd74                __lshift
                0x000000000800be54                __mcmp
                0x000000000800be88                __mdiff
                0x000000000800bfd0                __ulp
                0x000000000800c018                __b2d
                0x000000000800c0d0                __d2b
                0x000000000800c1a8                __ratio
                0x000000000800c21c                _mprec_log10
                0x000000000800c250                __copybits
                0x000000000800c290                __any_on
 .text          0x000000000800c2e8       0x1c /usr/lib/gcc/arm-none-eabi/9.2.1/../../../arm-none-eabi/lib/thumb/v6-m/nofp/libc_nano.a(lib_a-nano-callocr.o)
                0x000000000800c2e8                _calloc_r
 .text          0x000000000800c304      0x384 /usr/lib/gcc/arm-none-eabi/9.2.1/../../../arm-none-eabi/lib/thumb/v6-m/nofp/libc_nano.a(lib_a-nano-vfprintf.o)
                0x000000000800c32c                __sfputs_r
                0x000000000800c358                __sprint_r
                0x000000000800c374                _vfiprintf_r
                0x000000000800c374                _vfprintf_r
                0x000000000800c670                vfiprintf
                0x000000000800c670                vfprintf
 .text          0x000000000800c688        0xc /usr/lib/gcc/arm-none-eabi/9.2.1/../../../arm-none-eabi/lib/thumb/v6-m/nofp/libc_nano.a(lib_a-s_nan.o)
                0x000000000800c688                nan
 .text          0x000000000800c694        0x8 /usr/lib/gcc/arm-none-eabi/9.2.1/../../../arm-none-eabi/lib/thumb/v6-m/nofp/libc_nano.a(lib_a-sf_nan.o)
                0x000000000800c694                nanf
 .text          0x000000000800c69c       0xa4 /usr/lib/gcc/arm-none-eabi/9.2.1/../../../arm-none-eabi/lib/thumb/v6-m/nofp/libc_nano.a(lib_a-stdio.o)
                0x000000000800c69c                __sread
                0x000000000800c6c4                __seofread
                0x000000000800c6c8                __swrite
                0x000000000800c708                __sseek
                0x000000000800c734                __sclose
 .text          0x000000000800c740       0x2c /usr/lib/gcc/arm-none-eabi/9.2.1/../../../arm-none-eabi/lib/thumb/v6-m/nofp/libc_nano.a(lib_a-wctomb_r.o)
                0x000000000800c740                _wctomb_r
                0x000000000800c750                __ascii_wctomb
 .text          0x000000000800c76c       0x4c /usr/lib/gcc/arm-none-eabi/9.2.1/../../../arm-none-eabi/lib/thumb/v6-m/nofp/libc_nano.a(lib_a-assert.o)
                0x000000000800c76c                __assert_func
                0x000000000800c7ac                __assert
 .text          0x000000000800c7b8       0x24 /usr/lib/gcc/arm-none-eabi/9.2.1/../../../arm-none-eabi/lib/thumb/v6-m/nofp/libc_nano.a(lib_a-closer.o)
                0x000000000800c7b8                _close_r
 .text          0x000000000800c7dc       0x3c /usr/lib/gcc/arm-none-eabi/9.2.1/../../../arm-none-eabi/lib/thumb/v6-m/nofp/libc_nano.a(lib_a-fprintf.o)
                0x000000000800c7dc                _fprintf_r
                0x000000000800c7dc                _fiprintf_r
                0x000000000800c7f4                fprintf
                0x000000000800c7f4                fiprintf
 .text          0x000000000800c818       0x28 /usr/lib/gcc/arm-none-eabi/9.2.1/../../../arm-none-eabi/lib/thumb/v6-m/nofp/libc_nano.a(lib_a-fstatr.o)
                0x000000000800c818                _fstat_r
 .text          0x000000000800c840      0x320 /usr/lib/gcc/arm-none-eabi/9.2.1/../../../arm-none-eabi/lib/thumb/v6-m/nofp/libc_nano.a(lib_a-fvwrite.o)
                0x000000000800c840                __sfvwrite_r
 .text          0x000000000800cb60       0x24 /usr/lib/gcc/arm-none-eabi/9.2.1/../../../arm-none-eabi/lib/thumb/v6-m/nofp/libc_nano.a(lib_a-isattyr.o)
                0x000000000800cb60                _isatty_r
 .text          0x000000000800cb84       0x28 /usr/lib/gcc/arm-none-eabi/9.2.1/../../../arm-none-eabi/lib/thumb/v6-m/nofp/libc_nano.a(lib_a-lseekr.o)
                0x000000000800cb84                _lseek_r
 .text          0x000000000800cbac       0xbc /usr/lib/gcc/arm-none-eabi/9.2.1/../../../arm-none-eabi/lib/thumb/v6-m/nofp/libc_nano.a(lib_a-memmove.o)
                0x000000000800cbac                memmove
 .text          0x000000000800cc68       0x50 /usr/lib/gcc/arm-none-eabi/9.2.1/../../../arm-none-eabi/lib/thumb/v6-m/nofp/libc_nano.a(lib_a-nano-reallocr.o)
                0x000000000800cc68                _realloc_r
 .text          0x000000000800ccb8       0x28 /usr/lib/gcc/arm-none-eabi/9.2.1/../../../arm-none-eabi/lib/thumb/v6-m/nofp/libc_nano.a(lib_a-readr.o)
                0x000000000800ccb8                _read_r
 .text          0x000000000800cce0       0x14 /usr/lib/gcc/arm-none-eabi/9.2.1/../../../arm-none-eabi/lib/thumb/v6-m/nofp/libc_nano.a(lib_a-nano-msizer.o)
                0x000000000800cce0                _malloc_usable_size_r
 .text          0x000000000800ccf4       0x3c /usr/lib/gcc/arm-none-eabi/9.2.1/thumb/v6-m/nofp/libgcc.a(_fixdfdi.o)
                0x000000000800ccf4                __aeabi_d2lz
                0x000000000800ccf4                __fixdfdi
 .text          0x000000000800cd30       0x3c /usr/lib/gcc/arm-none-eabi/9.2.1/thumb/v6-m/nofp/libgcc.a(_fixunsdfdi.o)
                0x000000000800cd30                __aeabi_d2ulz
                0x000000000800cd30                __fixunsdfdi
 .text          0x000000000800cd6c       0x2c /usr/lib/gcc/arm-none-eabi/9.2.1/thumb/v6-m/nofp/libgcc.a(_floatdidf.o)
                0x000000000800cd6c                __floatdidf
                0x000000000800cd6c                __aeabi_l2d
 .text          0x000000000800cd98       0x3c /usr/lib/gcc/arm-none-eabi/9.2.1/thumb/v6-m/nofp/libgcc.a(unorddf2.o)
                0x000000000800cd98                __aeabi_dcmpun
 .text          0x000000000800cdd4       0x4c /usr/lib/gcc/arm-none-eabi/9.2.1/thumb/v6-m/nofp/libgcc.a(floatunsidf.o)
                0x000000000800cdd4                __aeabi_ui2d
 *(.text*)
 .text._Z10init_Clockv
                0x000000000800ce20      0x104 CMakeFiles/SmartFarmST32.dir/src/board_io.cpp.obj
                0x000000000800ce20                init_Clock()
 .text._Z8init_DACv
                0x000000000800cf24       0x54 CMakeFiles/SmartFarmST32.dir/src/board_io.cpp.obj
                0x000000000800cf24                init_DAC()
 .text._Z8init_I2Cv
                0x000000000800cf78       0x68 CMakeFiles/SmartFarmST32.dir/src/board_io.cpp.obj
                0x000000000800cf78                init_I2C()
 .text._Z9init_UARTv
                0x000000000800cfe0      0x108 CMakeFiles/SmartFarmST32.dir/src/board_io.cpp.obj
                0x000000000800cfe0                init_UART()
 .text._Z13init_Watchdogv
                0x000000000800d0e8       0x2c CMakeFiles/SmartFarmST32.dir/src/board_io.cpp.obj
                0x000000000800d0e8                init_Watchdog()
 .text._Z22set_UART_Receive_Starth
                0x000000000800d114       0x2c CMakeFiles/SmartFarmST32.dir/src/board_io.cpp.obj
                0x000000000800d114                set_UART_Receive_Start(unsigned char)
 .text._Z24set_Watchdog_Timer_Resetv
                0x000000000800d140       0x14 CMakeFiles/SmartFarmST32.dir/src/board_io.cpp.obj
                0x000000000800d140                set_Watchdog_Timer_Reset()
 .text._Z14get_I2C_Handleh
                0x000000000800d154       0x18 CMakeFiles/SmartFarmST32.dir/src/board_io.cpp.obj
                0x000000000800d154                get_I2C_Handle(unsigned char)
 .text._Z15get_UART_Handleh
                0x000000000800d16c       0x18 CMakeFiles/SmartFarmST32.dir/src/board_io.cpp.obj
                0x000000000800d16c                get_UART_Handle(unsigned char)
 .text._Z16get_Accel_Objectv
                0x000000000800d184        0x8 CMakeFiles/SmartFarmST32.dir/src/board_io.cpp.obj
                0x000000000800d184                get_Accel_Object()
 .text._Z24get_Interface_Board_Typev
                0x000000000800d18c        0xc CMakeFiles/SmartFarmST32.dir/src/board_io.cpp.obj
                0x000000000800d18c                get_Interface_Board_Type()
 .text._Z27get_Interface_Board_Versionv
                0x000000000800d198       0x16 CMakeFiles/SmartFarmST32.dir/src/board_io.cpp.obj
                0x000000000800d198                get_Interface_Board_Version()
 *fill*         0x000000000800d1ae        0x2 
 .text._Z18get_P24V_PG_Statusv
                0x000000000800d1b0       0x10 CMakeFiles/SmartFarmST32.dir/src/board_io.cpp.obj
                0x000000000800d1b0                get_P24V_PG_Status()
 .text._Z22get_UART_Received_Byteh
                0x000000000800d1c0       0x14 CMakeFiles/SmartFarmST32.dir/src/board_io.cpp.obj
                0x000000000800d1c0                get_UART_Received_Byte(unsigned char)
 .text._Z14set_Status_LED15STATUS_LED_TYPEb
                0x000000000800d1d4       0x54 CMakeFiles/SmartFarmST32.dir/src/board_io.cpp.obj
                0x000000000800d1d4                set_Status_LED(STATUS_LED_TYPE, bool)
 .text._Z21set_LED_Driver_Enableb
                0x000000000800d228       0x28 CMakeFiles/SmartFarmST32.dir/src/board_io.cpp.obj
                0x000000000800d228                set_LED_Driver_Enable(bool)
 .text._Z20set_LED_Driver_Valuet
                0x000000000800d250       0x5c CMakeFiles/SmartFarmST32.dir/src/board_io.cpp.obj
                0x000000000800d250                set_LED_Driver_Value(unsigned short)
 .text._Z10set_Buzzerb
                0x000000000800d2ac       0x24 CMakeFiles/SmartFarmST32.dir/src/board_io.cpp.obj
                0x000000000800d2ac                set_Buzzer(bool)
 .text._Z9init_GPIOv
                0x000000000800d2d0      0x178 CMakeFiles/SmartFarmST32.dir/src/board_io.cpp.obj
                0x000000000800d2d0                init_GPIO()
 .text._Z15set_DAC_Voltagef
                0x000000000800d448       0x4c CMakeFiles/SmartFarmST32.dir/src/board_io.cpp.obj
                0x000000000800d448                set_DAC_Voltage(float)
 .text._Z13set_GPS_Resetb
                0x000000000800d494       0x1c CMakeFiles/SmartFarmST32.dir/src/board_io.cpp.obj
                0x000000000800d494                set_GPS_Reset(bool)
 .text._Z28set_Isolated_RS485_TX_Enableb
                0x000000000800d4b0       0x1c CMakeFiles/SmartFarmST32.dir/src/board_io.cpp.obj
                0x000000000800d4b0                set_Isolated_RS485_TX_Enable(bool)
 .text._Z17update_Status_LEDv
                0x000000000800d4cc       0x50 CMakeFiles/SmartFarmST32.dir/src/board_io.cpp.obj
                0x000000000800d4cc                update_Status_LED()
 .text.USART1_IRQHandler
                0x000000000800d51c       0x10 CMakeFiles/SmartFarmST32.dir/src/board_io.cpp.obj
                0x000000000800d51c                USART1_IRQHandler
 .text.USART2_LPUART2_IRQHandler
                0x000000000800d52c       0x10 CMakeFiles/SmartFarmST32.dir/src/board_io.cpp.obj
                0x000000000800d52c                USART2_LPUART2_IRQHandler
 .text.USART3_4_5_6_LPUART1_IRQHandler
                0x000000000800d53c       0x18 CMakeFiles/SmartFarmST32.dir/src/board_io.cpp.obj
                0x000000000800d53c                USART3_4_5_6_LPUART1_IRQHandler
 .text.startup._GLOBAL__sub_I_Error_Handler
                0x000000000800d554       0x14 CMakeFiles/SmartFarmST32.dir/src/board_io.cpp.obj
 .text._Z16get_XOR_ChecksumPhth
                0x000000000800d568       0x18 CMakeFiles/SmartFarmST32.dir/src/checksum.cpp.obj
                0x000000000800d568                get_XOR_Checksum(unsigned char*, unsigned short, unsigned char)
 .text._ZN23Control_Interface_Board4initEv
                0x000000000800d580       0x84 CMakeFiles/SmartFarmST32.dir/src/control_interface_board.cpp.obj
                0x000000000800d580                Control_Interface_Board::init()
 .text._ZN23Control_Interface_Board24set_DI_Threshold_VoltageENS_12DI_THRESHOLDE
                0x000000000800d604       0x34 CMakeFiles/SmartFarmST32.dir/src/control_interface_board.cpp.obj
                0x000000000800d604                Control_Interface_Board::set_DI_Threshold_Voltage(Control_Interface_Board::DI_THRESHOLD)
 .text._ZN23Control_Interface_Board13set_DO_StatusEhb
                0x000000000800d638       0x4c CMakeFiles/SmartFarmST32.dir/src/control_interface_board.cpp.obj
                0x000000000800d638                Control_Interface_Board::set_DO_Status(unsigned char, bool)
 .text._ZN23Control_Interface_Board13get_DI_StatusEh
                0x000000000800d684       0x24 CMakeFiles/SmartFarmST32.dir/src/control_interface_board.cpp.obj
                0x000000000800d684                Control_Interface_Board::get_DI_Status(unsigned char)
 .text._ZN23Control_Interface_Board13get_DO_StatusEh
                0x000000000800d6a8       0x24 CMakeFiles/SmartFarmST32.dir/src/control_interface_board.cpp.obj
                0x000000000800d6a8                Control_Interface_Board::get_DO_Status(unsigned char)
 .text._ZN23Control_Interface_Board25get_Manual_Control_StatusEh
                0x000000000800d6cc       0x24 CMakeFiles/SmartFarmST32.dir/src/control_interface_board.cpp.obj
                0x000000000800d6cc                Control_Interface_Board::get_Manual_Control_Status(unsigned char)
 .text._ZN23Control_Interface_Board18get_DO_Current_RAWEh
                0x000000000800d6f0       0x14 CMakeFiles/SmartFarmST32.dir/src/control_interface_board.cpp.obj
                0x000000000800d6f0                Control_Interface_Board::get_DO_Current_RAW(unsigned char)
 .text._ZN23Control_Interface_Board17get_DO_Current_mAEh
                0x000000000800d704       0x5c CMakeFiles/SmartFarmST32.dir/src/control_interface_board.cpp.obj
                0x000000000800d704                Control_Interface_Board::get_DO_Current_mA(unsigned char)
 .text._ZN23Control_Interface_Board16update_ADC_ValueEv
                0x000000000800d760       0x10 CMakeFiles/SmartFarmST32.dir/src/control_interface_board.cpp.obj
                0x000000000800d760                Control_Interface_Board::update_ADC_Value()
 .text._ZN23Control_Interface_Board16update_DI_StatusEv
                0x000000000800d770       0x3c CMakeFiles/SmartFarmST32.dir/src/control_interface_board.cpp.obj
                0x000000000800d770                Control_Interface_Board::update_DI_Status()
 .text._ZN23Control_Interface_Board16update_DO_StatusEv
                0x000000000800d7ac       0x94 CMakeFiles/SmartFarmST32.dir/src/control_interface_board.cpp.obj
                0x000000000800d7ac                Control_Interface_Board::update_DO_Status()
 .text._ZN23Control_Interface_Board27update_Manual_Switch_StatusEv
                0x000000000800d840       0x7c CMakeFiles/SmartFarmST32.dir/src/control_interface_board.cpp.obj
                0x000000000800d840                Control_Interface_Board::update_Manual_Switch_Status()
 .text._ZN23Control_Interface_Board23Received_Packet_HandlerEP14Packet_ManagerPKN8Protocol10Packet_PtrERNS2_23Command_Response_PacketE
                0x000000000800d8bc      0x1b4 CMakeFiles/SmartFarmST32.dir/src/control_interface_board.cpp.obj
                0x000000000800d8bc                Control_Interface_Board::Received_Packet_Handler(Packet_Manager*, Protocol::Packet_Ptr const*, Protocol::Command_Response_Packet&)
 .text.startup._GLOBAL__sub_I__ZN23Control_Interface_Board3adcE
                0x000000000800da70       0x34 CMakeFiles/SmartFarmST32.dir/src/control_interface_board.cpp.obj
 .text._ZN16Firmware_Manager23Received_Packet_HandlerEP14Packet_ManagerPKN8Protocol10Packet_PtrERNS2_23Command_Response_PacketE
                0x000000000800daa4      0x214 CMakeFiles/SmartFarmST32.dir/src/firmware_manager.cpp.obj
                0x000000000800daa4                Firmware_Manager::Received_Packet_Handler(Packet_Manager*, Protocol::Packet_Ptr const*, Protocol::Command_Response_Packet&)
 .text._ZN10GPS_Parser8get_DataEv
                0x000000000800dcb8        0x2 CMakeFiles/SmartFarmST32.dir/src/gps_parser.cpp.obj
                0x000000000800dcb8                GPS_Parser::get_Data()
 *fill*         0x000000000800dcba        0x2 
 .text._ZN10GPS_Parser6updateEv
                0x000000000800dcbc      0x170 CMakeFiles/SmartFarmST32.dir/src/gps_parser.cpp.obj
                0x000000000800dcbc                GPS_Parser::update()
 .text._ZN10GPS_Parser8set_DataEh
                0x000000000800de2c       0xc6 CMakeFiles/SmartFarmST32.dir/src/gps_parser.cpp.obj
                0x000000000800de2c                GPS_Parser::set_Data(unsigned char)
 .text._Z23Received_Packet_HandlerP14Packet_ManagerPKN8Protocol10Packet_PtrERNS1_23Command_Response_PacketE
                0x000000000800def2       0x60 CMakeFiles/SmartFarmST32.dir/src/main.cpp.obj
                0x000000000800def2                Received_Packet_Handler(Packet_Manager*, Protocol::Packet_Ptr const*, Protocol::Command_Response_Packet&)
 *fill*         0x000000000800df52        0x2 
 .text.HAL_UART_RxCpltCallback
                0x000000000800df54       0x9c CMakeFiles/SmartFarmST32.dir/src/main.cpp.obj
                0x000000000800df54                HAL_UART_RxCpltCallback
 .text.startup.main
                0x000000000800dff0      0x164 CMakeFiles/SmartFarmST32.dir/src/main.cpp.obj
                0x000000000800dff0                main
 .text.startup._GLOBAL__sub_I_uart_test_message
                0x000000000800e154       0x18 CMakeFiles/SmartFarmST32.dir/src/main.cpp.obj
 .text._ZN7MXC66559get_ValueEPNS_5ValueE
                0x000000000800e16c       0xb8 CMakeFiles/SmartFarmST32.dir/src/mxc6655.cpp.obj
                0x000000000800e16c                MXC6655::get_Value(MXC6655::Value*)
 .text._ZN7MXC665524get_Angular_DisplacementEPNS_20Angular_DisplacementE
                0x000000000800e224       0xdc CMakeFiles/SmartFarmST32.dir/src/mxc6655.cpp.obj
                0x000000000800e224                MXC6655::get_Angular_Displacement(MXC6655::Angular_Displacement*)
 .text._ZN22OnBoard_Packet_Handler12set_GPS_DataEh
                0x000000000800e300       0x10 CMakeFiles/SmartFarmST32.dir/src/onboard_packet_hadnler.cpp.obj
                0x000000000800e300                OnBoard_Packet_Handler::set_GPS_Data(unsigned char)
 .text._ZN22OnBoard_Packet_Handler7HandlerEP14Packet_ManagerPKN8Protocol10Packet_PtrERNS2_23Command_Response_PacketE
                0x000000000800e310       0x74 CMakeFiles/SmartFarmST32.dir/src/onboard_packet_hadnler.cpp.obj
                0x000000000800e310                OnBoard_Packet_Handler::Handler(Packet_Manager*, Protocol::Packet_Ptr const*, Protocol::Command_Response_Packet&)
 .text.startup._GLOBAL__sub_I__ZN22OnBoard_Packet_Handler3gpsE
                0x000000000800e384       0x28 CMakeFiles/SmartFarmST32.dir/src/onboard_packet_hadnler.cpp.obj
 .text._ZN14Packet_Manager4initEP20__UART_HandleTypeDefyPFhPS_PKN8Protocol10Packet_PtrERNS3_23Command_Response_PacketEE
                0x000000000800e3ac       0x44 CMakeFiles/SmartFarmST32.dir/src/packet_manager.cpp.obj
                0x000000000800e3ac                Packet_Manager::init(__UART_HandleTypeDef*, unsigned long long, unsigned char (*)(Packet_Manager*, Protocol::Packet_Ptr const*, Protocol::Command_Response_Packet&))
 .text._ZN14Packet_Manager17set_Transmit_DataEPht
                0x000000000800e3f0       0x84 CMakeFiles/SmartFarmST32.dir/src/packet_manager.cpp.obj
                0x000000000800e3f0                Packet_Manager::set_Transmit_Data(unsigned char*, unsigned short)
 .text._ZN14Packet_Manager22update_Received_PacketEv
                0x000000000800e474       0x64 CMakeFiles/SmartFarmST32.dir/src/packet_manager.cpp.obj
                0x000000000800e474                Packet_Manager::update_Received_Packet()
 .text._ZN14Packet_Manager17update_Status_LEDEv
                0x000000000800e4d8       0x1a CMakeFiles/SmartFarmST32.dir/src/packet_manager.cpp.obj
                0x000000000800e4d8                Packet_Manager::update_Status_LED()
 *fill*         0x000000000800e4f2        0x2 
 .text._ZN14Packet_Manager17set_Received_DataEh
                0x000000000800e4f4      0x13c CMakeFiles/SmartFarmST32.dir/src/packet_manager.cpp.obj
                0x000000000800e4f4                Packet_Manager::set_Received_Data(unsigned char)
 .text._ZN14Packet_Manager22update_Transmit_PacketEv
                0x000000000800e630       0x42 CMakeFiles/SmartFarmST32.dir/src/packet_manager.cpp.obj
                0x000000000800e630                Packet_Manager::update_Transmit_Packet()
 .text._ZN8Protocol23Command_Response_Packet9init_DataEPhh
                0x000000000800e672       0x6c CMakeFiles/SmartFarmST32.dir/src/protocol.cpp.obj
                0x000000000800e672                Protocol::Command_Response_Packet::init_Data(unsigned char*, unsigned char)
 .text._ZN8Protocol23Command_Response_Packet10get_BufferEPht
                0x000000000800e6de       0x46 CMakeFiles/SmartFarmST32.dir/src/protocol.cpp.obj
                0x000000000800e6de                Protocol::Command_Response_Packet::get_Buffer(unsigned char*, unsigned short)
 .text._ZN8Protocol23Command_Response_Packet8get_SizeEv
                0x000000000800e724        0x6 CMakeFiles/SmartFarmST32.dir/src/protocol.cpp.obj
                0x000000000800e724                Protocol::Command_Response_Packet::get_Size()
 *fill*         0x000000000800e72a        0x2 
 .text._ZN22Sensor_Interface_Board16set_Power_OutputEb
                0x000000000800e72c       0x4c CMakeFiles/SmartFarmST32.dir/src/sensor_interface_board.cpp.obj
                0x000000000800e72c                Sensor_Interface_Board::set_Power_Output(bool)
 .text._ZN22Sensor_Interface_Board14set_12V_OutputEb
                0x000000000800e778       0x40 CMakeFiles/SmartFarmST32.dir/src/sensor_interface_board.cpp.obj
                0x000000000800e778                Sensor_Interface_Board::set_12V_Output(bool)
 .text._ZN22Sensor_Interface_Board16set_System_PowerEb
                0x000000000800e7b8       0x78 CMakeFiles/SmartFarmST32.dir/src/sensor_interface_board.cpp.obj
                0x000000000800e7b8                Sensor_Interface_Board::set_System_Power(bool)
 .text._ZN22Sensor_Interface_Board12set_UART_MuxEhb
                0x000000000800e830       0x30 CMakeFiles/SmartFarmST32.dir/src/sensor_interface_board.cpp.obj
                0x000000000800e830                Sensor_Interface_Board::set_UART_Mux(unsigned char, bool)
 .text._ZN22Sensor_Interface_Board19set_UART_Mux_TargetEhh
                0x000000000800e860       0x68 CMakeFiles/SmartFarmST32.dir/src/sensor_interface_board.cpp.obj
                0x000000000800e860                Sensor_Interface_Board::set_UART_Mux_Target(unsigned char, unsigned char)
 .text._ZN22Sensor_Interface_Board11set_DB9_MuxEhb
                0x000000000800e8c8       0x30 CMakeFiles/SmartFarmST32.dir/src/sensor_interface_board.cpp.obj
                0x000000000800e8c8                Sensor_Interface_Board::set_DB9_Mux(unsigned char, bool)
 .text._ZN22Sensor_Interface_Board18set_DB9_Mux_TargetEhh
                0x000000000800e8f8       0x68 CMakeFiles/SmartFarmST32.dir/src/sensor_interface_board.cpp.obj
                0x000000000800e8f8                Sensor_Interface_Board::set_DB9_Mux_Target(unsigned char, unsigned char)
 .text._ZN22Sensor_Interface_Board18set_DB9_12V_OutputEb
                0x000000000800e960       0x2c CMakeFiles/SmartFarmST32.dir/src/sensor_interface_board.cpp.obj
                0x000000000800e960                Sensor_Interface_Board::set_DB9_12V_Output(bool)
 .text._ZN22Sensor_Interface_Board18set_Interface_ModeEhNS_14INTERFACE_MODEE
                0x000000000800e98c       0x64 CMakeFiles/SmartFarmST32.dir/src/sensor_interface_board.cpp.obj
                0x000000000800e98c                Sensor_Interface_Board::set_Interface_Mode(unsigned char, Sensor_Interface_Board::INTERFACE_MODE)
 .text._ZN22Sensor_Interface_Board4initEv
                0x000000000800e9f0      0x128 CMakeFiles/SmartFarmST32.dir/src/sensor_interface_board.cpp.obj
                0x000000000800e9f0                Sensor_Interface_Board::init()
 .text._ZN22Sensor_Interface_Board16set_Interface_TXEhb
                0x000000000800eb18       0xe4 CMakeFiles/SmartFarmST32.dir/src/sensor_interface_board.cpp.obj
                0x000000000800eb18                Sensor_Interface_Board::set_Interface_TX(unsigned char, bool)
 .text._ZN22Sensor_Interface_Board21set_Interface_RX_DataEhh
                0x000000000800ebfc       0x3c CMakeFiles/SmartFarmST32.dir/src/sensor_interface_board.cpp.obj
                0x000000000800ebfc                Sensor_Interface_Board::set_Interface_RX_Data(unsigned char, unsigned char)
 .text._ZN22Sensor_Interface_Board22set_Interface_RX_StartEh
                0x000000000800ec38       0x12 CMakeFiles/SmartFarmST32.dir/src/sensor_interface_board.cpp.obj
                0x000000000800ec38                Sensor_Interface_Board::set_Interface_RX_Start(unsigned char)
 .text._ZN22Sensor_Interface_Board20get_Interface_HandleEh
                0x000000000800ec4a       0x16 CMakeFiles/SmartFarmST32.dir/src/sensor_interface_board.cpp.obj
                0x000000000800ec4a                Sensor_Interface_Board::get_Interface_Handle(unsigned char)
 .text._ZN22Sensor_Interface_Board21set_Interface_SettingERKN8Protocol9Interface14Setting_BufferE
                0x000000000800ec60      0x124 CMakeFiles/SmartFarmST32.dir/src/sensor_interface_board.cpp.obj
                0x000000000800ec60                Sensor_Interface_Board::set_Interface_Setting(Protocol::Interface::Setting_Buffer const&)
 .text._ZN22Sensor_Interface_Board15get_Voltage_RAWEh
                0x000000000800ed84       0x1c CMakeFiles/SmartFarmST32.dir/src/sensor_interface_board.cpp.obj
                0x000000000800ed84                Sensor_Interface_Board::get_Voltage_RAW(unsigned char)
 .text._ZN22Sensor_Interface_Board14get_Voltage_mVEh.part.0
                0x000000000800eda0       0x38 CMakeFiles/SmartFarmST32.dir/src/sensor_interface_board.cpp.obj
 .text._ZN22Sensor_Interface_Board14get_Voltage_mVEh
                0x000000000800edd8       0x12 CMakeFiles/SmartFarmST32.dir/src/sensor_interface_board.cpp.obj
                0x000000000800edd8                Sensor_Interface_Board::get_Voltage_mV(unsigned char)
 *fill*         0x000000000800edea        0x2 
 .text._ZN22Sensor_Interface_Board15get_Current_RAWEh
                0x000000000800edec       0x1c CMakeFiles/SmartFarmST32.dir/src/sensor_interface_board.cpp.obj
                0x000000000800edec                Sensor_Interface_Board::get_Current_RAW(unsigned char)
 .text._ZN22Sensor_Interface_Board14get_Current_uAEh
                0x000000000800ee08       0x2c CMakeFiles/SmartFarmST32.dir/src/sensor_interface_board.cpp.obj
                0x000000000800ee08                Sensor_Interface_Board::get_Current_uA(unsigned char)
 .text._ZN22Sensor_Interface_Board16update_ADC_ValueEv
                0x000000000800ee34       0x10 CMakeFiles/SmartFarmST32.dir/src/sensor_interface_board.cpp.obj
                0x000000000800ee34                Sensor_Interface_Board::update_ADC_Value()
 .text._ZN22Sensor_Interface_Board20update_RX_LED_StatusEv
                0x000000000800ee44       0x4c CMakeFiles/SmartFarmST32.dir/src/sensor_interface_board.cpp.obj
                0x000000000800ee44                Sensor_Interface_Board::update_RX_LED_Status()
 .text._ZN22Sensor_Interface_Board23Received_Packet_HandlerEP14Packet_ManagerPKN8Protocol10Packet_PtrERNS2_23Command_Response_PacketE
                0x000000000800ee90      0x35c CMakeFiles/SmartFarmST32.dir/src/sensor_interface_board.cpp.obj
                0x000000000800ee90                Sensor_Interface_Board::Received_Packet_Handler(Packet_Manager*, Protocol::Packet_Ptr const*, Protocol::Command_Response_Packet&)
 .text.startup._GLOBAL__sub_I__ZN22Sensor_Interface_Board16power_relay_infoE
                0x000000000800f1ec       0x34 CMakeFiles/SmartFarmST32.dir/src/sensor_interface_board.cpp.obj
 .text.HAL_MspInit
                0x000000000800f220       0x34 CMakeFiles/SmartFarmST32.dir/src/stm32g0xx_hal_msp.c.obj
                0x000000000800f220                HAL_MspInit
 .text.HAL_DAC_MspInit
                0x000000000800f254       0x60 CMakeFiles/SmartFarmST32.dir/src/stm32g0xx_hal_msp.c.obj
                0x000000000800f254                HAL_DAC_MspInit
 .text.HAL_I2C_MspInit
                0x000000000800f2b4       0xf0 CMakeFiles/SmartFarmST32.dir/src/stm32g0xx_hal_msp.c.obj
                0x000000000800f2b4                HAL_I2C_MspInit
 .text.HAL_UART_MspInit
                0x000000000800f3a4      0x208 CMakeFiles/SmartFarmST32.dir/src/stm32g0xx_hal_msp.c.obj
                0x000000000800f3a4                HAL_UART_MspInit
 .text.NMI_Handler
                0x000000000800f5ac        0x2 CMakeFiles/SmartFarmST32.dir/src/stm32g0xx_it.c.obj
                0x000000000800f5ac                NMI_Handler
 .text.HardFault_Handler
                0x000000000800f5ae        0x2 CMakeFiles/SmartFarmST32.dir/src/stm32g0xx_it.c.obj
                0x000000000800f5ae                HardFault_Handler
 .text.SVC_Handler
                0x000000000800f5b0        0x2 CMakeFiles/SmartFarmST32.dir/src/stm32g0xx_it.c.obj
                0x000000000800f5b0                SVC_Handler
 .text.PendSV_Handler
                0x000000000800f5b2        0x2 CMakeFiles/SmartFarmST32.dir/src/stm32g0xx_it.c.obj
                0x000000000800f5b2                PendSV_Handler
 .text.SysTick_Handler
                0x000000000800f5b4        0x8 CMakeFiles/SmartFarmST32.dir/src/stm32g0xx_it.c.obj
                0x000000000800f5b4                SysTick_Handler
 .text._ZN12SystemConfig17get_Firmware_SizeEv
                0x000000000800f5bc        0x8 CMakeFiles/SmartFarmST32.dir/src/system_config.cpp.obj
                0x000000000800f5bc                SystemConfig::get_Firmware_Size()
 .text._ZN12SystemConfig37get_Downloaded_Firmware_Start_AddressEv
                0x000000000800f5c4        0x8 CMakeFiles/SmartFarmST32.dir/src/system_config.cpp.obj
                0x000000000800f5c4                SystemConfig::get_Downloaded_Firmware_Start_Address()
 .text._ZN12SystemConfig31get_Main_Firmware_Start_AddressEv
                0x000000000800f5cc        0x8 CMakeFiles/SmartFarmST32.dir/src/system_config.cpp.obj
                0x000000000800f5cc                SystemConfig::get_Main_Firmware_Start_Address()
 .text._ZN12SystemConfig16get_Valid_StatusEv
                0x000000000800f5d4       0x14 CMakeFiles/SmartFarmST32.dir/src/system_config.cpp.obj
                0x000000000800f5d4                SystemConfig::get_Valid_Status()
 .text._ZN12SystemConfig22get_Reset_Request_FlagEv
                0x000000000800f5e8        0xc CMakeFiles/SmartFarmST32.dir/src/system_config.cpp.obj
                0x000000000800f5e8                SystemConfig::get_Reset_Request_Flag()
 .text._ZN12SystemConfig22set_Reset_Request_FlagEb
                0x000000000800f5f4        0xc CMakeFiles/SmartFarmST32.dir/src/system_config.cpp.obj
                0x000000000800f5f4                SystemConfig::set_Reset_Request_Flag(bool)
 .text._ZN12SystemConfig15set_Erase_FlashEm
                0x000000000800f600      0x10c CMakeFiles/SmartFarmST32.dir/src/system_config.cpp.obj
                0x000000000800f600                SystemConfig::set_Erase_Flash(unsigned long)
 .text._ZN12SystemConfig23set_Update_Request_FlagEb
                0x000000000800f70c       0x40 CMakeFiles/SmartFarmST32.dir/src/system_config.cpp.obj
                0x000000000800f70c                SystemConfig::set_Update_Request_Flag(bool)
 .text._ZN12SystemConfig14set_Flash_DataEmy
                0x000000000800f74c       0x58 CMakeFiles/SmartFarmST32.dir/src/system_config.cpp.obj
                0x000000000800f74c                SystemConfig::set_Flash_Data(unsigned long, unsigned long long)
 .text._ZN7TLA25284initEP19__I2C_HandleTypeDefhf
                0x000000000800f7a4       0x8c CMakeFiles/SmartFarmST32.dir/src/tla2528.cpp.obj
                0x000000000800f7a4                TLA2528::init(__I2C_HandleTypeDef*, unsigned char, float)
 .text._ZN7TLA252811get_VoltageEh
                0x000000000800f830       0x12 CMakeFiles/SmartFarmST32.dir/src/tla2528.cpp.obj
                0x000000000800f830                TLA2528::get_Voltage(unsigned char)
 *fill*         0x000000000800f842        0x2 
 .text._ZN7TLA252812update_ValueEv
                0x000000000800f844       0xb4 CMakeFiles/SmartFarmST32.dir/src/tla2528.cpp.obj
                0x000000000800f844                TLA2528::update_Value()
 .text._Z3maplllll
                0x000000000800f8f8       0x16 CMakeFiles/SmartFarmST32.dir/src/util.cpp.obj
                0x000000000800f8f8                map(long, long, long, long, long)
 *fill*         0x000000000800f90e        0x2 
 .text.Reset_Handler
                0x000000000800f910       0x50 lib/stm32g0-hal/CMakeFiles/stm32g0-hal.dir/src/startup_stm32g0c1ketx.s.obj
                0x000000000800f910                Reset_Handler
 .text.Default_Handler
                0x000000000800f960        0x2 lib/stm32g0-hal/CMakeFiles/stm32g0-hal.dir/src/startup_stm32g0c1ketx.s.obj
                0x000000000800f960                I2C2_3_IRQHandler
                0x000000000800f960                TIM1_CC_IRQHandler
                0x000000000800f960                ADC1_COMP_IRQHandler
                0x000000000800f960                I2C1_IRQHandler
                0x000000000800f960                TIM7_LPTIM2_IRQHandler
                0x000000000800f960                TIM17_FDCAN_IT1_IRQHandler
                0x000000000800f960                DMA1_Ch4_7_DMA2_Ch1_5_DMAMUX1_OVR_IRQHandler
                0x000000000800f960                RCC_CRS_IRQHandler
                0x000000000800f960                RTC_TAMP_IRQHandler
                0x000000000800f960                SPI1_IRQHandler
                0x000000000800f960                USB_UCPD1_2_IRQHandler
                0x000000000800f960                EXTI2_3_IRQHandler
                0x000000000800f960                PVD_VDDIO2_IRQHandler
                0x000000000800f960                EXTI4_15_IRQHandler
                0x000000000800f960                DMA1_Channel1_IRQHandler
                0x000000000800f960                Default_Handler
                0x000000000800f960                CEC_IRQHandler
                0x000000000800f960                TIM14_IRQHandler
                0x000000000800f960                TIM15_IRQHandler
                0x000000000800f960                TIM3_TIM4_IRQHandler
                0x000000000800f960                EXTI0_1_IRQHandler
                0x000000000800f960                SPI2_3_IRQHandler
                0x000000000800f960                AES_RNG_IRQHandler
                0x000000000800f960                TIM6_DAC_LPTIM1_IRQHandler
                0x000000000800f960                WWDG_IRQHandler
                0x000000000800f960                TIM2_IRQHandler
                0x000000000800f960                DMA1_Channel2_3_IRQHandler
                0x000000000800f960                FLASH_IRQHandler
                0x000000000800f960                TIM16_FDCAN_IT0_IRQHandler
                0x000000000800f960                TIM1_BRK_UP_TRG_COM_IRQHandler
 .text._getpid  0x000000000800f962        0x4 lib/stm32g0-hal/CMakeFiles/stm32g0-hal.dir/src/syscalls.c.obj
                0x000000000800f962                _getpid
 .text._kill    0x000000000800f966       0x10 lib/stm32g0-hal/CMakeFiles/stm32g0-hal.dir/src/syscalls.c.obj
                0x000000000800f966                _kill
 .text._exit    0x000000000800f976        0xc lib/stm32g0-hal/CMakeFiles/stm32g0-hal.dir/src/syscalls.c.obj
                0x000000000800f976                _exit
 .text._read    0x000000000800f982       0x1a lib/stm32g0-hal/CMakeFiles/stm32g0-hal.dir/src/syscalls.c.obj
                0x000000000800f982                _read
 .text._close   0x000000000800f99c        0x6 lib/stm32g0-hal/CMakeFiles/stm32g0-hal.dir/src/syscalls.c.obj
                0x000000000800f99c                _close
 .text._fstat   0x000000000800f9a2        0xa lib/stm32g0-hal/CMakeFiles/stm32g0-hal.dir/src/syscalls.c.obj
                0x000000000800f9a2                _fstat
 .text._isatty  0x000000000800f9ac        0x4 lib/stm32g0-hal/CMakeFiles/stm32g0-hal.dir/src/syscalls.c.obj
                0x000000000800f9ac                _isatty
 .text._lseek   0x000000000800f9b0        0x4 lib/stm32g0-hal/CMakeFiles/stm32g0-hal.dir/src/syscalls.c.obj
                0x000000000800f9b0                _lseek
 .text._sbrk    0x000000000800f9b4       0x40 lib/stm32g0-hal/CMakeFiles/stm32g0-hal.dir/src/sysmem.c.obj
                0x000000000800f9b4                _sbrk
 .text.SystemInit
                0x000000000800f9f4        0x2 lib/stm32g0-hal/CMakeFiles/stm32g0-hal.dir/src/system_stm32g0xx.c.obj
                0x000000000800f9f4                SystemInit
 *fill*         0x000000000800f9f6        0x2 
 .text.HAL_InitTick
                0x000000000800f9f8       0x50 lib/stm32g0-hal/CMakeFiles/stm32g0-hal.dir/lib/STM32G0xx_HAL_Driver/Src/stm32g0xx_hal.c.obj
                0x000000000800f9f8                HAL_InitTick
 .text.HAL_Init
                0x000000000800fa48       0x28 lib/stm32g0-hal/CMakeFiles/stm32g0-hal.dir/lib/STM32G0xx_HAL_Driver/Src/stm32g0xx_hal.c.obj
                0x000000000800fa48                HAL_Init
 .text.HAL_IncTick
                0x000000000800fa70       0x18 lib/stm32g0-hal/CMakeFiles/stm32g0-hal.dir/lib/STM32G0xx_HAL_Driver/Src/stm32g0xx_hal.c.obj
                0x000000000800fa70                HAL_IncTick
 .text.HAL_GetTick
                0x000000000800fa88        0xc lib/stm32g0-hal/CMakeFiles/stm32g0-hal.dir/lib/STM32G0xx_HAL_Driver/Src/stm32g0xx_hal.c.obj
                0x000000000800fa88                HAL_GetTick
 .text.HAL_Delay
                0x000000000800fa94       0x24 lib/stm32g0-hal/CMakeFiles/stm32g0-hal.dir/lib/STM32G0xx_HAL_Driver/Src/stm32g0xx_hal.c.obj
                0x000000000800fa94                HAL_Delay
 .text.HAL_GetUIDw0
                0x000000000800fab8        0xc lib/stm32g0-hal/CMakeFiles/stm32g0-hal.dir/lib/STM32G0xx_HAL_Driver/Src/stm32g0xx_hal.c.obj
                0x000000000800fab8                HAL_GetUIDw0
 .text.HAL_GetUIDw1
                0x000000000800fac4        0xc lib/stm32g0-hal/CMakeFiles/stm32g0-hal.dir/lib/STM32G0xx_HAL_Driver/Src/stm32g0xx_hal.c.obj
                0x000000000800fac4                HAL_GetUIDw1
 .text.HAL_SYSCFG_StrobeDBattpinsConfig
                0x000000000800fad0       0x18 lib/stm32g0-hal/CMakeFiles/stm32g0-hal.dir/lib/STM32G0xx_HAL_Driver/Src/stm32g0xx_hal.c.obj
                0x000000000800fad0                HAL_SYSCFG_StrobeDBattpinsConfig
 .text.HAL_NVIC_SetPriority
                0x000000000800fae8       0x54 lib/stm32g0-hal/CMakeFiles/stm32g0-hal.dir/lib/STM32G0xx_HAL_Driver/Src/stm32g0xx_hal_cortex.c.obj
                0x000000000800fae8                HAL_NVIC_SetPriority
 .text.HAL_NVIC_EnableIRQ
                0x000000000800fb3c       0x18 lib/stm32g0-hal/CMakeFiles/stm32g0-hal.dir/lib/STM32G0xx_HAL_Driver/Src/stm32g0xx_hal_cortex.c.obj
                0x000000000800fb3c                HAL_NVIC_EnableIRQ
 .text.HAL_SYSTICK_Config
                0x000000000800fb54       0x34 lib/stm32g0-hal/CMakeFiles/stm32g0-hal.dir/lib/STM32G0xx_HAL_Driver/Src/stm32g0xx_hal_cortex.c.obj
                0x000000000800fb54                HAL_SYSTICK_Config
 .text.HAL_DAC_Init
                0x000000000800fb88       0x28 lib/stm32g0-hal/CMakeFiles/stm32g0-hal.dir/lib/STM32G0xx_HAL_Driver/Src/stm32g0xx_hal_dac.c.obj
                0x000000000800fb88                HAL_DAC_Init
 .text.HAL_DAC_Start
                0x000000000800fbb0       0x5e lib/stm32g0-hal/CMakeFiles/stm32g0-hal.dir/lib/STM32G0xx_HAL_Driver/Src/stm32g0xx_hal_dac.c.obj
                0x000000000800fbb0                HAL_DAC_Start
 .text.HAL_DAC_SetValue
                0x000000000800fc0e       0x2c lib/stm32g0-hal/CMakeFiles/stm32g0-hal.dir/lib/STM32G0xx_HAL_Driver/Src/stm32g0xx_hal_dac.c.obj
                0x000000000800fc0e                HAL_DAC_SetValue
 *fill*         0x000000000800fc3a        0x2 
 .text.HAL_DAC_ConfigChannel
                0x000000000800fc3c      0x124 lib/stm32g0-hal/CMakeFiles/stm32g0-hal.dir/lib/STM32G0xx_HAL_Driver/Src/stm32g0xx_hal_dac.c.obj
                0x000000000800fc3c                HAL_DAC_ConfigChannel
 .text.HAL_DMA_Abort
                0x000000000800fd60       0x70 lib/stm32g0-hal/CMakeFiles/stm32g0-hal.dir/lib/STM32G0xx_HAL_Driver/Src/stm32g0xx_hal_dma.c.obj
                0x000000000800fd60                HAL_DMA_Abort
 .text.HAL_DMA_Abort_IT
                0x000000000800fdd0       0x70 lib/stm32g0-hal/CMakeFiles/stm32g0-hal.dir/lib/STM32G0xx_HAL_Driver/Src/stm32g0xx_hal_dma.c.obj
                0x000000000800fdd0                HAL_DMA_Abort_IT
 .text.HAL_DMA_GetError
                0x000000000800fe40        0x4 lib/stm32g0-hal/CMakeFiles/stm32g0-hal.dir/lib/STM32G0xx_HAL_Driver/Src/stm32g0xx_hal_dma.c.obj
                0x000000000800fe40                HAL_DMA_GetError
 .text.HAL_FLASH_Unlock
                0x000000000800fe44       0x24 lib/stm32g0-hal/CMakeFiles/stm32g0-hal.dir/lib/STM32G0xx_HAL_Driver/Src/stm32g0xx_hal_flash.c.obj
                0x000000000800fe44                HAL_FLASH_Unlock
 .text.HAL_FLASH_OB_Unlock
                0x000000000800fe68       0x28 lib/stm32g0-hal/CMakeFiles/stm32g0-hal.dir/lib/STM32G0xx_HAL_Driver/Src/stm32g0xx_hal_flash.c.obj
                0x000000000800fe68                HAL_FLASH_OB_Unlock
 .text.FLASH_WaitForLastOperation
                0x000000000800fe90       0x70 lib/stm32g0-hal/CMakeFiles/stm32g0-hal.dir/lib/STM32G0xx_HAL_Driver/Src/stm32g0xx_hal_flash.c.obj
                0x000000000800fe90                FLASH_WaitForLastOperation
 .text.HAL_FLASH_Program
                0x000000000800ff00       0x68 lib/stm32g0-hal/CMakeFiles/stm32g0-hal.dir/lib/STM32G0xx_HAL_Driver/Src/stm32g0xx_hal_flash.c.obj
                0x000000000800ff00                HAL_FLASH_Program
 .text.HAL_FLASH_Lock
                0x000000000800ff68       0x24 lib/stm32g0-hal/CMakeFiles/stm32g0-hal.dir/lib/STM32G0xx_HAL_Driver/Src/stm32g0xx_hal_flash.c.obj
                0x000000000800ff68                HAL_FLASH_Lock
 .text.FLASH_PageErase
                0x000000000800ff8c       0x34 lib/stm32g0-hal/CMakeFiles/stm32g0-hal.dir/lib/STM32G0xx_HAL_Driver/Src/stm32g0xx_hal_flash_ex.c.obj
                0x000000000800ff8c                FLASH_PageErase
 .text.HAL_FLASHEx_Erase
                0x000000000800ffc0       0x94 lib/stm32g0-hal/CMakeFiles/stm32g0-hal.dir/lib/STM32G0xx_HAL_Driver/Src/stm32g0xx_hal_flash_ex.c.obj
                0x000000000800ffc0                HAL_FLASHEx_Erase
 .text.HAL_GPIO_Init
                0x0000000008010054      0x170 lib/stm32g0-hal/CMakeFiles/stm32g0-hal.dir/lib/STM32G0xx_HAL_Driver/Src/stm32g0xx_hal_gpio.c.obj
                0x0000000008010054                HAL_GPIO_Init
 .text.I2C_Flush_TXDR
                0x00000000080101c4       0x1c lib/stm32g0-hal/CMakeFiles/stm32g0-hal.dir/lib/STM32G0xx_HAL_Driver/Src/stm32g0xx_hal_i2c.c.obj
 .text.I2C_TransferConfig
                0x00000000080101e0       0x2c lib/stm32g0-hal/CMakeFiles/stm32g0-hal.dir/lib/STM32G0xx_HAL_Driver/Src/stm32g0xx_hal_i2c.c.obj
 .text.I2C_IsErrorOccurred
                0x000000000801020c      0x108 lib/stm32g0-hal/CMakeFiles/stm32g0-hal.dir/lib/STM32G0xx_HAL_Driver/Src/stm32g0xx_hal_i2c.c.obj
 .text.I2C_WaitOnRXNEFlagUntilTimeout
                0x0000000008010314       0xa4 lib/stm32g0-hal/CMakeFiles/stm32g0-hal.dir/lib/STM32G0xx_HAL_Driver/Src/stm32g0xx_hal_i2c.c.obj
 .text.I2C_WaitOnFlagUntilTimeout
                0x00000000080103b8       0x6e lib/stm32g0-hal/CMakeFiles/stm32g0-hal.dir/lib/STM32G0xx_HAL_Driver/Src/stm32g0xx_hal_i2c.c.obj
 .text.I2C_WaitOnSTOPFlagUntilTimeout
                0x0000000008010426       0x54 lib/stm32g0-hal/CMakeFiles/stm32g0-hal.dir/lib/STM32G0xx_HAL_Driver/Src/stm32g0xx_hal_i2c.c.obj
 .text.I2C_WaitOnTXISFlagUntilTimeout
                0x000000000801047a       0x5a lib/stm32g0-hal/CMakeFiles/stm32g0-hal.dir/lib/STM32G0xx_HAL_Driver/Src/stm32g0xx_hal_i2c.c.obj
 .text.HAL_I2C_Init
                0x00000000080104d4       0xbc lib/stm32g0-hal/CMakeFiles/stm32g0-hal.dir/lib/STM32G0xx_HAL_Driver/Src/stm32g0xx_hal_i2c.c.obj
                0x00000000080104d4                HAL_I2C_Init
 .text.HAL_I2C_Master_Transmit
                0x0000000008010590      0x150 lib/stm32g0-hal/CMakeFiles/stm32g0-hal.dir/lib/STM32G0xx_HAL_Driver/Src/stm32g0xx_hal_i2c.c.obj
                0x0000000008010590                HAL_I2C_Master_Transmit
 .text.HAL_I2C_Master_Receive
                0x00000000080106e0      0x124 lib/stm32g0-hal/CMakeFiles/stm32g0-hal.dir/lib/STM32G0xx_HAL_Driver/Src/stm32g0xx_hal_i2c.c.obj
                0x00000000080106e0                HAL_I2C_Master_Receive
 .text.HAL_I2CEx_ConfigAnalogFilter
                0x0000000008010804       0x4c lib/stm32g0-hal/CMakeFiles/stm32g0-hal.dir/lib/STM32G0xx_HAL_Driver/Src/stm32g0xx_hal_i2c_ex.c.obj
                0x0000000008010804                HAL_I2CEx_ConfigAnalogFilter
 .text.HAL_I2CEx_ConfigDigitalFilter
                0x0000000008010850       0x48 lib/stm32g0-hal/CMakeFiles/stm32g0-hal.dir/lib/STM32G0xx_HAL_Driver/Src/stm32g0xx_hal_i2c_ex.c.obj
                0x0000000008010850                HAL_I2CEx_ConfigDigitalFilter
 .text.HAL_IWDG_Init
                0x0000000008010898       0x64 lib/stm32g0-hal/CMakeFiles/stm32g0-hal.dir/lib/STM32G0xx_HAL_Driver/Src/stm32g0xx_hal_iwdg.c.obj
                0x0000000008010898                HAL_IWDG_Init
 .text.HAL_IWDG_Refresh
                0x00000000080108fc       0x10 lib/stm32g0-hal/CMakeFiles/stm32g0-hal.dir/lib/STM32G0xx_HAL_Driver/Src/stm32g0xx_hal_iwdg.c.obj
                0x00000000080108fc                HAL_IWDG_Refresh
 .text.HAL_PWR_EnableBkUpAccess
                0x000000000801090c       0x14 lib/stm32g0-hal/CMakeFiles/stm32g0-hal.dir/lib/STM32G0xx_HAL_Driver/Src/stm32g0xx_hal_pwr.c.obj
                0x000000000801090c                HAL_PWR_EnableBkUpAccess
 .text.HAL_PWREx_ControlVoltageScaling
                0x0000000008010920       0x58 lib/stm32g0-hal/CMakeFiles/stm32g0-hal.dir/lib/STM32G0xx_HAL_Driver/Src/stm32g0xx_hal_pwr_ex.c.obj
                0x0000000008010920                HAL_PWREx_ControlVoltageScaling
 .text.HAL_RCC_OscConfig
                0x0000000008010978      0x4b0 lib/stm32g0-hal/CMakeFiles/stm32g0-hal.dir/lib/STM32G0xx_HAL_Driver/Src/stm32g0xx_hal_rcc.c.obj
                0x0000000008010978                HAL_RCC_OscConfig
 .text.HAL_RCC_MCOConfig
                0x0000000008010e28       0x60 lib/stm32g0-hal/CMakeFiles/stm32g0-hal.dir/lib/STM32G0xx_HAL_Driver/Src/stm32g0xx_hal_rcc.c.obj
                0x0000000008010e28                HAL_RCC_MCOConfig
 .text.HAL_RCC_GetSysClockFreq
                0x0000000008010e88       0x88 lib/stm32g0-hal/CMakeFiles/stm32g0-hal.dir/lib/STM32G0xx_HAL_Driver/Src/stm32g0xx_hal_rcc.c.obj
                0x0000000008010e88                HAL_RCC_GetSysClockFreq
 .text.HAL_RCC_ClockConfig
                0x0000000008010f10      0x15c lib/stm32g0-hal/CMakeFiles/stm32g0-hal.dir/lib/STM32G0xx_HAL_Driver/Src/stm32g0xx_hal_rcc.c.obj
                0x0000000008010f10                HAL_RCC_ClockConfig
 .text.HAL_RCC_GetPCLK1Freq
                0x000000000801106c       0x28 lib/stm32g0-hal/CMakeFiles/stm32g0-hal.dir/lib/STM32G0xx_HAL_Driver/Src/stm32g0xx_hal_rcc.c.obj
                0x000000000801106c                HAL_RCC_GetPCLK1Freq
 .text.HAL_RCCEx_PeriphCLKConfig
                0x0000000008011094      0x2a4 lib/stm32g0-hal/CMakeFiles/stm32g0-hal.dir/lib/STM32G0xx_HAL_Driver/Src/stm32g0xx_hal_rcc_ex.c.obj
                0x0000000008011094                HAL_RCCEx_PeriphCLKConfig
 .text.UART_EndRxTransfer
                0x0000000008011338       0x64 lib/stm32g0-hal/CMakeFiles/stm32g0-hal.dir/lib/STM32G0xx_HAL_Driver/Src/stm32g0xx_hal_uart.c.obj
 .text.HAL_UART_AbortReceive
                0x000000000801139c       0xc0 lib/stm32g0-hal/CMakeFiles/stm32g0-hal.dir/lib/STM32G0xx_HAL_Driver/Src/stm32g0xx_hal_uart.c.obj
                0x000000000801139c                HAL_UART_AbortReceive
 .text.HAL_UART_TxCpltCallback
                0x000000000801145c        0x2 lib/stm32g0-hal/CMakeFiles/stm32g0-hal.dir/lib/STM32G0xx_HAL_Driver/Src/stm32g0xx_hal_uart.c.obj
                0x000000000801145c                HAL_UART_TxCpltCallback
 .text.HAL_UART_ErrorCallback
                0x000000000801145e        0x2 lib/stm32g0-hal/CMakeFiles/stm32g0-hal.dir/lib/STM32G0xx_HAL_Driver/Src/stm32g0xx_hal_uart.c.obj
                0x000000000801145e                HAL_UART_ErrorCallback
 .text.UART_DMAAbortOnError
                0x0000000008011460       0x16 lib/stm32g0-hal/CMakeFiles/stm32g0-hal.dir/lib/STM32G0xx_HAL_Driver/Src/stm32g0xx_hal_uart.c.obj
 .text.HAL_UARTEx_RxEventCallback
                0x0000000008011476        0x2 lib/stm32g0-hal/CMakeFiles/stm32g0-hal.dir/lib/STM32G0xx_HAL_Driver/Src/stm32g0xx_hal_uart.c.obj
                0x0000000008011476                HAL_UARTEx_RxEventCallback
 .text.HAL_UART_IRQHandler
                0x0000000008011478      0x338 lib/stm32g0-hal/CMakeFiles/stm32g0-hal.dir/lib/STM32G0xx_HAL_Driver/Src/stm32g0xx_hal_uart.c.obj
                0x0000000008011478                HAL_UART_IRQHandler
 .text.UART_RxISR_8BIT.part.0
                0x00000000080117b0       0xb4 lib/stm32g0-hal/CMakeFiles/stm32g0-hal.dir/lib/STM32G0xx_HAL_Driver/Src/stm32g0xx_hal_uart.c.obj
 .text.UART_RxISR_16BIT
                0x0000000008011864       0x42 lib/stm32g0-hal/CMakeFiles/stm32g0-hal.dir/lib/STM32G0xx_HAL_Driver/Src/stm32g0xx_hal_uart.c.obj
 .text.UART_RxISR_8BIT
                0x00000000080118a6       0x44 lib/stm32g0-hal/CMakeFiles/stm32g0-hal.dir/lib/STM32G0xx_HAL_Driver/Src/stm32g0xx_hal_uart.c.obj
 *fill*         0x00000000080118ea        0x2 
 .text.UART_RxISR_8BIT_FIFOEN
                0x00000000080118ec      0x1e4 lib/stm32g0-hal/CMakeFiles/stm32g0-hal.dir/lib/STM32G0xx_HAL_Driver/Src/stm32g0xx_hal_uart.c.obj
 .text.UART_RxISR_16BIT_FIFOEN
                0x0000000008011ad0      0x1e0 lib/stm32g0-hal/CMakeFiles/stm32g0-hal.dir/lib/STM32G0xx_HAL_Driver/Src/stm32g0xx_hal_uart.c.obj
 .text.UART_SetConfig
                0x0000000008011cb0      0x2e0 lib/stm32g0-hal/CMakeFiles/stm32g0-hal.dir/lib/STM32G0xx_HAL_Driver/Src/stm32g0xx_hal_uart.c.obj
                0x0000000008011cb0                UART_SetConfig
 .text.UART_AdvFeatureConfig
                0x0000000008011f90       0xd0 lib/stm32g0-hal/CMakeFiles/stm32g0-hal.dir/lib/STM32G0xx_HAL_Driver/Src/stm32g0xx_hal_uart.c.obj
                0x0000000008011f90                UART_AdvFeatureConfig
 .text.UART_WaitOnFlagUntilTimeout
                0x0000000008012060       0x94 lib/stm32g0-hal/CMakeFiles/stm32g0-hal.dir/lib/STM32G0xx_HAL_Driver/Src/stm32g0xx_hal_uart.c.obj
                0x0000000008012060                UART_WaitOnFlagUntilTimeout
 .text.HAL_UART_Transmit
                0x00000000080120f4       0xd6 lib/stm32g0-hal/CMakeFiles/stm32g0-hal.dir/lib/STM32G0xx_HAL_Driver/Src/stm32g0xx_hal_uart.c.obj
                0x00000000080120f4                HAL_UART_Transmit
 *fill*         0x00000000080121ca        0x2 
 .text.UART_CheckIdleState
                0x00000000080121cc       0xcc lib/stm32g0-hal/CMakeFiles/stm32g0-hal.dir/lib/STM32G0xx_HAL_Driver/Src/stm32g0xx_hal_uart.c.obj
                0x00000000080121cc                UART_CheckIdleState
 .text.HAL_UART_Init
                0x0000000008012298       0x68 lib/stm32g0-hal/CMakeFiles/stm32g0-hal.dir/lib/STM32G0xx_HAL_Driver/Src/stm32g0xx_hal_uart.c.obj
                0x0000000008012298                HAL_UART_Init
 .text.UART_Start_Receive_IT
                0x0000000008012300      0x128 lib/stm32g0-hal/CMakeFiles/stm32g0-hal.dir/lib/STM32G0xx_HAL_Driver/Src/stm32g0xx_hal_uart.c.obj
                0x0000000008012300                UART_Start_Receive_IT
 .text.HAL_UART_Receive_IT
                0x0000000008012428       0x74 lib/stm32g0-hal/CMakeFiles/stm32g0-hal.dir/lib/STM32G0xx_HAL_Driver/Src/stm32g0xx_hal_uart.c.obj
                0x0000000008012428                HAL_UART_Receive_IT
 .text.UARTEx_SetNbDataToProcess
                0x000000000801249c       0x50 lib/stm32g0-hal/CMakeFiles/stm32g0-hal.dir/lib/STM32G0xx_HAL_Driver/Src/stm32g0xx_hal_uart_ex.c.obj
 .text.HAL_UARTEx_WakeupCallback
                0x00000000080124ec        0x2 lib/stm32g0-hal/CMakeFiles/stm32g0-hal.dir/lib/STM32G0xx_HAL_Driver/Src/stm32g0xx_hal_uart_ex.c.obj
                0x00000000080124ec                HAL_UARTEx_WakeupCallback
 .text.HAL_UARTEx_RxFifoFullCallback
                0x00000000080124ee        0x2 lib/stm32g0-hal/CMakeFiles/stm32g0-hal.dir/lib/STM32G0xx_HAL_Driver/Src/stm32g0xx_hal_uart_ex.c.obj
                0x00000000080124ee                HAL_UARTEx_RxFifoFullCallback
 .text.HAL_UARTEx_TxFifoEmptyCallback
                0x00000000080124f0        0x2 lib/stm32g0-hal/CMakeFiles/stm32g0-hal.dir/lib/STM32G0xx_HAL_Driver/Src/stm32g0xx_hal_uart_ex.c.obj
                0x00000000080124f0                HAL_UARTEx_TxFifoEmptyCallback
 *fill*         0x00000000080124f2        0x2 
 .text.HAL_UARTEx_DisableFifoMode
                0x00000000080124f4       0x3c lib/stm32g0-hal/CMakeFiles/stm32g0-hal.dir/lib/STM32G0xx_HAL_Driver/Src/stm32g0xx_hal_uart_ex.c.obj
                0x00000000080124f4                HAL_UARTEx_DisableFifoMode
 .text.HAL_UARTEx_SetTxFifoThreshold
                0x0000000008012530       0x46 lib/stm32g0-hal/CMakeFiles/stm32g0-hal.dir/lib/STM32G0xx_HAL_Driver/Src/stm32g0xx_hal_uart_ex.c.obj
                0x0000000008012530                HAL_UARTEx_SetTxFifoThreshold
 *fill*         0x0000000008012576        0x2 
 .text.HAL_UARTEx_SetRxFifoThreshold
                0x0000000008012578       0x4c lib/stm32g0-hal/CMakeFiles/stm32g0-hal.dir/lib/STM32G0xx_HAL_Driver/Src/stm32g0xx_hal_uart_ex.c.obj
                0x0000000008012578                HAL_UARTEx_SetRxFifoThreshold
 .text._DoInit  0x00000000080125c4       0x58 lib/segger-rtt/CMakeFiles/segger_rtt.dir/src/SEGGER_RTT.c.obj
 .text._GetAvailWriteSpace
                0x000000000801261c       0x12 lib/segger-rtt/CMakeFiles/segger_rtt.dir/src/SEGGER_RTT.c.obj
 .text._WriteNoCheck
                0x000000000801262e       0x30 lib/segger-rtt/CMakeFiles/segger_rtt.dir/src/SEGGER_RTT.c.obj
 .text._WriteBlocking
                0x000000000801265e       0x5a lib/segger-rtt/CMakeFiles/segger_rtt.dir/src/SEGGER_RTT.c.obj
 .text.SEGGER_RTT_WriteNoLock
                0x00000000080126b8       0x6c lib/segger-rtt/CMakeFiles/segger_rtt.dir/src/SEGGER_RTT.c.obj
                0x00000000080126b8                SEGGER_RTT_WriteNoLock
 .text.SEGGER_RTT_Write
                0x0000000008012724       0x34 lib/segger-rtt/CMakeFiles/segger_rtt.dir/src/SEGGER_RTT.c.obj
                0x0000000008012724                SEGGER_RTT_Write
 .text.SEGGER_RTT_Init
                0x0000000008012758        0x8 lib/segger-rtt/CMakeFiles/segger_rtt.dir/src/SEGGER_RTT.c.obj
                0x0000000008012758                SEGGER_RTT_Init
 .text._write_r
                0x0000000008012760       0x12 lib/segger-rtt/CMakeFiles/segger_rtt.dir/src/SEGGER_RTT_Syscalls_GCC.c.obj
                0x0000000008012760                _write_r
 .text._ZdaPv   0x0000000008012772        0x8 /usr/lib/gcc/arm-none-eabi/9.2.1/../../../arm-none-eabi/lib/thumb/v6-m/nofp/libstdc++_nano.a(del_opv.o)
                0x0000000008012772                operator delete[](void*)
 .text._Znaj    0x000000000801277a        0x8 /usr/lib/gcc/arm-none-eabi/9.2.1/../../../arm-none-eabi/lib/thumb/v6-m/nofp/libstdc++_nano.a(new_opv.o)
                0x000000000801277a                operator new[](unsigned int)
 .text._ZdlPv   0x0000000008012782        0x8 /usr/lib/gcc/arm-none-eabi/9.2.1/../../../arm-none-eabi/lib/thumb/v6-m/nofp/libstdc++_nano.a(del_op.o)
                0x0000000008012782                operator delete(void*)
 .text._Znwj    0x000000000801278a       0x24 /usr/lib/gcc/arm-none-eabi/9.2.1/../../../arm-none-eabi/lib/thumb/v6-m/nofp/libstdc++_nano.a(new_op.o)
                0x000000000801278a                operator new(unsigned int)
 *fill*         0x00000000080127ae        0x2 
 .text._ZSt15get_new_handlerv
                0x00000000080127b0        0xc /usr/lib/gcc/arm-none-eabi/9.2.1/../../../arm-none-eabi/lib/thumb/v6-m/nofp/libstdc++_nano.a(new_handler.o)
                0x00000000080127b0                std::get_new_handler()
 *(.glue_7)
 .glue_7        0x00000000080127bc        0x0 linker stubs
 *(.glue_7t)
 .glue_7t       0x00000000080127bc        0x0 linker stubs
 *(.eh_frame)
 .eh_frame      0x00000000080127bc        0x0 /usr/lib/gcc/arm-none-eabi/9.2.1/thumb/v6-m/nofp/crtbegin.o
 *(.init)
 .init          0x00000000080127bc        0x4 /usr/lib/gcc/arm-none-eabi/9.2.1/thumb/v6-m/nofp/crti.o
                0x00000000080127bc                _init
 .init          0x00000000080127c0        0x8 /usr/lib/gcc/arm-none-eabi/9.2.1/thumb/v6-m/nofp/crtn.o
 *(.fini)
 .fini          0x00000000080127c8        0x4 /usr/lib/gcc/arm-none-eabi/9.2.1/thumb/v6-m/nofp/crti.o
                0x00000000080127c8                _fini
 .fini          0x00000000080127cc        0x8 /usr/lib/gcc/arm-none-eabi/9.2.1/thumb/v6-m/nofp/crtn.o
                0x00000000080127d4                . = ALIGN (0x4)
                0x00000000080127d4                _etext = .

.vfp11_veneer   0x00000000080127d4        0x0
 .vfp11_veneer  0x00000000080127d4        0x0 linker stubs

.v4_bx          0x00000000080127d4        0x0
 .v4_bx         0x00000000080127d4        0x0 linker stubs

.iplt           0x00000000080127d4        0x0
 .iplt          0x00000000080127d4        0x0 /usr/lib/gcc/arm-none-eabi/9.2.1/thumb/v6-m/nofp/crtbegin.o

.RamFunc        0x00000000080127d4       0x38
 .RamFunc       0x00000000080127d4       0x38 lib/stm32g0-hal/CMakeFiles/stm32g0-hal.dir/lib/STM32G0xx_HAL_Driver/Src/stm32g0xx_hal_flash.c.obj

.rodata         0x0000000008012810      0xcf0
                0x0000000008012810                . = ALIGN (0x4)
 *(.rodata)
 .rodata        0x0000000008012810        0x8 CMakeFiles/SmartFarmST32.dir/src/board_io.cpp.obj
 .rodata        0x0000000008012818        0x3 CMakeFiles/SmartFarmST32.dir/src/control_interface_board.cpp.obj
 .rodata        0x000000000801281b        0x3 CMakeFiles/SmartFarmST32.dir/src/packet_manager.cpp.obj
 *fill*         0x000000000801281e        0x2 
 .rodata        0x0000000008012820       0x20 /usr/lib/gcc/arm-none-eabi/9.2.1/../../../arm-none-eabi/lib/thumb/v6-m/nofp/libm.a(lib_a-sf_atan.o)
 .rodata        0x0000000008012840       0x80 /usr/lib/gcc/arm-none-eabi/9.2.1/thumb/v6-m/nofp/libgcc.a(divsf3.o)
 .rodata        0x00000000080128c0       0x40 /usr/lib/gcc/arm-none-eabi/9.2.1/thumb/v6-m/nofp/libgcc.a(mulsf3.o)
 .rodata        0x0000000008012900       0x40 /usr/lib/gcc/arm-none-eabi/9.2.1/thumb/v6-m/nofp/libgcc.a(divdf3.o)
 .rodata        0x0000000008012940       0x40 /usr/lib/gcc/arm-none-eabi/9.2.1/thumb/v6-m/nofp/libgcc.a(muldf3.o)
 .rodata        0x0000000008012980        0x4 /usr/lib/gcc/arm-none-eabi/9.2.1/../../../arm-none-eabi/lib/thumb/v6-m/nofp/libc_nano.a(lib_a-impure.o)
                0x0000000008012980                _global_impure_ptr
 *fill*         0x0000000008012984        0x4 
 .rodata        0x0000000008012988      0x120 /usr/lib/gcc/arm-none-eabi/9.2.1/../../../arm-none-eabi/lib/thumb/v6-m/nofp/libc_nano.a(lib_a-strtod.o)
 .rodata        0x0000000008012aa8      0x101 /usr/lib/gcc/arm-none-eabi/9.2.1/../../../arm-none-eabi/lib/thumb/v6-m/nofp/libc_nano.a(lib_a-ctype_.o)
                0x0000000008012aa8                _ctype_
 *fill*         0x0000000008012ba9        0x3 
 .rodata        0x0000000008012bac       0x60 /usr/lib/gcc/arm-none-eabi/9.2.1/../../../arm-none-eabi/lib/thumb/v6-m/nofp/libc_nano.a(lib_a-findfp.o)
                0x0000000008012bac                __sf_fake_stderr
                0x0000000008012bcc                __sf_fake_stdout
                0x0000000008012bec                __sf_fake_stdin
 .rodata        0x0000000008012c0c      0x100 /usr/lib/gcc/arm-none-eabi/9.2.1/../../../arm-none-eabi/lib/thumb/v6-m/nofp/libc_nano.a(lib_a-gdtoa-gethex.o)
                0x0000000008012c0c                __hexdig
 .rodata        0x0000000008012d0c        0xc /usr/lib/gcc/arm-none-eabi/9.2.1/../../../arm-none-eabi/lib/thumb/v6-m/nofp/libc_nano.a(lib_a-lnumeric.o)
                0x0000000008012d0c                _C_numeric_locale
 .rodata        0x0000000008012d18      0x128 /usr/lib/gcc/arm-none-eabi/9.2.1/../../../arm-none-eabi/lib/thumb/v6-m/nofp/libc_nano.a(lib_a-mprec.o)
                0x0000000008012d28                __mprec_tinytens
                0x0000000008012d50                __mprec_bigtens
                0x0000000008012d78                __mprec_tens
 *(.rodata*)
 .rodata._ZN23Control_Interface_Board23Received_Packet_HandlerEP14Packet_ManagerPKN8Protocol10Packet_PtrERNS2_23Command_Response_PacketE.str1.1
                0x0000000008012e40       0xc0 CMakeFiles/SmartFarmST32.dir/src/control_interface_board.cpp.obj
 .rodata._ZN16Firmware_Manager23Received_Packet_HandlerEP14Packet_ManagerPKN8Protocol10Packet_PtrERNS2_23Command_Response_PacketE.str1.1
                0x0000000008012f00      0x127 CMakeFiles/SmartFarmST32.dir/src/firmware_manager.cpp.obj
 .rodata.main.str1.1
                0x0000000008013027       0xff CMakeFiles/SmartFarmST32.dir/src/main.cpp.obj
 .rodata._ZN7MXC66559get_ValueEPNS_5ValueE.str1.1
                0x0000000008013126        0xa CMakeFiles/SmartFarmST32.dir/src/mxc6655.cpp.obj
                                         0x15 (size before relaxing)
 .rodata._GLOBAL__sub_I__ZN22OnBoard_Packet_Handler3gpsE.str1.1
                0x0000000008013130        0x7 CMakeFiles/SmartFarmST32.dir/src/onboard_packet_hadnler.cpp.obj
 .rodata._ZN14Packet_Manager17set_Received_DataEh.str1.1
                0x0000000008013137       0x39 CMakeFiles/SmartFarmST32.dir/src/packet_manager.cpp.obj
 .rodata._ZN22Sensor_Interface_Board16set_System_PowerEb.str1.1
                0x0000000008013170       0x33 CMakeFiles/SmartFarmST32.dir/src/sensor_interface_board.cpp.obj
 .rodata._ZN22Sensor_Interface_Board23Received_Packet_HandlerEP14Packet_ManagerPKN8Protocol10Packet_PtrERNS2_23Command_Response_PacketE.str1.1
                0x00000000080131a3       0x19 CMakeFiles/SmartFarmST32.dir/src/sensor_interface_board.cpp.obj
 .rodata._ZN22Sensor_Interface_Board10tx_led_posE
                0x00000000080131bc        0x4 CMakeFiles/SmartFarmST32.dir/src/sensor_interface_board.cpp.obj
                0x00000000080131bc                Sensor_Interface_Board::tx_led_pos
 .rodata._ZN22Sensor_Interface_Board10rx_led_posE
                0x00000000080131c0        0x4 CMakeFiles/SmartFarmST32.dir/src/sensor_interface_board.cpp.obj
                0x00000000080131c0                Sensor_Interface_Board::rx_led_pos
 .rodata._ZN12SystemConfig15set_Erase_FlashEm.str1.1
                0x00000000080131c4       0x91 CMakeFiles/SmartFarmST32.dir/src/system_config.cpp.obj
 .rodata._ZN12SystemConfig14set_Flash_DataEmy.str1.1
                0x0000000008013255       0x3b CMakeFiles/SmartFarmST32.dir/src/system_config.cpp.obj
 .rodata._ZN7TLA25284initEP19__I2C_HandleTypeDefhf.str1.1
                0x0000000008013290       0x18 CMakeFiles/SmartFarmST32.dir/src/tla2528.cpp.obj
 .rodata._ZN7TLA252812update_ValueEv.str1.1
                0x00000000080132a8        0xd CMakeFiles/SmartFarmST32.dir/src/tla2528.cpp.obj
 *fill*         0x00000000080132b5        0x3 
 .rodata.AHBPrescTable
                0x00000000080132b8       0x40 lib/stm32g0-hal/CMakeFiles/stm32g0-hal.dir/src/system_stm32g0xx.c.obj
                0x00000000080132b8                AHBPrescTable
 .rodata.APBPrescTable
                0x00000000080132f8       0x20 lib/stm32g0-hal/CMakeFiles/stm32g0-hal.dir/src/system_stm32g0xx.c.obj
                0x00000000080132f8                APBPrescTable
 .rodata.CSWTCH.66
                0x0000000008013318        0x3 lib/stm32g0-hal/CMakeFiles/stm32g0-hal.dir/lib/STM32G0xx_HAL_Driver/Src/stm32g0xx_hal_uart.c.obj
 .rodata.CSWTCH.67
                0x000000000801331b        0xd lib/stm32g0-hal/CMakeFiles/stm32g0-hal.dir/lib/STM32G0xx_HAL_Driver/Src/stm32g0xx_hal_uart.c.obj
 .rodata.UARTPrescTable
                0x0000000008013328       0x18 lib/stm32g0-hal/CMakeFiles/stm32g0-hal.dir/lib/STM32G0xx_HAL_Driver/Src/stm32g0xx_hal_uart.c.obj
                0x0000000008013328                UARTPrescTable
 .rodata.denominator.7795
                0x0000000008013340        0x8 lib/stm32g0-hal/CMakeFiles/stm32g0-hal.dir/lib/STM32G0xx_HAL_Driver/Src/stm32g0xx_hal_uart_ex.c.obj
 .rodata.numerator.7794
                0x0000000008013348        0x8 lib/stm32g0-hal/CMakeFiles/stm32g0-hal.dir/lib/STM32G0xx_HAL_Driver/Src/stm32g0xx_hal_uart_ex.c.obj
 .rodata._DoInit.str1.1
                0x0000000008013350        0x9 lib/segger-rtt/CMakeFiles/segger_rtt.dir/src/SEGGER_RTT.c.obj
 *fill*         0x0000000008013359        0x3 
 .rodata._aInitStr.5114
                0x000000000801335c       0x11 lib/segger-rtt/CMakeFiles/segger_rtt.dir/src/SEGGER_RTT.c.obj
 *fill*         0x000000000801336d        0x3 
 .rodata.str1.4
                0x0000000008013370       0x12 /usr/lib/gcc/arm-none-eabi/9.2.1/../../../arm-none-eabi/lib/thumb/v6-m/nofp/libc_nano.a(lib_a-nano-vfprintf_float.o)
 *fill*         0x0000000008013382        0x2 
 .rodata.str1.4
                0x0000000008013384       0x25 /usr/lib/gcc/arm-none-eabi/9.2.1/../../../arm-none-eabi/lib/thumb/v6-m/nofp/libc_nano.a(lib_a-nano-vfprintf_i.o)
 *fill*         0x00000000080133a9        0x3 
 .rodata.str1.4
                0x00000000080133ac        0xf /usr/lib/gcc/arm-none-eabi/9.2.1/../../../arm-none-eabi/lib/thumb/v6-m/nofp/libc_nano.a(lib_a-strtod.o)
                                         0x11 (size before relaxing)
 *fill*         0x00000000080133bb        0x1 
 .rodata.str1.4
                0x00000000080133bc       0x6d /usr/lib/gcc/arm-none-eabi/9.2.1/../../../arm-none-eabi/lib/thumb/v6-m/nofp/libc_nano.a(lib_a-dtoa.o)
                                         0x71 (size before relaxing)
 *fill*         0x0000000008013429        0x3 
 .rodata.str1.4
                0x000000000801342c       0x3a /usr/lib/gcc/arm-none-eabi/9.2.1/../../../arm-none-eabi/lib/thumb/v6-m/nofp/libc_nano.a(lib_a-gdtoa-gethex.o)
                                         0x4e (size before relaxing)
 *fill*         0x0000000008013466        0x2 
 .rodata.str1.4
                0x0000000008013468        0x2 /usr/lib/gcc/arm-none-eabi/9.2.1/../../../arm-none-eabi/lib/thumb/v6-m/nofp/libc_nano.a(lib_a-lnumeric.o)
                                          0x5 (size before relaxing)
 *fill*         0x000000000801346a        0x2 
 .rodata.str1.4
                0x000000000801346c        0xa /usr/lib/gcc/arm-none-eabi/9.2.1/../../../arm-none-eabi/lib/thumb/v6-m/nofp/libc_nano.a(lib_a-locale.o)
                                         0x12 (size before relaxing)
 *fill*         0x0000000008013476        0x2 
 .rodata.str1.4
                0x0000000008013478       0x33 /usr/lib/gcc/arm-none-eabi/9.2.1/../../../arm-none-eabi/lib/thumb/v6-m/nofp/libc_nano.a(lib_a-mprec.o)