Archive member included to satisfy reference by file (symbol)

/usr/lib/gcc/arm-none-eabi/10.3.1/../../../arm-none-eabi/lib/thumb/v6-m/nofp/libstdc++_nano.a(del_opv.o)
                              CMakeFiles/SmartFarmST32.dir/src/packet_manager.cpp.obj (operator delete[](void*))
/usr/lib/gcc/arm-none-eabi/10.3.1/../../../arm-none-eabi/lib/thumb/v6-m/nofp/libstdc++_nano.a(new_opv.o)
                              CMakeFiles/SmartFarmST32.dir/src/protocol.cpp.obj (operator new[](unsigned int))
/usr/lib/gcc/arm-none-eabi/10.3.1/../../../arm-none-eabi/lib/thumb/v6-m/nofp/libstdc++_nano.a(del_op.o)
                              /usr/lib/gcc/arm-none-eabi/10.3.1/../../../arm-none-eabi/lib/thumb/v6-m/nofp/libstdc++_nano.a(del_opv.o) (operator delete(void*))
/usr/lib/gcc/arm-none-eabi/10.3.1/../../../arm-none-eabi/lib/thumb/v6-m/nofp/libstdc++_nano.a(new_op.o)
                              /usr/lib/gcc/arm-none-eabi/10.3.1/../../../arm-none-eabi/lib/thumb/v6-m/nofp/libstdc++_nano.a(new_opv.o) (operator new(unsigned int))
/usr/lib/gcc/arm-none-eabi/10.3.1/../../../arm-none-eabi/lib/thumb/v6-m/nofp/libstdc++_nano.a(new_handler.o)
                              /usr/lib/gcc/arm-none-eabi/10.3.1/../../../arm-none-eabi/lib/thumb/v6-m/nofp/libstdc++_nano.a(new_op.o) (std::get_new_handler())
/usr/lib/gcc/arm-none-eabi/10.3.1/../../../arm-none-eabi/lib/thumb/v6-m/nofp/libm.a(lib_a-wf_atan2.o)
                              CMakeFiles/SmartFarmST32.dir/src/mxc6655.cpp.obj (atan2f)
/usr/lib/gcc/arm-none-eabi/10.3.1/../../../arm-none-eabi/lib/thumb/v6-m/nofp/libm.a(lib_a-wf_log.o)
                              CMakeFiles/SmartFarmST32.dir/src/use_sensor.cpp.obj (logf)
/usr/lib/gcc/arm-none-eabi/10.3.1/../../../arm-none-eabi/lib/thumb/v6-m/nofp/libm.a(lib_a-wf_sqrt.o)
                              CMakeFiles/SmartFarmST32.dir/src/mxc6655.cpp.obj (sqrtf)
/usr/lib/gcc/arm-none-eabi/10.3.1/../../../arm-none-eabi/lib/thumb/v6-m/nofp/libm.a(lib_a-ef_atan2.o)
                              /usr/lib/gcc/arm-none-eabi/10.3.1/../../../arm-none-eabi/lib/thumb/v6-m/nofp/libm.a(lib_a-wf_atan2.o) (__ieee754_atan2f)
/usr/lib/gcc/arm-none-eabi/10.3.1/../../../arm-none-eabi/lib/thumb/v6-m/nofp/libm.a(lib_a-ef_log.o)
                              /usr/lib/gcc/arm-none-eabi/10.3.1/../../../arm-none-eabi/lib/thumb/v6-m/nofp/libm.a(lib_a-wf_log.o) (__ieee754_logf)
/usr/lib/gcc/arm-none-eabi/10.3.1/../../../arm-none-eabi/lib/thumb/v6-m/nofp/libm.a(lib_a-ef_sqrt.o)
                              /usr/lib/gcc/arm-none-eabi/10.3.1/../../../arm-none-eabi/lib/thumb/v6-m/nofp/libm.a(lib_a-wf_sqrt.o) (__ieee754_sqrtf)
/usr/lib/gcc/arm-none-eabi/10.3.1/../../../arm-none-eabi/lib/thumb/v6-m/nofp/libm.a(lib_a-s_lib_ver.o)
                              /usr/lib/gcc/arm-none-eabi/10.3.1/../../../arm-none-eabi/lib/thumb/v6-m/nofp/libm.a(lib_a-wf_log.o) (__fdlib_version)
/usr/lib/gcc/arm-none-eabi/10.3.1/../../../arm-none-eabi/lib/thumb/v6-m/nofp/libm.a(lib_a-sf_atan.o)
                              /usr/lib/gcc/arm-none-eabi/10.3.1/../../../arm-none-eabi/lib/thumb/v6-m/nofp/libm.a(lib_a-ef_atan2.o) (atanf)
/usr/lib/gcc/arm-none-eabi/10.3.1/../../../arm-none-eabi/lib/thumb/v6-m/nofp/libm.a(lib_a-sf_fabs.o)
                              /usr/lib/gcc/arm-none-eabi/10.3.1/../../../arm-none-eabi/lib/thumb/v6-m/nofp/libm.a(lib_a-ef_atan2.o) (fabsf)
/usr/lib/gcc/arm-none-eabi/10.3.1/../../../arm-none-eabi/lib/thumb/v6-m/nofp/libm.a(lib_a-sf_nan.o)
                              /usr/lib/gcc/arm-none-eabi/10.3.1/../../../arm-none-eabi/lib/thumb/v6-m/nofp/libm.a(lib_a-wf_log.o) (nanf)
/usr/lib/gcc/arm-none-eabi/10.3.1/thumb/v6-m/nofp/libgcc.a(_thumb1_case_uqi.o)
                              CMakeFiles/SmartFarmST32.dir/src/board_io.cpp.obj (__gnu_thumb1_case_uqi)
/usr/lib/gcc/arm-none-eabi/10.3.1/thumb/v6-m/nofp/libgcc.a(_thumb1_case_shi.o)
                              lib/stm32g0-hal/CMakeFiles/stm32g0-hal.dir/lib/STM32G0xx_HAL_Driver/Src/stm32g0xx_hal_uart.c.obj (__gnu_thumb1_case_shi)
/usr/lib/gcc/arm-none-eabi/10.3.1/thumb/v6-m/nofp/libgcc.a(_udivsi3.o)
                              CMakeFiles/SmartFarmST32.dir/src/main.cpp.obj (__aeabi_uidiv)
/usr/lib/gcc/arm-none-eabi/10.3.1/thumb/v6-m/nofp/libgcc.a(_divsi3.o)
                              CMakeFiles/SmartFarmST32.dir/src/util.cpp.obj (__aeabi_idiv)
/usr/lib/gcc/arm-none-eabi/10.3.1/thumb/v6-m/nofp/libgcc.a(_dvmd_tls.o)
                              /usr/lib/gcc/arm-none-eabi/10.3.1/thumb/v6-m/nofp/libgcc.a(_udivsi3.o) (__aeabi_idiv0)
/usr/lib/gcc/arm-none-eabi/10.3.1/thumb/v6-m/nofp/libgcc.a(_arm_cmpdf2.o)
                              CMakeFiles/SmartFarmST32.dir/src/board_io.cpp.obj (__aeabi_dcmpgt)
/usr/lib/gcc/arm-none-eabi/10.3.1/thumb/v6-m/nofp/libgcc.a(_arm_cmpsf2.o)
                              /usr/lib/gcc/arm-none-eabi/10.3.1/../../../arm-none-eabi/lib/thumb/v6-m/nofp/libm.a(lib_a-wf_log.o) (__aeabi_fcmpeq)
/usr/lib/gcc/arm-none-eabi/10.3.1/thumb/v6-m/nofp/libgcc.a(_aeabi_ldivmod.o)
[...]
Memory Configuration

Name             Origin             Length             Attributes
RAM              0x0000000020000000 0x0000000000024000 xrw
BOOTLOADER       0x0000000008000000 0x0000000000003800 xr
FLASH            0x0000000008003800 0x000000000003e000 xr
DOWNLOADED_FW    0x0000000008041800 0x000000000003e000 xr
CONFIG           0x000000000807f800 0x0000000000000800 r
*default*        0x0000000000000000 0xffffffffffffffff

Linker script and memory map

LOAD /usr/lib/gcc/arm-none-eabi/10.3.1/thumb/v6-m/nofp/crti.o
LOAD /usr/lib/gcc/arm-none-eabi/10.3.1/thumb/v6-m/nofp/crtbegin.o
LOAD /usr/lib/gcc/arm-none-eabi/10.3.1/../../../arm-none-eabi/lib/thumb/v6-m/nofp/crt0.o
LOAD CMakeFiles/SmartFarmST32.dir/src/board_io.cpp.obj
LOAD CMakeFiles/SmartFarmST32.dir/src/checksum.cpp.obj
LOAD CMakeFiles/SmartFarmST32.dir/src/control_interface_board.cpp.obj
LOAD CMakeFiles/SmartFarmST32.dir/src/firmware_manager.cpp.obj
LOAD CMakeFiles/SmartFarmST32.dir/src/gps_parser.cpp.obj
LOAD CMakeFiles/SmartFarmST32.dir/src/led_switch.cpp.obj
LOAD CMakeFiles/SmartFarmST32.dir/src/main.cpp.obj
LOAD CMakeFiles/SmartFarmST32.dir/src/mxc6655.cpp.obj
LOAD CMakeFiles/SmartFarmST32.dir/src/onboard_packet_hadnler.cpp.obj
LOAD CMakeFiles/SmartFarmST32.dir/src/packet_manager.cpp.obj
LOAD CMakeFiles/SmartFarmST32.dir/src/protocol.cpp.obj
LOAD CMakeFiles/SmartFarmST32.dir/src/sensor_interface_board.cpp.obj
LOAD CMakeFiles/SmartFarmST32.dir/src/stm32g0xx_hal_msp.c.obj
LOAD CMakeFiles/SmartFarmST32.dir/src/stm32g0xx_it.c.obj
LOAD CMakeFiles/SmartFarmST32.dir/src/switch_fan.cpp.obj
LOAD CMakeFiles/SmartFarmST32.dir/src/system_config.cpp.obj
LOAD CMakeFiles/SmartFarmST32.dir/src/tla2528.cpp.obj
LOAD CMakeFiles/SmartFarmST32.dir/src/use_sensor.cpp.obj
LOAD CMakeFiles/SmartFarmST32.dir/src/util.cpp.obj
LOAD lib/stm32g0-hal/CMakeFiles/stm32g0-hal.dir/src/startup_stm32g0c1ketx.s.obj
LOAD lib/stm32g0-hal/CMakeFiles/stm32g0-hal.dir/src/syscalls.c.obj
LOAD lib/stm32g0-hal/CMakeFiles/stm32g0-hal.dir/src/sysmem.c.obj
LOAD lib/stm32g0-hal/CMakeFiles/stm32g0-hal.dir/src/system_stm32g0xx.c.obj
LOAD lib/stm32g0-hal/CMakeFiles/stm32g0-hal.dir/lib/STM32G0xx_HAL_Driver/Src/stm32g0xx_hal.c.obj
LOAD lib/stm32g0-hal/CMakeFiles/stm32g0-hal.dir/lib/STM32G0xx_HAL_Driver/Src/stm32g0xx_hal_cortex.c.obj
LOAD lib/stm32g0-hal/CMakeFiles/stm32g0-hal.dir/lib/STM32G0xx_HAL_Driver/Src/stm32g0xx_hal_crc.c.obj
LOAD lib/stm32g0-hal/CMakeFiles/stm32g0-hal.dir/lib/STM32G0xx_HAL_Driver/Src/stm32g0xx_hal_crc_ex.c.obj
LOAD lib/stm32g0-hal/CMakeFiles/stm32g0-hal.dir/lib/STM32G0xx_HAL_Driver/Src/stm32g0xx_hal_dac.c.obj
LOAD lib/stm32g0-hal/CMakeFiles/stm32g0-hal.dir/lib/STM32G0xx_HAL_Driver/Src/stm32g0xx_hal_dac_ex.c.obj
LOAD lib/stm32g0-hal/CMakeFiles/stm32g0-hal.dir/lib/STM32G0xx_HAL_Driver/Src/stm32g0xx_hal_dma.c.obj
LOAD lib/stm32g0-hal/CMakeFiles/stm32g0-hal.dir/lib/STM32G0xx_HAL_Driver/Src/stm32g0xx_hal_dma_ex.c.obj
LOAD lib/stm32g0-hal/CMakeFiles/stm32g0-hal.dir/lib/STM32G0xx_HAL_Driver/Src/stm32g0xx_hal_exti.c.obj
LOAD lib/stm32g0-hal/CMakeFiles/stm32g0-hal.dir/lib/STM32G0xx_HAL_Driver/Src/stm32g0xx_hal_fdcan.c.obj
LOAD lib/stm32g0-hal/CMakeFiles/stm32g0-hal.dir/lib/STM32G0xx_HAL_Driver/Src/stm32g0xx_hal_flash.c.obj
LOAD lib/stm32g0-hal/CMakeFiles/stm32g0-hal.dir/lib/STM32G0xx_HAL_Driver/Src/stm32g0xx_hal_flash_ex.c.obj
LOAD lib/stm32g0-hal/CMakeFiles/stm32g0-hal.dir/lib/STM32G0xx_HAL_Driver/Src/stm32g0xx_hal_gpio.c.obj
LOAD lib/stm32g0-hal/CMakeFiles/stm32g0-hal.dir/lib/STM32G0xx_HAL_Driver/Src/stm32g0xx_hal_i2c.c.obj
LOAD lib/stm32g0-hal/CMakeFiles/stm32g0-hal.dir/lib/STM32G0xx_HAL_Driver/Src/stm32g0xx_hal_i2c_ex.c.obj
LOAD lib/stm32g0-hal/CMakeFiles/stm32g0-hal.dir/lib/STM32G0xx_HAL_Driver/Src/stm32g0xx_hal_iwdg.c.obj
LOAD lib/stm32g0-hal/CMakeFiles/stm32g0-hal.dir/lib/STM32G0xx_HAL_Driver/Src/stm32g0xx_hal_pwr.c.obj
LOAD lib/stm32g0-hal/CMakeFiles/stm32g0-hal.dir/lib/STM32G0xx_HAL_Driver/Src/stm32g0xx_hal_pwr_ex.c.obj
LOAD lib/stm32g0-hal/CMakeFiles/stm32g0-hal.dir/lib/STM32G0xx_HAL_Driver/Src/stm32g0xx_hal_rcc.c.obj
LOAD lib/stm32g0-hal/CMakeFiles/stm32g0-hal.dir/lib/STM32G0xx_HAL_Driver/Src/stm32g0xx_hal_rcc_ex.c.obj
LOAD lib/stm32g0-hal/CMakeFiles/stm32g0-hal.dir/lib/STM32G0xx_HAL_Driver/Src/stm32g0xx_hal_rtc.c.obj
LOAD lib/stm32g0-hal/CMakeFiles/stm32g0-hal.dir/lib/STM32G0xx_HAL_Driver/Src/stm32g0xx_hal_rtc_ex.c.obj
LOAD lib/stm32g0-hal/CMakeFiles/stm32g0-hal.dir/lib/STM32G0xx_HAL_Driver/Src/stm32g0xx_hal_spi.c.obj
LOAD lib/stm32g0-hal/CMakeFiles/stm32g0-hal.dir/lib/STM32G0xx_HAL_Driver/Src/stm32g0xx_hal_spi_ex.c.obj
LOAD lib/stm32g0-hal/CMakeFiles/stm32g0-hal.dir/lib/STM32G0xx_HAL_Driver/Src/stm32g0xx_hal_tim.c.obj
LOAD lib/stm32g0-hal/CMakeFiles/stm32g0-hal.dir/lib/STM32G0xx_HAL_Driver/Src/stm32g0xx_hal_tim_ex.c.obj
LOAD lib/stm32g0-hal/CMakeFiles/stm32g0-hal.dir/lib/STM32G0xx_HAL_Driver/Src/stm32g0xx_hal_uart.c.obj
LOAD lib/stm32g0-hal/CMakeFiles/stm32g0-hal.dir/lib/STM32G0xx_HAL_Driver/Src/stm32g0xx_hal_uart_ex.c.obj
LOAD lib/stm32g0-hal/CMakeFiles/stm32g0-hal.dir/lib/STM32G0xx_HAL_Driver/Src/stm32g0xx_ll_dma.c.obj
LOAD lib/stm32g0-hal/CMakeFiles/stm32g0-hal.dir/lib/STM32G0xx_HAL_Driver/Src/stm32g0xx_ll_rcc.c.obj
LOAD lib/segger-rtt/CMakeFiles/segger_rtt.dir/src/SEGGER_RTT.c.obj
LOAD lib/segger-rtt/CMakeFiles/segger_rtt.dir/src/SEGGER_RTT_Syscalls_GCC.c.obj
LOAD lib/segger-rtt/CMakeFiles/segger_rtt.dir/src/SEGGER_RTT_printf.c.obj
LOAD /usr/lib/gcc/arm-none-eabi/10.3.1/../../../arm-none-eabi/lib/thumb/v6-m/nofp/libstdc++_nano.a
LOAD /usr/lib/gcc/arm-none-eabi/10.3.1/../../../arm-none-eabi/lib/thumb/v6-m/nofp/libm.a
START GROUP
LOAD /usr/lib/gcc/arm-none-eabi/10.3.1/thumb/v6-m/nofp/libgcc.a
LOAD /usr/lib/gcc/arm-none-eabi/10.3.1/../../../arm-none-eabi/lib/thumb/v6-m/nofp/libc_nano.a
END GROUP
START GROUP
LOAD /usr/lib/gcc/arm-none-eabi/10.3.1/thumb/v6-m/nofp/libgcc.a
LOAD /usr/lib/gcc/arm-none-eabi/10.3.1/../../../arm-none-eabi/lib/thumb/v6-m/nofp/libc_nano.a
END GROUP
LOAD /usr/lib/gcc/arm-none-eabi/10.3.1/thumb/v6-m/nofp/crtend.o
LOAD /usr/lib/gcc/arm-none-eabi/10.3.1/thumb/v6-m/nofp/crtn.o
                0x0000000020024000                _estack = (ORIGIN (RAM) + LENGTH (RAM))
                0x0000000000000200                _Min_Heap_Size = 0x200
                0x0000000000000400                _Min_Stack_Size = 0x400
                0x000000000003e000                PROVIDE (__firmware_size = LENGTH (FLASH))
                0x0000000008000000                PROVIDE (__flash_start_address = ORIGIN (BOOTLOADER))
                0x0000000008003800                PROVIDE (__main_firmware_start_address = ORIGIN (FLASH))
                0x0000000008041800                PROVIDE (__downloaded_firmware_start_address = ORIGIN (DOWNLOADED_FW))
                0x000000000807f800                PROVIDE (__config_start_address = ORIGIN (CONFIG))

.isr_vector     0x0000000008003800       0xc0
                0x0000000008003800                . = ALIGN (0x4)
 *(.isr_vector)
 .isr_vector    0x0000000008003800       0xc0 lib/stm32g0-hal/CMakeFiles/stm32g0-hal.dir/src/startup_stm32g0c1ketx.s.obj
                0x0000000008003800                g_pfnVectors
                0x00000000080038c0                . = ALIGN (0x4)

.text           0x00000000080038c0     0xef00
                0x00000000080038c0                . = ALIGN (0x4)
 *(.text)
 .text          0x00000000080038c0       0x98 /usr/lib/gcc/arm-none-eabi/10.3.1/thumb/v6-m/nofp/crtbegin.o
 .text          0x0000000008003958        0x8 /usr/lib/gcc/arm-none-eabi/10.3.1/../../../arm-none-eabi/lib/thumb/v6-m/nofp/libm.a(lib_a-wf_atan2.o)
                0x0000000008003958                atan2f
 .text          0x0000000008003960       0x48 /usr/lib/gcc/arm-none-eabi/10.3.1/../../../arm-none-eabi/lib/thumb/v6-m/nofp/libm.a(lib_a-wf_sqrt.o)
                0x0000000008003960                sqrtf
 .text          0x00000000080039a8      0x10c /usr/lib/gcc/arm-none-eabi/10.3.1/../../../arm-none-eabi/lib/thumb/v6-m/nofp/libm.a(lib_a-ef_atan2.o)
                0x00000000080039a8                __ieee754_atan2f
 .text          0x0000000008003ab4       0xb0 /usr/lib/gcc/arm-none-eabi/10.3.1/../../../arm-none-eabi/lib/thumb/v6-m/nofp/libm.a(lib_a-ef_sqrt.o)
                0x0000000008003ab4                __ieee754_sqrtf
 .text          0x0000000008003b64      0x24c /usr/lib/gcc/arm-none-eabi/10.3.1/../../../arm-none-eabi/lib/thumb/v6-m/nofp/libm.a(lib_a-sf_atan.o)
                0x0000000008003b64                atanf
 .text          0x0000000008003db0        0x8 /usr/lib/gcc/arm-none-eabi/10.3.1/../../../arm-none-eabi/lib/thumb/v6-m/nofp/libm.a(lib_a-sf_fabs.o)
                0x0000000008003db0                fabsf
 .text          0x0000000008003db8        0x8 /usr/lib/gcc/arm-none-eabi/10.3.1/../../../arm-none-eabi/lib/thumb/v6-m/nofp/libm.a(lib_a-sf_nan.o)
                0x0000000008003db8                nanf
 .text          0x0000000008003dc0       0x14 /usr/lib/gcc/arm-none-eabi/10.3.1/thumb/v6-m/nofp/libgcc.a(_thumb1_case_uqi.o)
                0x0000000008003dc0                __gnu_thumb1_case_uqi
 .text          0x0000000008003dd4       0x14 /usr/lib/gcc/arm-none-eabi/10.3.1/thumb/v6-m/nofp/libgcc.a(_thumb1_case_shi.o)
                0x0000000008003dd4                __gnu_thumb1_case_shi
 .text          0x0000000008003de8      0x114 /usr/lib/gcc/arm-none-eabi/10.3.1/thumb/v6-m/nofp/libgcc.a(_udivsi3.o)
                0x0000000008003de8                __udivsi3
                0x0000000008003de8                __aeabi_uidiv
                0x0000000008003ef4                __aeabi_uidivmod
 .text          0x0000000008003efc      0x1d4 /usr/lib/gcc/arm-none-eabi/10.3.1/thumb/v6-m/nofp/libgcc.a(_divsi3.o)
                0x0000000008003efc                __aeabi_idiv
                0x0000000008003efc                __divsi3
                0x00000000080040c8                __aeabi_idivmod
 .text          0x00000000080040d0        0x4 /usr/lib/gcc/arm-none-eabi/10.3.1/thumb/v6-m/nofp/libgcc.a(_dvmd_tls.o)
                0x00000000080040d0                __aeabi_ldiv0
                0x00000000080040d0                __aeabi_idiv0
 .text          0x00000000080040d4       0x7c /usr/lib/gcc/arm-none-eabi/10.3.1/thumb/v6-m/nofp/libgcc.a(_arm_cmpdf2.o)
                0x00000000080040d4                __aeabi_cdrcmple
                0x00000000080040e4                __aeabi_cdcmple
                0x00000000080040e4                __aeabi_cdcmpeq
                0x00000000080040f4                __aeabi_dcmpeq
                0x0000000008004100                __aeabi_dcmplt
                0x0000000008004114                __aeabi_dcmple
                0x0000000008004128                __aeabi_dcmpgt
                0x000000000800413c                __aeabi_dcmpge
 .text          0x0000000008004150       0x74 /usr/lib/gcc/arm-none-eabi/10.3.1/thumb/v6-m/nofp/libgcc.a(_arm_cmpsf2.o)
                0x0000000008004150                __aeabi_cfrcmple
                0x0000000008004158                __aeabi_cfcmple
                0x0000000008004158                __aeabi_cfcmpeq
                0x0000000008004168                __aeabi_fcmpeq
                0x0000000008004174                __aeabi_fcmplt
                0x0000000008004188                __aeabi_fcmple
                0x000000000800419c                __aeabi_fcmpgt
                0x00000000080041b0                __aeabi_fcmpge
 .text          0x00000000080041c4       0x40 /usr/lib/gcc/arm-none-eabi/10.3.1/thumb/v6-m/nofp/libgcc.a(_aeabi_uldivmod.o)
                0x00000000080041c4                __aeabi_uldivmod
 .text          0x0000000008004204       0x30 /usr/lib/gcc/arm-none-eabi/10.3.1/thumb/v6-m/nofp/libgcc.a(_fixunssfsi.o)
                0x0000000008004204                __aeabi_f2uiz
                0x0000000008004204                __fixunssfsi
 .text          0x0000000008004234       0x3c /usr/lib/gcc/arm-none-eabi/10.3.1/thumb/v6-m/nofp/libgcc.a(_fixunsdfsi.o)
                0x0000000008004234                __fixunsdfsi
                0x0000000008004234                __aeabi_d2uiz
 .text          0x0000000008004270      0x198 /usr/lib/gcc/arm-none-eabi/10.3.1/thumb/v6-m/nofp/libgcc.a(_udivmoddi4.o)
                0x0000000008004270                __udivmoddi4
 .text          0x0000000008004408      0x33c /usr/lib/gcc/arm-none-eabi/10.3.1/thumb/v6-m/nofp/libgcc.a(addsf3.o)
                0x0000000008004408                __aeabi_fadd
 .text          0x0000000008004744      0x230 /usr/lib/gcc/arm-none-eabi/10.3.1/thumb/v6-m/nofp/libgcc.a(divsf3.o)
                0x0000000008004744                __aeabi_fdiv
 .text          0x0000000008004974       0x4c /usr/lib/gcc/arm-none-eabi/10.3.1/thumb/v6-m/nofp/libgcc.a(eqsf2.o)
                0x0000000008004974                __nesf2
                0x0000000008004974                __eqsf2
 .text          0x00000000080049c0       0x8c /usr/lib/gcc/arm-none-eabi/10.3.1/thumb/v6-m/nofp/libgcc.a(gesf2.o)
                0x00000000080049c0                __gtsf2
                0x00000000080049c0                __gesf2
 .text          0x0000000008004a4c       0x88 /usr/lib/gcc/arm-none-eabi/10.3.1/thumb/v6-m/nofp/libgcc.a(lesf2.o)
                0x0000000008004a4c                __lesf2
                0x0000000008004a4c                __ltsf2
 .text          0x0000000008004ad4      0x24c /usr/lib/gcc/arm-none-eabi/10.3.1/thumb/v6-m/nofp/libgcc.a(mulsf3.o)
                0x0000000008004ad4                __aeabi_fmul
 .text          0x0000000008004d20      0x35c /usr/lib/gcc/arm-none-eabi/10.3.1/thumb/v6-m/nofp/libgcc.a(subsf3.o)
                0x0000000008004d20                __aeabi_fsub
 .text          0x000000000800507c       0x2c /usr/lib/gcc/arm-none-eabi/10.3.1/thumb/v6-m/nofp/libgcc.a(unordsf2.o)
                0x000000000800507c                __aeabi_fcmpun
 .text          0x00000000080050a8       0x40 /usr/lib/gcc/arm-none-eabi/10.3.1/thumb/v6-m/nofp/libgcc.a(fixsfsi.o)
                0x00000000080050a8                __aeabi_f2iz
 .text          0x00000000080050e8       0x9c /usr/lib/gcc/arm-none-eabi/10.3.1/thumb/v6-m/nofp/libgcc.a(floatsisf.o)
                0x00000000080050e8                __aeabi_i2f
 .text          0x0000000008005184       0x84 /usr/lib/gcc/arm-none-eabi/10.3.1/thumb/v6-m/nofp/libgcc.a(floatunsisf.o)
                0x0000000008005184                __aeabi_ui2f
 .text          0x0000000008005208      0x678 /usr/lib/gcc/arm-none-eabi/10.3.1/thumb/v6-m/nofp/libgcc.a(adddf3.o)
                0x0000000008005208                __aeabi_dadd
 .text          0x0000000008005880      0x5ec /usr/lib/gcc/arm-none-eabi/10.3.1/thumb/v6-m/nofp/libgcc.a(divdf3.o)
                0x0000000008005880                __aeabi_ddiv
 .text          0x0000000008005e6c       0x84 /usr/lib/gcc/arm-none-eabi/10.3.1/thumb/v6-m/nofp/libgcc.a(eqdf2.o)
                0x0000000008005e6c                __eqdf2
                0x0000000008005e6c                __nedf2
 .text          0x0000000008005ef0       0xcc /usr/lib/gcc/arm-none-eabi/10.3.1/thumb/v6-m/nofp/libgcc.a(gedf2.o)
                0x0000000008005ef0                __gtdf2
                0x0000000008005ef0                __gedf2
 .text          0x0000000008005fbc       0xc8 /usr/lib/gcc/arm-none-eabi/10.3.1/thumb/v6-m/nofp/libgcc.a(ledf2.o)
                0x0000000008005fbc                __ltdf2
                0x0000000008005fbc                __ledf2
 .text          0x0000000008006084      0x4d8 /usr/lib/gcc/arm-none-eabi/10.3.1/thumb/v6-m/nofp/libgcc.a(muldf3.o)
                0x0000000008006084                __aeabi_dmul
 .text          0x000000000800655c      0x724 /usr/lib/gcc/arm-none-eabi/10.3.1/thumb/v6-m/nofp/libgcc.a(subdf3.o)
                0x000000000800655c                __aeabi_dsub
 .text          0x0000000008006c80       0x6c /usr/lib/gcc/arm-none-eabi/10.3.1/thumb/v6-m/nofp/libgcc.a(fixdfsi.o)
                0x0000000008006c80                __aeabi_d2iz
 .text          0x0000000008006cec       0x60 /usr/lib/gcc/arm-none-eabi/10.3.1/thumb/v6-m/nofp/libgcc.a(floatsidf.o)
                0x0000000008006cec                __aeabi_i2d
 .text          0x0000000008006d4c       0x90 /usr/lib/gcc/arm-none-eabi/10.3.1/thumb/v6-m/nofp/libgcc.a(extendsfdf2.o)
                0x0000000008006d4c                __aeabi_f2d
 .text          0x0000000008006ddc      0x110 /usr/lib/gcc/arm-none-eabi/10.3.1/thumb/v6-m/nofp/libgcc.a(truncdfsf2.o)
                0x0000000008006ddc                __aeabi_d2f
 .text          0x0000000008006eec       0x3c /usr/lib/gcc/arm-none-eabi/10.3.1/thumb/v6-m/nofp/libgcc.a(_clzsi2.o)
                0x0000000008006eec                __clzsi2
 .text          0x0000000008006f28       0x18 /usr/lib/gcc/arm-none-eabi/10.3.1/thumb/v6-m/nofp/libgcc.a(_clzdi2.o)
                0x0000000008006f28                __clzdi2
 .text          0x0000000008006f40       0x10 /usr/lib/gcc/arm-none-eabi/10.3.1/../../../arm-none-eabi/lib/thumb/v6-m/nofp/libc_nano.a(lib_a-abort.o)
                0x0000000008006f40                abort
 .text          0x0000000008006f50        0xc /usr/lib/gcc/arm-none-eabi/10.3.1/../../../arm-none-eabi/lib/thumb/v6-m/nofp/libc_nano.a(lib_a-atof.o)
                0x0000000008006f50                atof
 .text          0x0000000008006f5c        0xc /usr/lib/gcc/arm-none-eabi/10.3.1/../../../arm-none-eabi/lib/thumb/v6-m/nofp/libc_nano.a(lib_a-errno.o)
                0x0000000008006f5c                __errno
 .text          0x0000000008006f68       0x44 /usr/lib/gcc/arm-none-eabi/10.3.1/../../../arm-none-eabi/lib/thumb/v6-m/nofp/libc_nano.a(lib_a-init.o)
                0x0000000008006f68                __libc_init_array
 .text          0x0000000008006fac       0x28 /usr/lib/gcc/arm-none-eabi/10.3.1/../../../arm-none-eabi/lib/thumb/v6-m/nofp/libc_nano.a(lib_a-malloc.o)
                0x0000000008006fac                malloc
                0x0000000008006fc0                free
 .text          0x0000000008006fd4       0xa4 /usr/lib/gcc/arm-none-eabi/10.3.1/../../../arm-none-eabi/lib/thumb/v6-m/nofp/libc_nano.a(lib_a-memcpy-stub.o)
                0x0000000008006fd4                memcpy
 .text          0x0000000008007078       0xa8 /usr/lib/gcc/arm-none-eabi/10.3.1/../../../arm-none-eabi/lib/thumb/v6-m/nofp/libc_nano.a(lib_a-memset.o)
                0x0000000008007078                memset
 .text          0x0000000008007120       0xc0 /usr/lib/gcc/arm-none-eabi/10.3.1/../../../arm-none-eabi/lib/thumb/v6-m/nofp/libc_nano.a(lib_a-nano-freer.o)
                0x0000000008007120                _free_r
 .text          0x00000000080071e0       0xc4 /usr/lib/gcc/arm-none-eabi/10.3.1/../../../arm-none-eabi/lib/thumb/v6-m/nofp/libc_nano.a(lib_a-nano-mallocr.o)
                0x00000000080071e0                _malloc_r
 .text          0x00000000080072a4      0x7d8 /usr/lib/gcc/arm-none-eabi/10.3.1/../../../arm-none-eabi/lib/thumb/v6-m/nofp/libc_nano.a(lib_a-nano-vfprintf_float.o)
                0x00000000080072a4                __cvt
                0x00000000080073b4                __exponent
                0x0000000008007454                _printf_float
 .text          0x0000000008007a7c      0x3c4 /usr/lib/gcc/arm-none-eabi/10.3.1/../../../arm-none-eabi/lib/thumb/v6-m/nofp/libc_nano.a(lib_a-nano-vfprintf_i.o)
                0x0000000008007a7c                _printf_common
                0x0000000008007bb8                _printf_i
 .text          0x0000000008007e40       0x68 /usr/lib/gcc/arm-none-eabi/10.3.1/../../../arm-none-eabi/lib/thumb/v6-m/nofp/libc_nano.a(lib_a-printf.o)
                0x0000000008007e40                _printf_r
                0x0000000008007e40                _iprintf_r
                0x0000000008007e70                printf
                0x0000000008007e70                iprintf
 .text          0x0000000008007ea8       0xf0 /usr/lib/gcc/arm-none-eabi/10.3.1/../../../arm-none-eabi/lib/thumb/v6-m/nofp/libc_nano.a(lib_a-puts.o)
                0x0000000008007ea8                _puts_r
                0x0000000008007f84                puts
 .text          0x0000000008007f98       0x24 /usr/lib/gcc/arm-none-eabi/10.3.1/../../../arm-none-eabi/lib/thumb/v6-m/nofp/libc_nano.a(lib_a-sbrkr.o)
                0x0000000008007f98                _sbrk_r
 .text          0x0000000008007fbc       0x14 /usr/lib/gcc/arm-none-eabi/10.3.1/../../../arm-none-eabi/lib/thumb/v6-m/nofp/libc_nano.a(lib_a-setbuf.o)
                0x0000000008007fbc                setbuf
 .text          0x0000000008007fd0      0x198 /usr/lib/gcc/arm-none-eabi/10.3.1/../../../arm-none-eabi/lib/thumb/v6-m/nofp/libc_nano.a(lib_a-setvbuf.o)
                0x0000000008007fd0                setvbuf
 .text          0x0000000008008168      0x274 /usr/lib/gcc/arm-none-eabi/10.3.1/../../../arm-none-eabi/lib/thumb/v6-m/nofp/libc_nano.a(lib_a-signal.o)
                0x0000000008008168                _init_signal_r
                0x0000000008008198                _signal_r
                0x00000000080081e0                _raise_r
                0x0000000008008238                __sigtramp_r
                0x0000000008008294                raise
                0x00000000080082f0                signal
                0x0000000008008340                _init_signal
                0x0000000008008378                __sigtramp
 .text          0x00000000080083dc       0x30 /usr/lib/gcc/arm-none-eabi/10.3.1/../../../arm-none-eabi/lib/thumb/v6-m/nofp/libc_nano.a(lib_a-signalr.o)
                0x00000000080083dc                _kill_r
                0x0000000008008404                _getpid_r
 .text          0x000000000800840c       0x5c /usr/lib/gcc/arm-none-eabi/10.3.1/../../../arm-none-eabi/lib/thumb/v6-m/nofp/libc_nano.a(lib_a-strlen-stub.o)
                0x000000000800840c                strlen
 .text          0x0000000008008468       0x74 /usr/lib/gcc/arm-none-eabi/10.3.1/../../../arm-none-eabi/lib/thumb/v6-m/nofp/libc_nano.a(lib_a-strncmp.o)
                0x0000000008008468                strncmp
 .text          0x00000000080084dc     0x1128 /usr/lib/gcc/arm-none-eabi/10.3.1/../../../arm-none-eabi/lib/thumb/v6-m/nofp/libc_nano.a(lib_a-strtod.o)
                0x00000000080084dc                _strtod_l
                0x000000000800945c                _strtod_r
                0x000000000800946c                strtod_l
                0x0000000008009484                strtod
                0x00000000080094a0                strtof_l
                0x0000000008009550                strtof
 .text          0x0000000008009604      0x1b8 /usr/lib/gcc/arm-none-eabi/10.3.1/../../../arm-none-eabi/lib/thumb/v6-m/nofp/libc_nano.a(lib_a-strtol.o)
                0x0000000008009748                _strtol_r
                0x0000000008009764                strtol_l
                0x0000000008009790                strtol
 .text          0x00000000080097bc       0xec /usr/lib/gcc/arm-none-eabi/10.3.1/../../../arm-none-eabi/lib/thumb/v6-m/nofp/libc_nano.a(lib_a-wbuf.o)
                0x00000000080097bc                __swbuf_r
                0x0000000008009890                __swbuf
 .text          0x00000000080098a8      0x10c /usr/lib/gcc/arm-none-eabi/10.3.1/../../../arm-none-eabi/lib/thumb/v6-m/nofp/libc_nano.a(lib_a-wsetup.o)
                0x00000000080098a8                __swsetup_r
 .text          0x00000000080099b4     0x1130 /usr/lib/gcc/arm-none-eabi/10.3.1/../../../arm-none-eabi/lib/thumb/v6-m/nofp/libc_nano.a(lib_a-dtoa.o)
                0x0000000008009afc                _dtoa_r
 .text          0x000000000800aae4      0x200 /usr/lib/gcc/arm-none-eabi/10.3.1/../../../arm-none-eabi/lib/thumb/v6-m/nofp/libc_nano.a(lib_a-fflush.o)
                0x000000000800aae4                __sflush_r
                0x000000000800ac00                _fflush_r
                0x000000000800ac5c                fflush
 .text          0x000000000800ace4      0x268 /usr/lib/gcc/arm-none-eabi/10.3.1/../../../arm-none-eabi/lib/thumb/v6-m/nofp/libc_nano.a(lib_a-findfp.o)
                0x000000000800ace8                _cleanup_r
                0x000000000800acfc                __sfmoreglue
                0x000000000800ad2c                __sfp
                0x000000000800aee4                _cleanup
                0x000000000800aefc                __sinit
                0x000000000800af0c                __sfp_lock_acquire
                0x000000000800af10                __sfp_lock_release
                0x000000000800af14                __sinit_lock_acquire
                0x000000000800af18                __sinit_lock_release
                0x000000000800af1c                __fp_lock_all
                0x000000000800af34                __fp_unlock_all
 .text          0x000000000800af4c       0x88 /usr/lib/gcc/arm-none-eabi/10.3.1/../../../arm-none-eabi/lib/thumb/v6-m/nofp/libc_nano.a(lib_a-fwalk.o)
                0x000000000800af4c                _fwalk
                0x000000000800af8c                _fwalk_reent
 .text          0x000000000800afd4      0x670 /usr/lib/gcc/arm-none-eabi/10.3.1/../../../arm-none-eabi/lib/thumb/v6-m/nofp/libc_nano.a(lib_a-gdtoa-gethex.o)
                0x000000000800b078                __gethex
 .text          0x000000000800b644      0x1fc /usr/lib/gcc/arm-none-eabi/10.3.1/../../../arm-none-eabi/lib/thumb/v6-m/nofp/libc_nano.a(lib_a-gdtoa-hexnan.o)
                0x000000000800b644                __match
                0x000000000800b670                __hexnan
 .text          0x000000000800b840       0x14 /usr/lib/gcc/arm-none-eabi/10.3.1/../../../arm-none-eabi/lib/thumb/v6-m/nofp/libc_nano.a(lib_a-localeconv.o)
                0x000000000800b840                __localeconv_l
                0x000000000800b844                _localeconv_r
                0x000000000800b84c                localeconv
 .text          0x000000000800b854      0x10c /usr/lib/gcc/arm-none-eabi/10.3.1/../../../arm-none-eabi/lib/thumb/v6-m/nofp/libc_nano.a(lib_a-makebuf.o)
                0x000000000800b854                __smakebuf_r
                0x000000000800b90c                __swhatbuf_r
 .text          0x000000000800b960       0x44 /usr/lib/gcc/arm-none-eabi/10.3.1/../../../arm-none-eabi/lib/thumb/v6-m/nofp/libc_nano.a(lib_a-mbtowc_r.o)
                0x000000000800b960                _mbtowc_r
                0x000000000800b978                __ascii_mbtowc
 .text          0x000000000800b9a4       0x74 /usr/lib/gcc/arm-none-eabi/10.3.1/../../../arm-none-eabi/lib/thumb/v6-m/nofp/libc_nano.a(lib_a-memchr-stub.o)
                0x000000000800b9a4                memchr
 .text          0x000000000800ba18        0x8 /usr/lib/gcc/arm-none-eabi/10.3.1/../../../arm-none-eabi/lib/thumb/v6-m/nofp/libc_nano.a(lib_a-mlock.o)
                0x000000000800ba18                __malloc_lock
                0x000000000800ba1c                __malloc_unlock
 .text          0x000000000800ba20      0xb44 /usr/lib/gcc/arm-none-eabi/10.3.1/../../../arm-none-eabi/lib/thumb/v6-m/nofp/libc_nano.a(lib_a-mprec.o)
                0x000000000800ba20                _Balloc
                0x000000000800baa4                _Bfree
                0x000000000800baf0                __multadd
                0x000000000800bb90                __s2b
                0x000000000800bc40                __hi0bits
                0x000000000800bc78                __lo0bits
                0x000000000800bcd4                __i2b
                0x000000000800bd00                __multiply
                0x000000000800bea4                __pow5mult
                0x000000000800bfa4                __lshift
                0x000000000800c090                __mcmp
                0x000000000800c0c4                __mdiff
                0x000000000800c250                __ulp
                0x000000000800c298                __b2d
                0x000000000800c360                __d2b
                0x000000000800c438                __ratio
                0x000000000800c4a0                _mprec_log10
                0x000000000800c4d4                __copybits
                0x000000000800c514                __any_on
 .text          0x000000000800c564       0x1c /usr/lib/gcc/arm-none-eabi/10.3.1/../../../arm-none-eabi/lib/thumb/v6-m/nofp/libc_nano.a(lib_a-nano-callocr.o)
                0x000000000800c564                _calloc_r
 .text          0x000000000800c580      0x344 /usr/lib/gcc/arm-none-eabi/10.3.1/../../../arm-none-eabi/lib/thumb/v6-m/nofp/libc_nano.a(lib_a-nano-vfprintf.o)
                0x000000000800c5a8                __sfputs_r
                0x000000000800c5d4                __sprint_r
                0x000000000800c5f0                _vfiprintf_r
                0x000000000800c5f0                _vfprintf_r
                0x000000000800c8ac                vfiprintf
                0x000000000800c8ac                vfprintf
 .text          0x000000000800c8c4        0xc /usr/lib/gcc/arm-none-eabi/10.3.1/../../../arm-none-eabi/lib/thumb/v6-m/nofp/libc_nano.a(lib_a-s_nan.o)
                0x000000000800c8c4                nan
 .text          0x000000000800c8d0       0xa4 /usr/lib/gcc/arm-none-eabi/10.3.1/../../../arm-none-eabi/lib/thumb/v6-m/nofp/libc_nano.a(lib_a-stdio.o)
                0x000000000800c8d0                __sread
                0x000000000800c8f8                __seofread
                0x000000000800c8fc                __swrite
                0x000000000800c93c                __sseek
                0x000000000800c968                __sclose
 .text          0x000000000800c974       0x2c /usr/lib/gcc/arm-none-eabi/10.3.1/../../../arm-none-eabi/lib/thumb/v6-m/nofp/libc_nano.a(lib_a-wctomb_r.o)
                0x000000000800c974                _wctomb_r
                0x000000000800c984                __ascii_wctomb
 .text          0x000000000800c9a0       0x4c /usr/lib/gcc/arm-none-eabi/10.3.1/../../../arm-none-eabi/lib/thumb/v6-m/nofp/libc_nano.a(lib_a-assert.o)
                0x000000000800c9a0                __assert_func
                0x000000000800c9e0                __assert
 .text          0x000000000800c9ec       0x24 /usr/lib/gcc/arm-none-eabi/10.3.1/../../../arm-none-eabi/lib/thumb/v6-m/nofp/libc_nano.a(lib_a-closer.o)
                0x000000000800c9ec                _close_r
 .text          0x000000000800ca10       0x3c /usr/lib/gcc/arm-none-eabi/10.3.1/../../../arm-none-eabi/lib/thumb/v6-m/nofp/libc_nano.a(lib_a-fprintf.o)
                0x000000000800ca10                _fprintf_r
                0x000000000800ca10                _fiprintf_r
                0x000000000800ca28                fprintf
                0x000000000800ca28                fiprintf
 .text          0x000000000800ca4c       0x28 /usr/lib/gcc/arm-none-eabi/10.3.1/../../../arm-none-eabi/lib/thumb/v6-m/nofp/libc_nano.a(lib_a-fstatr.o)
                0x000000000800ca4c                _fstat_r
 .text          0x000000000800ca74      0x2f4 /usr/lib/gcc/arm-none-eabi/10.3.1/../../../arm-none-eabi/lib/thumb/v6-m/nofp/libc_nano.a(lib_a-fvwrite.o)
                0x000000000800ca74                __sfvwrite_r
 .text          0x000000000800cd68       0x24 /usr/lib/gcc/arm-none-eabi/10.3.1/../../../arm-none-eabi/lib/thumb/v6-m/nofp/libc_nano.a(lib_a-isattyr.o)
                0x000000000800cd68                _isatty_r
 .text          0x000000000800cd8c       0x28 /usr/lib/gcc/arm-none-eabi/10.3.1/../../../arm-none-eabi/lib/thumb/v6-m/nofp/libc_nano.a(lib_a-lseekr.o)
                0x000000000800cd8c                _lseek_r
 .text          0x000000000800cdb4       0xac /usr/lib/gcc/arm-none-eabi/10.3.1/../../../arm-none-eabi/lib/thumb/v6-m/nofp/libc_nano.a(lib_a-memmove.o)
                0x000000000800cdb4                memmove
 .text          0x000000000800ce60       0x50 /usr/lib/gcc/arm-none-eabi/10.3.1/../../../arm-none-eabi/lib/thumb/v6-m/nofp/libc_nano.a(lib_a-nano-reallocr.o)
                0x000000000800ce60                _realloc_r
 .text          0x000000000800ceb0       0x28 /usr/lib/gcc/arm-none-eabi/10.3.1/../../../arm-none-eabi/lib/thumb/v6-m/nofp/libc_nano.a(lib_a-readr.o)
                0x000000000800ceb0                _read_r
 .text          0x000000000800ced8       0x14 /usr/lib/gcc/arm-none-eabi/10.3.1/../../../arm-none-eabi/lib/thumb/v6-m/nofp/libc_nano.a(lib_a-nano-msizer.o)
                0x000000000800ced8                _malloc_usable_size_r
 .text          0x000000000800ceec       0x3c /usr/lib/gcc/arm-none-eabi/10.3.1/thumb/v6-m/nofp/libgcc.a(_fixdfdi.o)
                0x000000000800ceec                __aeabi_d2lz
                0x000000000800ceec                __fixdfdi
 .text          0x000000000800cf28       0x3c /usr/lib/gcc/arm-none-eabi/10.3.1/thumb/v6-m/nofp/libgcc.a(_fixunsdfdi.o)
                0x000000000800cf28                __aeabi_d2ulz
                0x000000000800cf28                __fixunsdfdi
 .text          0x000000000800cf64       0x2c /usr/lib/gcc/arm-none-eabi/10.3.1/thumb/v6-m/nofp/libgcc.a(_floatdidf.o)
                0x000000000800cf64                __floatdidf
                0x000000000800cf64                __aeabi_l2d
 .text          0x000000000800cf90       0x3c /usr/lib/gcc/arm-none-eabi/10.3.1/thumb/v6-m/nofp/libgcc.a(unorddf2.o)
                0x000000000800cf90                __aeabi_dcmpun
 .text          0x000000000800cfcc       0x4c /usr/lib/gcc/arm-none-eabi/10.3.1/thumb/v6-m/nofp/libgcc.a(floatunsidf.o)
                0x000000000800cfcc                __aeabi_ui2d
 *(.text*)
 .text._Z10init_Clockv
                0x000000000800d018      0x100 CMakeFiles/SmartFarmST32.dir/src/board_io.cpp.obj
                0x000000000800d018                init_Clock()
 .text._Z8init_DACv
                0x000000000800d118       0x54 CMakeFiles/SmartFarmST32.dir/src/board_io.cpp.obj
                0x000000000800d118                init_DAC()
 .text._Z8init_I2Cv
                0x000000000800d16c       0x68 CMakeFiles/SmartFarmST32.dir/src/board_io.cpp.obj
                0x000000000800d16c                init_I2C()
 .text._Z9init_UARTv
                0x000000000800d1d4      0x108 CMakeFiles/SmartFarmST32.dir/src/board_io.cpp.obj
                0x000000000800d1d4                init_UART()
 .text._Z13init_Watchdogv
                0x000000000800d2dc       0x2c CMakeFiles/SmartFarmST32.dir/src/board_io.cpp.obj
                0x000000000800d2dc                init_Watchdog()
 .text._Z22set_UART_Receive_Starth
                0x000000000800d308       0x2c CMakeFiles/SmartFarmST32.dir/src/board_io.cpp.obj
                0x000000000800d308                set_UART_Receive_Start(unsigned char)
 .text._Z24set_Watchdog_Timer_Resetv
                0x000000000800d334       0x14 CMakeFiles/SmartFarmST32.dir/src/board_io.cpp.obj
                0x000000000800d334                set_Watchdog_Timer_Reset()
 .text._Z14get_I2C_Handleh
                0x000000000800d348       0x18 CMakeFiles/SmartFarmST32.dir/src/board_io.cpp.obj
                0x000000000800d348                get_I2C_Handle(unsigned char)
 .text._Z15get_UART_Handleh
                0x000000000800d360       0x18 CMakeFiles/SmartFarmST32.dir/src/board_io.cpp.obj
                0x000000000800d360                get_UART_Handle(unsigned char)
 .text._Z16get_Accel_Objectv
                0x000000000800d378        0x8 CMakeFiles/SmartFarmST32.dir/src/board_io.cpp.obj
                0x000000000800d378                get_Accel_Object()
 .text._Z24get_Interface_Board_Typev
                0x000000000800d380        0xc CMakeFiles/SmartFarmST32.dir/src/board_io.cpp.obj
                0x000000000800d380                get_Interface_Board_Type()
 .text._Z27get_Interface_Board_Versionv
                0x000000000800d38c       0x16 CMakeFiles/SmartFarmST32.dir/src/board_io.cpp.obj
                0x000000000800d38c                get_Interface_Board_Version()
 *fill*         0x000000000800d3a2        0x2 
 .text._Z18get_P24V_PG_Statusv
                0x000000000800d3a4       0x10 CMakeFiles/SmartFarmST32.dir/src/board_io.cpp.obj
                0x000000000800d3a4                get_P24V_PG_Status()
 .text._Z22get_UART_Received_Byteh
                0x000000000800d3b4       0x14 CMakeFiles/SmartFarmST32.dir/src/board_io.cpp.obj
                0x000000000800d3b4                get_UART_Received_Byte(unsigned char)
 .text._Z14set_Status_LED15STATUS_LED_TYPEb
                0x000000000800d3c8       0x54 CMakeFiles/SmartFarmST32.dir/src/board_io.cpp.obj
                0x000000000800d3c8                set_Status_LED(STATUS_LED_TYPE, bool)
 .text._Z21set_LED_Driver_Enableb
                0x000000000800d41c       0x28 CMakeFiles/SmartFarmST32.dir/src/board_io.cpp.obj
                0x000000000800d41c                set_LED_Driver_Enable(bool)
 .text._Z20set_LED_Driver_Valuet
                0x000000000800d444       0x5c CMakeFiles/SmartFarmST32.dir/src/board_io.cpp.obj
                0x000000000800d444                set_LED_Driver_Value(unsigned short)
 .text._Z10set_Buzzerb
                0x000000000800d4a0       0x1c CMakeFiles/SmartFarmST32.dir/src/board_io.cpp.obj
                0x000000000800d4a0                set_Buzzer(bool)
 .text._Z9init_GPIOv
                0x000000000800d4bc      0x174 CMakeFiles/SmartFarmST32.dir/src/board_io.cpp.obj
                0x000000000800d4bc                init_GPIO()
 .text._Z15set_DAC_Voltagef
                0x000000000800d630       0x4c CMakeFiles/SmartFarmST32.dir/src/board_io.cpp.obj
                0x000000000800d630                set_DAC_Voltage(float)
 .text._Z13set_GPS_Resetb
                0x000000000800d67c       0x1c CMakeFiles/SmartFarmST32.dir/src/board_io.cpp.obj
                0x000000000800d67c                set_GPS_Reset(bool)
 .text._Z28set_Isolated_RS485_TX_Enableb
                0x000000000800d698       0x1c CMakeFiles/SmartFarmST32.dir/src/board_io.cpp.obj
                0x000000000800d698                set_Isolated_RS485_TX_Enable(bool)
 .text._Z17update_Status_LEDv
                0x000000000800d6b4       0x50 CMakeFiles/SmartFarmST32.dir/src/board_io.cpp.obj
                0x000000000800d6b4                update_Status_LED()
 .text.USART1_IRQHandler
                0x000000000800d704       0x10 CMakeFiles/SmartFarmST32.dir/src/board_io.cpp.obj
                0x000000000800d704                USART1_IRQHandler
 .text.USART2_LPUART2_IRQHandler
                0x000000000800d714       0x10 CMakeFiles/SmartFarmST32.dir/src/board_io.cpp.obj
                0x000000000800d714                USART2_LPUART2_IRQHandler
 .text.USART3_4_5_6_LPUART1_IRQHandler
                0x000000000800d724       0x18 CMakeFiles/SmartFarmST32.dir/src/board_io.cpp.obj
                0x000000000800d724                USART3_4_5_6_LPUART1_IRQHandler
 .text.startup._GLOBAL__sub_I_Error_Handler
                0x000000000800d73c       0x14 CMakeFiles/SmartFarmST32.dir/src/board_io.cpp.obj
 .text._Z16get_XOR_ChecksumPhth
                0x000000000800d750       0x18 CMakeFiles/SmartFarmST32.dir/src/checksum.cpp.obj
                0x000000000800d750                get_XOR_Checksum(unsigned char*, unsigned short, unsigned char)
 .text._ZN23Control_Interface_Board4initEv
                0x000000000800d768       0x84 CMakeFiles/SmartFarmST32.dir/src/control_interface_board.cpp.obj
                0x000000000800d768                Control_Interface_Board::init()
 .text._ZN23Control_Interface_Board24set_DI_Threshold_VoltageENS_12DI_THRESHOLDE
                0x000000000800d7ec       0x34 CMakeFiles/SmartFarmST32.dir/src/control_interface_board.cpp.obj
                0x000000000800d7ec                Control_Interface_Board::set_DI_Threshold_Voltage(Control_Interface_Board::DI_THRESHOLD)
 .text._ZN23Control_Interface_Board13set_DO_StatusEhb
                0x000000000800d820       0x4c CMakeFiles/SmartFarmST32.dir/src/control_interface_board.cpp.obj
                0x000000000800d820                Control_Interface_Board::set_DO_Status(unsigned char, bool)
 .text._ZN23Control_Interface_Board13get_DI_StatusEh
                0x000000000800d86c       0x24 CMakeFiles/SmartFarmST32.dir/src/control_interface_board.cpp.obj
                0x000000000800d86c                Control_Interface_Board::get_DI_Status(unsigned char)
 .text._ZN23Control_Interface_Board13get_DO_StatusEh
                0x000000000800d890       0x24 CMakeFiles/SmartFarmST32.dir/src/control_interface_board.cpp.obj
                0x000000000800d890                Control_Interface_Board::get_DO_Status(unsigned char)
 .text._ZN23Control_Interface_Board25get_Manual_Control_StatusEh
                0x000000000800d8b4       0x24 CMakeFiles/SmartFarmST32.dir/src/control_interface_board.cpp.obj
                0x000000000800d8b4                Control_Interface_Board::get_Manual_Control_Status(unsigned char)
 .text._ZN23Control_Interface_Board18get_DO_Current_RAWEh
                0x000000000800d8d8       0x14 CMakeFiles/SmartFarmST32.dir/src/control_interface_board.cpp.obj
                0x000000000800d8d8                Control_Interface_Board::get_DO_Current_RAW(unsigned char)
 .text._ZN23Control_Interface_Board17get_DO_Current_mAEh
                0x000000000800d8ec       0x5c CMakeFiles/SmartFarmST32.dir/src/control_interface_board.cpp.obj
                0x000000000800d8ec                Control_Interface_Board::get_DO_Current_mA(unsigned char)
 .text._ZN23Control_Interface_Board16update_ADC_ValueEv
                0x000000000800d948       0x10 CMakeFiles/SmartFarmST32.dir/src/control_interface_board.cpp.obj
                0x000000000800d948                Control_Interface_Board::update_ADC_Value()
 .text._ZN23Control_Interface_Board16update_DI_StatusEv
                0x000000000800d958       0x3c CMakeFiles/SmartFarmST32.dir/src/control_interface_board.cpp.obj
                0x000000000800d958                Control_Interface_Board::update_DI_Status()
 .text._ZN23Control_Interface_Board16update_DO_StatusEv
                0x000000000800d994       0x94 CMakeFiles/SmartFarmST32.dir/src/control_interface_board.cpp.obj
                0x000000000800d994                Control_Interface_Board::update_DO_Status()
 .text._ZN23Control_Interface_Board27update_Manual_Switch_StatusEv
                0x000000000800da28       0x7c CMakeFiles/SmartFarmST32.dir/src/control_interface_board.cpp.obj
                0x000000000800da28                Control_Interface_Board::update_Manual_Switch_Status()
 .text._ZN23Control_Interface_Board23Received_Packet_HandlerEP14Packet_ManagerPKN8Protocol10Packet_PtrERNS2_23Command_Response_PacketE
                0x000000000800daa4      0x1b8 CMakeFiles/SmartFarmST32.dir/src/control_interface_board.cpp.obj
                0x000000000800daa4                Control_Interface_Board::Received_Packet_Handler(Packet_Manager*, Protocol::Packet_Ptr const*, Protocol::Command_Response_Packet&)
 .text.startup._GLOBAL__sub_I__ZN23Control_Interface_Board3adcE
                0x000000000800dc5c       0x14 CMakeFiles/SmartFarmST32.dir/src/control_interface_board.cpp.obj
 .text._ZN16Firmware_Manager23Received_Packet_HandlerEP14Packet_ManagerPKN8Protocol10Packet_PtrERNS2_23Command_Response_PacketE
                0x000000000800dc70      0x20c CMakeFiles/SmartFarmST32.dir/src/firmware_manager.cpp.obj
                0x000000000800dc70                Firmware_Manager::Received_Packet_Handler(Packet_Manager*, Protocol::Packet_Ptr const*, Protocol::Command_Response_Packet&)
 .text._ZN10GPS_Parser8get_DataEv
                0x000000000800de7c        0x2 CMakeFiles/SmartFarmST32.dir/src/gps_parser.cpp.obj
                0x000000000800de7c                GPS_Parser::get_Data()
 *fill*         0x000000000800de7e        0x2 
 .text._ZN10GPS_Parser6updateEv
                0x000000000800de80      0x164 CMakeFiles/SmartFarmST32.dir/src/gps_parser.cpp.obj
                0x000000000800de80                GPS_Parser::update()
 .text._ZN10GPS_Parser8set_DataEh
                0x000000000800dfe4       0xc6 CMakeFiles/SmartFarmST32.dir/src/gps_parser.cpp.obj
                0x000000000800dfe4                GPS_Parser::set_Data(unsigned char)
 .text._Z23Received_Packet_HandlerP14Packet_ManagerPKN8Protocol10Packet_PtrERNS1_23Command_Response_PacketE
                0x000000000800e0aa       0x60 CMakeFiles/SmartFarmST32.dir/src/main.cpp.obj
                0x000000000800e0aa                Received_Packet_Handler(Packet_Manager*, Protocol::Packet_Ptr const*, Protocol::Command_Response_Packet&)
 *fill*         0x000000000800e10a        0x2 
 .text.HAL_UART_RxCpltCallback
                0x000000000800e10c       0x84 CMakeFiles/SmartFarmST32.dir/src/main.cpp.obj
                0x000000000800e10c                HAL_UART_RxCpltCallback
 .text.startup.main
                0x000000000800e190      0x134 CMakeFiles/SmartFarmST32.dir/src/main.cpp.obj
                0x000000000800e190                main
 .text.startup._GLOBAL__sub_I_uart_test_message
                0x000000000800e2c4       0x18 CMakeFiles/SmartFarmST32.dir/src/main.cpp.obj
 .text._ZN7MXC66559get_ValueEPNS_5ValueE
                0x000000000800e2dc       0xb8 CMakeFiles/SmartFarmST32.dir/src/mxc6655.cpp.obj
                0x000000000800e2dc                MXC6655::get_Value(MXC6655::Value*)
 .text._ZN7MXC665524get_Angular_DisplacementEPNS_20Angular_DisplacementE
                0x000000000800e394       0xdc CMakeFiles/SmartFarmST32.dir/src/mxc6655.cpp.obj
                0x000000000800e394                MXC6655::get_Angular_Displacement(MXC6655::Angular_Displacement*)
 .text._ZN22OnBoard_Packet_Handler12set_GPS_DataEh
                0x000000000800e470       0x10 CMakeFiles/SmartFarmST32.dir/src/onboard_packet_hadnler.cpp.obj
                0x000000000800e470                OnBoard_Packet_Handler::set_GPS_Data(unsigned char)
 .text._ZN22OnBoard_Packet_Handler7HandlerEP14Packet_ManagerPKN8Protocol10Packet_PtrERNS2_23Command_Response_PacketE
                0x000000000800e480       0x74 CMakeFiles/SmartFarmST32.dir/src/onboard_packet_hadnler.cpp.obj
                0x000000000800e480                OnBoard_Packet_Handler::Handler(Packet_Manager*, Protocol::Packet_Ptr const*, Protocol::Command_Response_Packet&)
 .text.startup._GLOBAL__sub_I__ZN22OnBoard_Packet_Handler3gpsE
                0x000000000800e4f4       0x28 CMakeFiles/SmartFarmST32.dir/src/onboard_packet_hadnler.cpp.obj
 .text._ZN14Packet_Manager4initEP20__UART_HandleTypeDefyPFhPS_PKN8Protocol10Packet_PtrERNS3_23Command_Response_PacketEE
                0x000000000800e51c       0x24 CMakeFiles/SmartFarmST32.dir/src/packet_manager.cpp.obj
                0x000000000800e51c                Packet_Manager::init(__UART_HandleTypeDef*, unsigned long long, unsigned char (*)(Packet_Manager*, Protocol::Packet_Ptr const*, Protocol::Command_Response_Packet&))
 .text._ZN14Packet_Manager17set_Transmit_DataEPht
                0x000000000800e540       0x48 CMakeFiles/SmartFarmST32.dir/src/packet_manager.cpp.obj
                0x000000000800e540                Packet_Manager::set_Transmit_Data(unsigned char*, unsigned short)
 .text._ZN14Packet_Manager22update_Received_PacketEv
                0x000000000800e588       0x64 CMakeFiles/SmartFarmST32.dir/src/packet_manager.cpp.obj
                0x000000000800e588                Packet_Manager::update_Received_Packet()
 .text._ZN14Packet_Manager17update_Status_LEDEv
                0x000000000800e5ec       0x1a CMakeFiles/SmartFarmST32.dir/src/packet_manager.cpp.obj
                0x000000000800e5ec                Packet_Manager::update_Status_LED()
 *fill*         0x000000000800e606        0x2 
 .text._ZN14Packet_Manager17set_Received_DataEh
                0x000000000800e608      0x13c CMakeFiles/SmartFarmST32.dir/src/packet_manager.cpp.obj
                0x000000000800e608                Packet_Manager::set_Received_Data(unsigned char)
 .text._ZN14Packet_Manager22update_Transmit_PacketEv
                0x000000000800e744       0x42 CMakeFiles/SmartFarmST32.dir/src/packet_manager.cpp.obj
                0x000000000800e744                Packet_Manager::update_Transmit_Packet()
 .text._ZN8Protocol23Command_Response_Packet9init_DataEPhh
                0x000000000800e786       0x6c CMakeFiles/SmartFarmST32.dir/src/protocol.cpp.obj
                0x000000000800e786                Protocol::Command_Response_Packet::init_Data(unsigned char*, unsigned char)
 .text._ZN8Protocol23Command_Response_Packet10get_BufferEPht
                0x000000000800e7f2       0x46 CMakeFiles/SmartFarmST32.dir/src/protocol.cpp.obj
                0x000000000800e7f2                Protocol::Command_Response_Packet::get_Buffer(unsigned char*, unsigned short)
 .text._ZN8Protocol23Command_Response_Packet8get_SizeEv
                0x000000000800e838        0x6 CMakeFiles/SmartFarmST32.dir/src/protocol.cpp.obj
                0x000000000800e838                Protocol::Command_Response_Packet::get_Size()
 *fill*         0x000000000800e83e        0x2 
 .text._ZN22Sensor_Interface_Board16set_Power_OutputEb
                0x000000000800e840       0x48 CMakeFiles/SmartFarmST32.dir/src/sensor_interface_board.cpp.obj
                0x000000000800e840                Sensor_Interface_Board::set_Power_Output(bool)
 .text._ZN22Sensor_Interface_Board16set_System_PowerEb
                0x000000000800e888       0x78 CMakeFiles/SmartFarmST32.dir/src/sensor_interface_board.cpp.obj
                0x000000000800e888                Sensor_Interface_Board::set_System_Power(bool)
 .text._ZN22Sensor_Interface_Board12set_UART_MuxEhb
                0x000000000800e900       0x30 CMakeFiles/SmartFarmST32.dir/src/sensor_interface_board.cpp.obj
                0x000000000800e900                Sensor_Interface_Board::set_UART_Mux(unsigned char, bool)
 .text._ZN22Sensor_Interface_Board19set_UART_Mux_TargetEhh
                0x000000000800e930       0x6c CMakeFiles/SmartFarmST32.dir/src/sensor_interface_board.cpp.obj
                0x000000000800e930                Sensor_Interface_Board::set_UART_Mux_Target(unsigned char, unsigned char)
 .text._ZN22Sensor_Interface_Board11set_DB9_MuxEhb
                0x000000000800e99c       0x30 CMakeFiles/SmartFarmST32.dir/src/sensor_interface_board.cpp.obj
                0x000000000800e99c                Sensor_Interface_Board::set_DB9_Mux(unsigned char, bool)
 .text._ZN22Sensor_Interface_Board18set_DB9_Mux_TargetEhh
                0x000000000800e9cc       0x6c CMakeFiles/SmartFarmST32.dir/src/sensor_interface_board.cpp.obj
                0x000000000800e9cc                Sensor_Interface_Board::set_DB9_Mux_Target(unsigned char, unsigned char)
 .text._ZN22Sensor_Interface_Board18set_DB9_12V_OutputEb
                0x000000000800ea38       0x2c CMakeFiles/SmartFarmST32.dir/src/sensor_interface_board.cpp.obj
                0x000000000800ea38                Sensor_Interface_Board::set_DB9_12V_Output(bool)
 .text._ZN22Sensor_Interface_Board18set_Interface_ModeEhNS_14INTERFACE_MODEE
                0x000000000800ea64       0x64 CMakeFiles/SmartFarmST32.dir/src/sensor_interface_board.cpp.obj
                0x000000000800ea64                Sensor_Interface_Board::set_Interface_Mode(unsigned char, Sensor_Interface_Board::INTERFACE_MODE)
 .text._ZN22Sensor_Interface_Board4initEv
                0x000000000800eac8      0x128 CMakeFiles/SmartFarmST32.dir/src/sensor_interface_board.cpp.obj
                0x000000000800eac8                Sensor_Interface_Board::init()
 .text._ZN22Sensor_Interface_Board16set_Interface_TXEhb
                0x000000000800ebf0       0xe0 CMakeFiles/SmartFarmST32.dir/src/sensor_interface_board.cpp.obj
                0x000000000800ebf0                Sensor_Interface_Board::set_Interface_TX(unsigned char, bool)
 .text._ZN22Sensor_Interface_Board21set_Interface_RX_DataEhh
                0x000000000800ecd0       0x3c CMakeFiles/SmartFarmST32.dir/src/sensor_interface_board.cpp.obj
                0x000000000800ecd0                Sensor_Interface_Board::set_Interface_RX_Data(unsigned char, unsigned char)
 .text._ZN22Sensor_Interface_Board22set_Interface_RX_StartEh
                0x000000000800ed0c       0x12 CMakeFiles/SmartFarmST32.dir/src/sensor_interface_board.cpp.obj
                0x000000000800ed0c                Sensor_Interface_Board::set_Interface_RX_Start(unsigned char)
 .text._ZN22Sensor_Interface_Board20get_Interface_HandleEh
                0x000000000800ed1e       0x16 CMakeFiles/SmartFarmST32.dir/src/sensor_interface_board.cpp.obj
                0x000000000800ed1e                Sensor_Interface_Board::get_Interface_Handle(unsigned char)
 .text._ZN22Sensor_Interface_Board21set_Interface_SettingERKN8Protocol9Interface14Setting_BufferE
                0x000000000800ed34      0x104 CMakeFiles/SmartFarmST32.dir/src/sensor_interface_board.cpp.obj
                0x000000000800ed34                Sensor_Interface_Board::set_Interface_Setting(Protocol::Interface::Setting_Buffer const&)
 .text._ZN22Sensor_Interface_Board15get_Voltage_RAWEh
                0x000000000800ee38       0x1c CMakeFiles/SmartFarmST32.dir/src/sensor_interface_board.cpp.obj
                0x000000000800ee38                Sensor_Interface_Board::get_Voltage_RAW(unsigned char)
 .text._ZN22Sensor_Interface_Board14get_Voltage_mVEh
                0x000000000800ee54       0x40 CMakeFiles/SmartFarmST32.dir/src/sensor_interface_board.cpp.obj
                0x000000000800ee54                Sensor_Interface_Board::get_Voltage_mV(unsigned char)
 .text._ZN22Sensor_Interface_Board15get_Current_RAWEh
                0x000000000800ee94       0x1c CMakeFiles/SmartFarmST32.dir/src/sensor_interface_board.cpp.obj
                0x000000000800ee94                Sensor_Interface_Board::get_Current_RAW(unsigned char)
 .text._ZN22Sensor_Interface_Board14get_Current_uAEh
                0x000000000800eeb0       0x2c CMakeFiles/SmartFarmST32.dir/src/sensor_interface_board.cpp.obj
                0x000000000800eeb0                Sensor_Interface_Board::get_Current_uA(unsigned char)
 .text._ZN22Sensor_Interface_Board16update_ADC_ValueEv
                0x000000000800eedc       0x10 CMakeFiles/SmartFarmST32.dir/src/sensor_interface_board.cpp.obj
                0x000000000800eedc                Sensor_Interface_Board::update_ADC_Value()
 .text._ZN22Sensor_Interface_Board20update_RX_LED_StatusEv
                0x000000000800eeec       0x4c CMakeFiles/SmartFarmST32.dir/src/sensor_interface_board.cpp.obj
                0x000000000800eeec                Sensor_Interface_Board::update_RX_LED_Status()
 .text._ZN22Sensor_Interface_Board23Received_Packet_HandlerEP14Packet_ManagerPKN8Protocol10Packet_PtrERNS2_23Command_Response_PacketE
                0x000000000800ef38      0x1e8 CMakeFiles/SmartFarmST32.dir/src/sensor_interface_board.cpp.obj
                0x000000000800ef38                Sensor_Interface_Board::Received_Packet_Handler(Packet_Manager*, Protocol::Packet_Ptr const*, Protocol::Command_Response_Packet&)
 .text.startup._GLOBAL__sub_I__ZN22Sensor_Interface_Board16power_relay_infoE
                0x000000000800f120       0x14 CMakeFiles/SmartFarmST32.dir/src/sensor_interface_board.cpp.obj
 .text.HAL_MspInit
                0x000000000800f134       0x34 CMakeFiles/SmartFarmST32.dir/src/stm32g0xx_hal_msp.c.obj
                0x000000000800f134                HAL_MspInit
 .text.HAL_DAC_MspInit
                0x000000000800f168       0x5c CMakeFiles/SmartFarmST32.dir/src/stm32g0xx_hal_msp.c.obj
                0x000000000800f168                HAL_DAC_MspInit
 .text.HAL_I2C_MspInit
                0x000000000800f1c4       0xe8 CMakeFiles/SmartFarmST32.dir/src/stm32g0xx_hal_msp.c.obj
                0x000000000800f1c4                HAL_I2C_MspInit
 .text.HAL_UART_MspInit
                0x000000000800f2ac      0x1f8 CMakeFiles/SmartFarmST32.dir/src/stm32g0xx_hal_msp.c.obj
                0x000000000800f2ac                HAL_UART_MspInit
 .text.NMI_Handler
                0x000000000800f4a4        0x2 CMakeFiles/SmartFarmST32.dir/src/stm32g0xx_it.c.obj
                0x000000000800f4a4                NMI_Handler
 .text.HardFault_Handler
                0x000000000800f4a6        0x2 CMakeFiles/SmartFarmST32.dir/src/stm32g0xx_it.c.obj
                0x000000000800f4a6                HardFault_Handler
 .text.SVC_Handler
                0x000000000800f4a8        0x2 CMakeFiles/SmartFarmST32.dir/src/stm32g0xx_it.c.obj
                0x000000000800f4a8                SVC_Handler
 .text.PendSV_Handler
                0x000000000800f4aa        0x2 CMakeFiles/SmartFarmST32.dir/src/stm32g0xx_it.c.obj
                0x000000000800f4aa                PendSV_Handler
 .text.SysTick_Handler
                0x000000000800f4ac        0x8 CMakeFiles/SmartFarmST32.dir/src/stm32g0xx_it.c.obj
                0x000000000800f4ac                SysTick_Handler
 .text._Z15Switch_Fan_initv
                0x000000000800f4b4       0x20 CMakeFiles/SmartFarmST32.dir/src/switch_fan.cpp.obj
                0x000000000800f4b4                Switch_Fan_init()
 .text._Z10Switch_Fanv
                0x000000000800f4d4       0x28 CMakeFiles/SmartFarmST32.dir/src/switch_fan.cpp.obj
                0x000000000800f4d4                Switch_Fan()
 .text._ZN12SystemConfig17get_Firmware_SizeEv
                0x000000000800f4fc        0x8 CMakeFiles/SmartFarmST32.dir/src/system_config.cpp.obj
                0x000000000800f4fc                SystemConfig::get_Firmware_Size()
 .text._ZN12SystemConfig37get_Downloaded_Firmware_Start_AddressEv
                0x000000000800f504        0x8 CMakeFiles/SmartFarmST32.dir/src/system_config.cpp.obj
                0x000000000800f504                SystemConfig::get_Downloaded_Firmware_Start_Address()
 .text._ZN12SystemConfig31get_Main_Firmware_Start_AddressEv
                0x000000000800f50c        0x8 CMakeFiles/SmartFarmST32.dir/src/system_config.cpp.obj
                0x000000000800f50c                SystemConfig::get_Main_Firmware_Start_Address()
 .text._ZN12SystemConfig16get_Valid_StatusEv
                0x000000000800f514       0x14 CMakeFiles/SmartFarmST32.dir/src/system_config.cpp.obj
                0x000000000800f514                SystemConfig::get_Valid_Status()
 .text._ZN12SystemConfig22get_Reset_Request_FlagEv
                0x000000000800f528        0xc CMakeFiles/SmartFarmST32.dir/src/system_config.cpp.obj
                0x000000000800f528                SystemConfig::get_Reset_Request_Flag()
 .text._ZN12SystemConfig22set_Reset_Request_FlagEb
                0x000000000800f534        0xc CMakeFiles/SmartFarmST32.dir/src/system_config.cpp.obj
                0x000000000800f534                SystemConfig::set_Reset_Request_Flag(bool)
 .text._ZN12SystemConfig15set_Erase_FlashEm
                0x000000000800f540      0x108 CMakeFiles/SmartFarmST32.dir/src/system_config.cpp.obj
                0x000000000800f540                SystemConfig::set_Erase_Flash(unsigned long)
 .text._ZN12SystemConfig23set_Update_Request_FlagEb
                0x000000000800f648       0x40 CMakeFiles/SmartFarmST32.dir/src/system_config.cpp.obj
                0x000000000800f648                SystemConfig::set_Update_Request_Flag(bool)
 .text._ZN12SystemConfig14set_Flash_DataEmy
                0x000000000800f688       0x58 CMakeFiles/SmartFarmST32.dir/src/system_config.cpp.obj
                0x000000000800f688                SystemConfig::set_Flash_Data(unsigned long, unsigned long long)
 .text._ZN7TLA25284initEP19__I2C_HandleTypeDefhf
                0x000000000800f6e0       0x8c CMakeFiles/SmartFarmST32.dir/src/tla2528.cpp.obj
                0x000000000800f6e0                TLA2528::init(__I2C_HandleTypeDef*, unsigned char, float)
 .text._ZN7TLA252811get_VoltageEh
                0x000000000800f76c       0x12 CMakeFiles/SmartFarmST32.dir/src/tla2528.cpp.obj
                0x000000000800f76c                TLA2528::get_Voltage(unsigned char)
 *fill*         0x000000000800f77e        0x2 
 .text._ZN7TLA252812update_ValueEv
                0x000000000800f780       0xb4 CMakeFiles/SmartFarmST32.dir/src/tla2528.cpp.obj
                0x000000000800f780                TLA2528::update_Value()
 .text._Z3maplllll
                0x000000000800f834       0x16 CMakeFiles/SmartFarmST32.dir/src/util.cpp.obj
                0x000000000800f834                map(long, long, long, long, long)
 *fill*         0x000000000800f84a        0x2 
 .text.Reset_Handler
                0x000000000800f84c       0x50 lib/stm32g0-hal/CMakeFiles/stm32g0-hal.dir/src/startup_stm32g0c1ketx.s.obj
                0x000000000800f84c                Reset_Handler
 .text.Default_Handler
                0x000000000800f89c        0x2 lib/stm32g0-hal/CMakeFiles/stm32g0-hal.dir/src/startup_stm32g0c1ketx.s.obj
                0x000000000800f89c                I2C2_3_IRQHandler
                0x000000000800f89c                TIM1_CC_IRQHandler
                0x000000000800f89c                ADC1_COMP_IRQHandler
                0x000000000800f89c                I2C1_IRQHandler
                0x000000000800f89c                TIM7_LPTIM2_IRQHandler
                0x000000000800f89c                TIM17_FDCAN_IT1_IRQHandler
                0x000000000800f89c                DMA1_Ch4_7_DMA2_Ch1_5_DMAMUX1_OVR_IRQHandler
                0x000000000800f89c                RCC_CRS_IRQHandler
                0x000000000800f89c                RTC_TAMP_IRQHandler
                0x000000000800f89c                SPI1_IRQHandler
                0x000000000800f89c                USB_UCPD1_2_IRQHandler
                0x000000000800f89c                EXTI2_3_IRQHandler
                0x000000000800f89c                PVD_VDDIO2_IRQHandler
                0x000000000800f89c                EXTI4_15_IRQHandler
                0x000000000800f89c                DMA1_Channel1_IRQHandler
                0x000000000800f89c                Default_Handler
                0x000000000800f89c                CEC_IRQHandler
                0x000000000800f89c                TIM14_IRQHandler
                0x000000000800f89c                TIM15_IRQHandler
                0x000000000800f89c                TIM3_TIM4_IRQHandler
                0x000000000800f89c                EXTI0_1_IRQHandler
                0x000000000800f89c                SPI2_3_IRQHandler
                0x000000000800f89c                AES_RNG_IRQHandler
                0x000000000800f89c                TIM6_DAC_LPTIM1_IRQHandler
                0x000000000800f89c                WWDG_IRQHandler
                0x000000000800f89c                TIM2_IRQHandler
                0x000000000800f89c                DMA1_Channel2_3_IRQHandler
                0x000000000800f89c                FLASH_IRQHandler
                0x000000000800f89c                TIM16_FDCAN_IT0_IRQHandler
                0x000000000800f89c                TIM1_BRK_UP_TRG_COM_IRQHandler
 .text._getpid  0x000000000800f89e        0x4 lib/stm32g0-hal/CMakeFiles/stm32g0-hal.dir/src/syscalls.c.obj
                0x000000000800f89e                _getpid
 .text._kill    0x000000000800f8a2       0x10 lib/stm32g0-hal/CMakeFiles/stm32g0-hal.dir/src/syscalls.c.obj
                0x000000000800f8a2                _kill
 .text._exit    0x000000000800f8b2        0xc lib/stm32g0-hal/CMakeFiles/stm32g0-hal.dir/src/syscalls.c.obj
                0x000000000800f8b2                _exit
 .text._read    0x000000000800f8be       0x1a lib/stm32g0-hal/CMakeFiles/stm32g0-hal.dir/src/syscalls.c.obj
                0x000000000800f8be                _read
 .text._close   0x000000000800f8d8        0x6 lib/stm32g0-hal/CMakeFiles/stm32g0-hal.dir/src/syscalls.c.obj
                0x000000000800f8d8                _close
 .text._fstat   0x000000000800f8de        0xa lib/stm32g0-hal/CMakeFiles/stm32g0-hal.dir/src/syscalls.c.obj
                0x000000000800f8de                _fstat
 .text._isatty  0x000000000800f8e8        0x4 lib/stm32g0-hal/CMakeFiles/stm32g0-hal.dir/src/syscalls.c.obj
                0x000000000800f8e8                _isatty
 .text._lseek   0x000000000800f8ec        0x4 lib/stm32g0-hal/CMakeFiles/stm32g0-hal.dir/src/syscalls.c.obj
                0x000000000800f8ec                _lseek
 .text._sbrk    0x000000000800f8f0       0x40 lib/stm32g0-hal/CMakeFiles/stm32g0-hal.dir/src/sysmem.c.obj
                0x000000000800f8f0                _sbrk
 .text.SystemInit
                0x000000000800f930        0x2 lib/stm32g0-hal/CMakeFiles/stm32g0-hal.dir/src/system_stm32g0xx.c.obj
                0x000000000800f930                SystemInit
 *fill*         0x000000000800f932        0x2 
 .text.HAL_InitTick
                0x000000000800f934       0x50 lib/stm32g0-hal/CMakeFiles/stm32g0-hal.dir/lib/STM32G0xx_HAL_Driver/Src/stm32g0xx_hal.c.obj
                0x000000000800f934                HAL_InitTick
 .text.HAL_Init
                0x000000000800f984       0x28 lib/stm32g0-hal/CMakeFiles/stm32g0-hal.dir/lib/STM32G0xx_HAL_Driver/Src/stm32g0xx_hal.c.obj
                0x000000000800f984                HAL_Init
 .text.HAL_IncTick
                0x000000000800f9ac       0x18 lib/stm32g0-hal/CMakeFiles/stm32g0-hal.dir/lib/STM32G0xx_HAL_Driver/Src/stm32g0xx_hal.c.obj
                0x000000000800f9ac                HAL_IncTick
 .text.HAL_GetTick
                0x000000000800f9c4        0xc lib/stm32g0-hal/CMakeFiles/stm32g0-hal.dir/lib/STM32G0xx_HAL_Driver/Src/stm32g0xx_hal.c.obj
                0x000000000800f9c4                HAL_GetTick
 .text.HAL_Delay
                0x000000000800f9d0       0x24 lib/stm32g0-hal/CMakeFiles/stm32g0-hal.dir/lib/STM32G0xx_HAL_Driver/Src/stm32g0xx_hal.c.obj
                0x000000000800f9d0                HAL_Delay
 .text.HAL_GetUIDw0
                0x000000000800f9f4        0xc lib/stm32g0-hal/CMakeFiles/stm32g0-hal.dir/lib/STM32G0xx_HAL_Driver/Src/stm32g0xx_hal.c.obj
                0x000000000800f9f4                HAL_GetUIDw0
 .text.HAL_GetUIDw1
                0x000000000800fa00        0xc lib/stm32g0-hal/CMakeFiles/stm32g0-hal.dir/lib/STM32G0xx_HAL_Driver/Src/stm32g0xx_hal.c.obj
                0x000000000800fa00                HAL_GetUIDw1
 .text.HAL_SYSCFG_StrobeDBattpinsConfig
                0x000000000800fa0c       0x18 lib/stm32g0-hal/CMakeFiles/stm32g0-hal.dir/lib/STM32G0xx_HAL_Driver/Src/stm32g0xx_hal.c.obj
                0x000000000800fa0c                HAL_SYSCFG_StrobeDBattpinsConfig
 .text.HAL_NVIC_SetPriority
                0x000000000800fa24       0x54 lib/stm32g0-hal/CMakeFiles/stm32g0-hal.dir/lib/STM32G0xx_HAL_Driver/Src/stm32g0xx_hal_cortex.c.obj
                0x000000000800fa24                HAL_NVIC_SetPriority
 .text.HAL_NVIC_EnableIRQ
                0x000000000800fa78       0x18 lib/stm32g0-hal/CMakeFiles/stm32g0-hal.dir/lib/STM32G0xx_HAL_Driver/Src/stm32g0xx_hal_cortex.c.obj
                0x000000000800fa78                HAL_NVIC_EnableIRQ
 .text.HAL_SYSTICK_Config
                0x000000000800fa90       0x34 lib/stm32g0-hal/CMakeFiles/stm32g0-hal.dir/lib/STM32G0xx_HAL_Driver/Src/stm32g0xx_hal_cortex.c.obj
                0x000000000800fa90                HAL_SYSTICK_Config
 .text.HAL_DAC_Init
                0x000000000800fac4       0x28 lib/stm32g0-hal/CMakeFiles/stm32g0-hal.dir/lib/STM32G0xx_HAL_Driver/Src/stm32g0xx_hal_dac.c.obj
                0x000000000800fac4                HAL_DAC_Init
 .text.HAL_DAC_Start
                0x000000000800faec       0x5e lib/stm32g0-hal/CMakeFiles/stm32g0-hal.dir/lib/STM32G0xx_HAL_Driver/Src/stm32g0xx_hal_dac.c.obj
                0x000000000800faec                HAL_DAC_Start
 .text.HAL_DAC_SetValue
                0x000000000800fb4a       0x2c lib/stm32g0-hal/CMakeFiles/stm32g0-hal.dir/lib/STM32G0xx_HAL_Driver/Src/stm32g0xx_hal_dac.c.obj
                0x000000000800fb4a                HAL_DAC_SetValue
 *fill*         0x000000000800fb76        0x2 
 .text.HAL_DAC_ConfigChannel
                0x000000000800fb78      0x124 lib/stm32g0-hal/CMakeFiles/stm32g0-hal.dir/lib/STM32G0xx_HAL_Driver/Src/stm32g0xx_hal_dac.c.obj
                0x000000000800fb78                HAL_DAC_ConfigChannel
 .text.HAL_DMA_Abort
                0x000000000800fc9c       0x70 lib/stm32g0-hal/CMakeFiles/stm32g0-hal.dir/lib/STM32G0xx_HAL_Driver/Src/stm32g0xx_hal_dma.c.obj
                0x000000000800fc9c                HAL_DMA_Abort
 .text.HAL_DMA_Abort_IT
                0x000000000800fd0c       0x70 lib/stm32g0-hal/CMakeFiles/stm32g0-hal.dir/lib/STM32G0xx_HAL_Driver/Src/stm32g0xx_hal_dma.c.obj
                0x000000000800fd0c                HAL_DMA_Abort_IT
 .text.HAL_DMA_GetError
                0x000000000800fd7c        0x4 lib/stm32g0-hal/CMakeFiles/stm32g0-hal.dir/lib/STM32G0xx_HAL_Driver/Src/stm32g0xx_hal_dma.c.obj
                0x000000000800fd7c                HAL_DMA_GetError
 .text.HAL_FLASH_Unlock
                0x000000000800fd80       0x24 lib/stm32g0-hal/CMakeFiles/stm32g0-hal.dir/lib/STM32G0xx_HAL_Driver/Src/stm32g0xx_hal_flash.c.obj
                0x000000000800fd80                HAL_FLASH_Unlock
 .text.HAL_FLASH_OB_Unlock
                0x000000000800fda4       0x28 lib/stm32g0-hal/CMakeFiles/stm32g0-hal.dir/lib/STM32G0xx_HAL_Driver/Src/stm32g0xx_hal_flash.c.obj
                0x000000000800fda4                HAL_FLASH_OB_Unlock
 .text.FLASH_WaitForLastOperation
                0x000000000800fdcc       0x70 lib/stm32g0-hal/CMakeFiles/stm32g0-hal.dir/lib/STM32G0xx_HAL_Driver/Src/stm32g0xx_hal_flash.c.obj
                0x000000000800fdcc                FLASH_WaitForLastOperation
 .text.HAL_FLASH_Program
                0x000000000800fe3c       0x68 lib/stm32g0-hal/CMakeFiles/stm32g0-hal.dir/lib/STM32G0xx_HAL_Driver/Src/stm32g0xx_hal_flash.c.obj
                0x000000000800fe3c                HAL_FLASH_Program
 .text.HAL_FLASH_Lock
                0x000000000800fea4       0x24 lib/stm32g0-hal/CMakeFiles/stm32g0-hal.dir/lib/STM32G0xx_HAL_Driver/Src/stm32g0xx_hal_flash.c.obj
                0x000000000800fea4                HAL_FLASH_Lock
 .text.FLASH_PageErase
                0x000000000800fec8       0x34 lib/stm32g0-hal/CMakeFiles/stm32g0-hal.dir/lib/STM32G0xx_HAL_Driver/Src/stm32g0xx_hal_flash_ex.c.obj
                0x000000000800fec8                FLASH_PageErase
 .text.HAL_FLASHEx_Erase
                0x000000000800fefc       0x94 lib/stm32g0-hal/CMakeFiles/stm32g0-hal.dir/lib/STM32G0xx_HAL_Driver/Src/stm32g0xx_hal_flash_ex.c.obj
                0x000000000800fefc                HAL_FLASHEx_Erase
 .text.HAL_GPIO_Init
                0x000000000800ff90      0x170 lib/stm32g0-hal/CMakeFiles/stm32g0-hal.dir/lib/STM32G0xx_HAL_Driver/Src/stm32g0xx_hal_gpio.c.obj
                0x000000000800ff90                HAL_GPIO_Init
 .text.HAL_GPIO_ReadPin
                0x0000000008010100        0xc lib/stm32g0-hal/CMakeFiles/stm32g0-hal.dir/lib/STM32G0xx_HAL_Driver/Src/stm32g0xx_hal_gpio.c.obj
                0x0000000008010100                HAL_GPIO_ReadPin
 .text.HAL_GPIO_WritePin
                0x000000000801010c        0xc lib/stm32g0-hal/CMakeFiles/stm32g0-hal.dir/lib/STM32G0xx_HAL_Driver/Src/stm32g0xx_hal_gpio.c.obj
                0x000000000801010c                HAL_GPIO_WritePin
 .text.I2C_Flush_TXDR
                0x0000000008010118       0x1c lib/stm32g0-hal/CMakeFiles/stm32g0-hal.dir/lib/STM32G0xx_HAL_Driver/Src/stm32g0xx_hal_i2c.c.obj
 .text.I2C_TransferConfig
                0x0000000008010134       0x2c lib/stm32g0-hal/CMakeFiles/stm32g0-hal.dir/lib/STM32G0xx_HAL_Driver/Src/stm32g0xx_hal_i2c.c.obj
 .text.I2C_IsErrorOccurred
                0x0000000008010160      0x108 lib/stm32g0-hal/CMakeFiles/stm32g0-hal.dir/lib/STM32G0xx_HAL_Driver/Src/stm32g0xx_hal_i2c.c.obj
 .text.I2C_WaitOnTXISFlagUntilTimeout
                0x0000000008010268       0x5a lib/stm32g0-hal/CMakeFiles/stm32g0-hal.dir/lib/STM32G0xx_HAL_Driver/Src/stm32g0xx_hal_i2c.c.obj
 .text.I2C_WaitOnFlagUntilTimeout
                0x00000000080102c2       0x6e lib/stm32g0-hal/CMakeFiles/stm32g0-hal.dir/lib/STM32G0xx_HAL_Driver/Src/stm32g0xx_hal_i2c.c.obj
 .text.I2C_WaitOnSTOPFlagUntilTimeout
                0x0000000008010330       0x54 lib/stm32g0-hal/CMakeFiles/stm32g0-hal.dir/lib/STM32G0xx_HAL_Driver/Src/stm32g0xx_hal_i2c.c.obj
 .text.I2C_WaitOnRXNEFlagUntilTimeout
                0x0000000008010384       0xa4 lib/stm32g0-hal/CMakeFiles/stm32g0-hal.dir/lib/STM32G0xx_HAL_Driver/Src/stm32g0xx_hal_i2c.c.obj
 .text.HAL_I2C_Init
                0x0000000008010428       0xbc lib/stm32g0-hal/CMakeFiles/stm32g0-hal.dir/lib/STM32G0xx_HAL_Driver/Src/stm32g0xx_hal_i2c.c.obj
                0x0000000008010428                HAL_I2C_Init
 .text.HAL_I2C_Master_Transmit
                0x00000000080104e4      0x150 lib/stm32g0-hal/CMakeFiles/stm32g0-hal.dir/lib/STM32G0xx_HAL_Driver/Src/stm32g0xx_hal_i2c.c.obj
                0x00000000080104e4                HAL_I2C_Master_Transmit
 .text.HAL_I2C_Master_Receive
                0x0000000008010634      0x124 lib/stm32g0-hal/CMakeFiles/stm32g0-hal.dir/lib/STM32G0xx_HAL_Driver/Src/stm32g0xx_hal_i2c.c.obj
                0x0000000008010634                HAL_I2C_Master_Receive
 .text.HAL_I2CEx_ConfigAnalogFilter
                0x0000000008010758       0x4c lib/stm32g0-hal/CMakeFiles/stm32g0-hal.dir/lib/STM32G0xx_HAL_Driver/Src/stm32g0xx_hal_i2c_ex.c.obj
                0x0000000008010758                HAL_I2CEx_ConfigAnalogFilter
 .text.HAL_I2CEx_ConfigDigitalFilter
                0x00000000080107a4       0x48 lib/stm32g0-hal/CMakeFiles/stm32g0-hal.dir/lib/STM32G0xx_HAL_Driver/Src/stm32g0xx_hal_i2c_ex.c.obj
                0x00000000080107a4                HAL_I2CEx_ConfigDigitalFilter
 .text.HAL_IWDG_Init
                0x00000000080107ec       0x64 lib/stm32g0-hal/CMakeFiles/stm32g0-hal.dir/lib/STM32G0xx_HAL_Driver/Src/stm32g0xx_hal_iwdg.c.obj
                0x00000000080107ec                HAL_IWDG_Init
 .text.HAL_IWDG_Refresh
                0x0000000008010850       0x10 lib/stm32g0-hal/CMakeFiles/stm32g0-hal.dir/lib/STM32G0xx_HAL_Driver/Src/stm32g0xx_hal_iwdg.c.obj
                0x0000000008010850                HAL_IWDG_Refresh
 .text.HAL_PWR_EnableBkUpAccess
                0x0000000008010860       0x14 lib/stm32g0-hal/CMakeFiles/stm32g0-hal.dir/lib/STM32G0xx_HAL_Driver/Src/stm32g0xx_hal_pwr.c.obj
                0x0000000008010860                HAL_PWR_EnableBkUpAccess
 .text.HAL_PWREx_ControlVoltageScaling
                0x0000000008010874       0x58 lib/stm32g0-hal/CMakeFiles/stm32g0-hal.dir/lib/STM32G0xx_HAL_Driver/Src/stm32g0xx_hal_pwr_ex.c.obj
                0x0000000008010874                HAL_PWREx_ControlVoltageScaling
 .text.HAL_RCC_OscConfig
                0x00000000080108cc      0x4ac lib/stm32g0-hal/CMakeFiles/stm32g0-hal.dir/lib/STM32G0xx_HAL_Driver/Src/stm32g0xx_hal_rcc.c.obj
                0x00000000080108cc                HAL_RCC_OscConfig
 .text.HAL_RCC_MCOConfig
                0x0000000008010d78       0x60 lib/stm32g0-hal/CMakeFiles/stm32g0-hal.dir/lib/STM32G0xx_HAL_Driver/Src/stm32g0xx_hal_rcc.c.obj
                0x0000000008010d78                HAL_RCC_MCOConfig
 .text.HAL_RCC_GetSysClockFreq
                0x0000000008010dd8       0x8c lib/stm32g0-hal/CMakeFiles/stm32g0-hal.dir/lib/STM32G0xx_HAL_Driver/Src/stm32g0xx_hal_rcc.c.obj
                0x0000000008010dd8                HAL_RCC_GetSysClockFreq
 .text.HAL_RCC_ClockConfig
                0x0000000008010e64      0x15c lib/stm32g0-hal/CMakeFiles/stm32g0-hal.dir/lib/STM32G0xx_HAL_Driver/Src/stm32g0xx_hal_rcc.c.obj
                0x0000000008010e64                HAL_RCC_ClockConfig
 .text.HAL_RCC_GetPCLK1Freq
                0x0000000008010fc0       0x28 lib/stm32g0-hal/CMakeFiles/stm32g0-hal.dir/lib/STM32G0xx_HAL_Driver/Src/stm32g0xx_hal_rcc.c.obj
                0x0000000008010fc0                HAL_RCC_GetPCLK1Freq
 .text.HAL_RCCEx_PeriphCLKConfig
                0x0000000008010fe8      0x2a4 lib/stm32g0-hal/CMakeFiles/stm32g0-hal.dir/lib/STM32G0xx_HAL_Driver/Src/stm32g0xx_hal_rcc_ex.c.obj
                0x0000000008010fe8                HAL_RCCEx_PeriphCLKConfig
 .text.UART_EndRxTransfer
                0x000000000801128c       0x64 lib/stm32g0-hal/CMakeFiles/stm32g0-hal.dir/lib/STM32G0xx_HAL_Driver/Src/stm32g0xx_hal_uart.c.obj
 .text.HAL_UART_AbortReceive
                0x00000000080112f0       0xc0 lib/stm32g0-hal/CMakeFiles/stm32g0-hal.dir/lib/STM32G0xx_HAL_Driver/Src/stm32g0xx_hal_uart.c.obj
                0x00000000080112f0                HAL_UART_AbortReceive
 .text.HAL_UART_TxCpltCallback
                0x00000000080113b0        0x2 lib/stm32g0-hal/CMakeFiles/stm32g0-hal.dir/lib/STM32G0xx_HAL_Driver/Src/stm32g0xx_hal_uart.c.obj
                0x00000000080113b0                HAL_UART_TxCpltCallback
 .text.HAL_UART_ErrorCallback
                0x00000000080113b2        0x2 lib/stm32g0-hal/CMakeFiles/stm32g0-hal.dir/lib/STM32G0xx_HAL_Driver/Src/stm32g0xx_hal_uart.c.obj
                0x00000000080113b2                HAL_UART_ErrorCallback
 .text.UART_DMAAbortOnError
                0x00000000080113b4       0x16 lib/stm32g0-hal/CMakeFiles/stm32g0-hal.dir/lib/STM32G0xx_HAL_Driver/Src/stm32g0xx_hal_uart.c.obj
 .text.HAL_UARTEx_RxEventCallback
                0x00000000080113ca        0x2 lib/stm32g0-hal/CMakeFiles/stm32g0-hal.dir/lib/STM32G0xx_HAL_Driver/Src/stm32g0xx_hal_uart.c.obj
                0x00000000080113ca                HAL_UARTEx_RxEventCallback
 .text.HAL_UART_IRQHandler
                0x00000000080113cc      0x338 lib/stm32g0-hal/CMakeFiles/stm32g0-hal.dir/lib/STM32G0xx_HAL_Driver/Src/stm32g0xx_hal_uart.c.obj
                0x00000000080113cc                HAL_UART_IRQHandler
 .text.UART_RxISR_8BIT
                0x0000000008011704       0xec lib/stm32g0-hal/CMakeFiles/stm32g0-hal.dir/lib/STM32G0xx_HAL_Driver/Src/stm32g0xx_hal_uart.c.obj
 .text.UART_RxISR_16BIT
                0x00000000080117f0       0xe8 lib/stm32g0-hal/CMakeFiles/stm32g0-hal.dir/lib/STM32G0xx_HAL_Driver/Src/stm32g0xx_hal_uart.c.obj
 .text.UART_RxISR_8BIT_FIFOEN
                0x00000000080118d8      0x1e4 lib/stm32g0-hal/CMakeFiles/stm32g0-hal.dir/lib/STM32G0xx_HAL_Driver/Src/stm32g0xx_hal_uart.c.obj
 .text.UART_RxISR_16BIT_FIFOEN
                0x0000000008011abc      0x1e0 lib/stm32g0-hal/CMakeFiles/stm32g0-hal.dir/lib/STM32G0xx_HAL_Driver/Src/stm32g0xx_hal_uart.c.obj
 .text.UART_SetConfig
                0x0000000008011c9c      0x2e0 lib/stm32g0-hal/CMakeFiles/stm32g0-hal.dir/lib/STM32G0xx_HAL_Driver/Src/stm32g0xx_hal_uart.c.obj
                0x0000000008011c9c                UART_SetConfig
 .text.UART_AdvFeatureConfig
                0x0000000008011f7c       0xd0 lib/stm32g0-hal/CMakeFiles/stm32g0-hal.dir/lib/STM32G0xx_HAL_Driver/Src/stm32g0xx_hal_uart.c.obj
                0x0000000008011f7c                UART_AdvFeatureConfig
 .text.UART_WaitOnFlagUntilTimeout
                0x000000000801204c       0x94 lib/stm32g0-hal/CMakeFiles/stm32g0-hal.dir/lib/STM32G0xx_HAL_Driver/Src/stm32g0xx_hal_uart.c.obj
                0x000000000801204c                UART_WaitOnFlagUntilTimeout
 .text.HAL_UART_Transmit
                0x00000000080120e0       0xd6 lib/stm32g0-hal/CMakeFiles/stm32g0-hal.dir/lib/STM32G0xx_HAL_Driver/Src/stm32g0xx_hal_uart.c.obj
                0x00000000080120e0                HAL_UART_Transmit
 *fill*         0x00000000080121b6        0x2 
 .text.UART_CheckIdleState
                0x00000000080121b8       0xcc lib/stm32g0-hal/CMakeFiles/stm32g0-hal.dir/lib/STM32G0xx_HAL_Driver/Src/stm32g0xx_hal_uart.c.obj
                0x00000000080121b8                UART_CheckIdleState
 .text.HAL_UART_Init
                0x0000000008012284       0x68 lib/stm32g0-hal/CMakeFiles/stm32g0-hal.dir/lib/STM32G0xx_HAL_Driver/Src/stm32g0xx_hal_uart.c.obj
                0x0000000008012284                HAL_UART_Init
 .text.UART_Start_Receive_IT
                0x00000000080122ec      0x128 lib/stm32g0-hal/CMakeFiles/stm32g0-hal.dir/lib/STM32G0xx_HAL_Driver/Src/stm32g0xx_hal_uart.c.obj
                0x00000000080122ec                UART_Start_Receive_IT
 .text.HAL_UART_Receive_IT
                0x0000000008012414       0x74 lib/stm32g0-hal/CMakeFiles/stm32g0-hal.dir/lib/STM32G0xx_HAL_Driver/Src/stm32g0xx_hal_uart.c.obj
                0x0000000008012414                HAL_UART_Receive_IT
 .text.UARTEx_SetNbDataToProcess
                0x0000000008012488       0x50 lib/stm32g0-hal/CMakeFiles/stm32g0-hal.dir/lib/STM32G0xx_HAL_Driver/Src/stm32g0xx_hal_uart_ex.c.obj
 .text.HAL_UARTEx_WakeupCallback
                0x00000000080124d8        0x2 lib/stm32g0-hal/CMakeFiles/stm32g0-hal.dir/lib/STM32G0xx_HAL_Driver/Src/stm32g0xx_hal_uart_ex.c.obj
                0x00000000080124d8                HAL_UARTEx_WakeupCallback
 .text.HAL_UARTEx_RxFifoFullCallback
                0x00000000080124da        0x2 lib/stm32g0-hal/CMakeFiles/stm32g0-hal.dir/lib/STM32G0xx_HAL_Driver/Src/stm32g0xx_hal_uart_ex.c.obj
                0x00000000080124da                HAL_UARTEx_RxFifoFullCallback
 .text.HAL_UARTEx_TxFifoEmptyCallback
                0x00000000080124dc        0x2 lib/stm32g0-hal/CMakeFiles/stm32g0-hal.dir/lib/STM32G0xx_HAL_Driver/Src/stm32g0xx_hal_uart_ex.c.obj
                0x00000000080124dc                HAL_UARTEx_TxFifoEmptyCallback
 *fill*         0x00000000080124de        0x2 
 .text.HAL_UARTEx_DisableFifoMode
                0x00000000080124e0       0x3c lib/stm32g0-hal/CMakeFiles/stm32g0-hal.dir/lib/STM32G0xx_HAL_Driver/Src/stm32g0xx_hal_uart_ex.c.obj
                0x00000000080124e0                HAL_UARTEx_DisableFifoMode
 .text.HAL_UARTEx_SetTxFifoThreshold
                0x000000000801251c       0x48 lib/stm32g0-hal/CMakeFiles/stm32g0-hal.dir/lib/STM32G0xx_HAL_Driver/Src/stm32g0xx_hal_uart_ex.c.obj
                0x000000000801251c                HAL_UARTEx_SetTxFifoThreshold
 .text.HAL_UARTEx_SetRxFifoThreshold
                0x0000000008012564       0x4c lib/stm32g0-hal/CMakeFiles/stm32g0-hal.dir/lib/STM32G0xx_HAL_Driver/Src/stm32g0xx_hal_uart_ex.c.obj
                0x0000000008012564                HAL_UARTEx_SetRxFifoThreshold
 .text._DoInit  0x00000000080125b0       0x58 lib/segger-rtt/CMakeFiles/segger_rtt.dir/src/SEGGER_RTT.c.obj
 .text._GetAvailWriteSpace
                0x0000000008012608       0x12 lib/segger-rtt/CMakeFiles/segger_rtt.dir/src/SEGGER_RTT.c.obj
 .text._WriteNoCheck
                0x000000000801261a       0x30 lib/segger-rtt/CMakeFiles/segger_rtt.dir/src/SEGGER_RTT.c.obj
 .text._WriteBlocking
                0x000000000801264a       0x5a lib/segger-rtt/CMakeFiles/segger_rtt.dir/src/SEGGER_RTT.c.obj
 .text.SEGGER_RTT_WriteNoLock
                0x00000000080126a4       0x6c lib/segger-rtt/CMakeFiles/segger_rtt.dir/src/SEGGER_RTT.c.obj
                0x00000000080126a4                SEGGER_RTT_WriteNoLock
 .text.SEGGER_RTT_Write
                0x0000000008012710       0x34 lib/segger-rtt/CMakeFiles/segger_rtt.dir/src/SEGGER_RTT.c.obj
                0x0000000008012710                SEGGER_RTT_Write
 .text.SEGGER_RTT_Init
                0x0000000008012744        0x8 lib/segger-rtt/CMakeFiles/segger_rtt.dir/src/SEGGER_RTT.c.obj
                0x0000000008012744                SEGGER_RTT_Init
 .text._write_r
                0x000000000801274c       0x12 lib/segger-rtt/CMakeFiles/segger_rtt.dir/src/SEGGER_RTT_Syscalls_GCC.c.obj
                0x000000000801274c                _write_r
 .text._ZdaPv   0x000000000801275e        0x8 /usr/lib/gcc/arm-none-eabi/10.3.1/../../../arm-none-eabi/lib/thumb/v6-m/nofp/libstdc++_nano.a(del_opv.o)
                0x000000000801275e                operator delete[](void*)
 .text._Znaj    0x0000000008012766        0x8 /usr/lib/gcc/arm-none-eabi/10.3.1/../../../arm-none-eabi/lib/thumb/v6-m/nofp/libstdc++_nano.a(new_opv.o)
                0x0000000008012766                operator new[](unsigned int)
 .text._ZdlPv   0x000000000801276e        0x8 /usr/lib/gcc/arm-none-eabi/10.3.1/../../../arm-none-eabi/lib/thumb/v6-m/nofp/libstdc++_nano.a(del_op.o)
                0x000000000801276e                operator delete(void*)
 .text._Znwj    0x0000000008012776       0x24 /usr/lib/gcc/arm-none-eabi/10.3.1/../../../arm-none-eabi/lib/thumb/v6-m/nofp/libstdc++_nano.a(new_op.o)
                0x0000000008012776                operator new(unsigned int)
 *fill*         0x000000000801279a        0x2 
 .text._ZSt15get_new_handlerv
                0x000000000801279c        0xc /usr/lib/gcc/arm-none-eabi/10.3.1/../../../arm-none-eabi/lib/thumb/v6-m/nofp/libstdc++_nano.a(new_handler.o)
                0x000000000801279c                std::get_new_handler()
 *(.glue_7)
 .glue_7        0x00000000080127a8        0x0 linker stubs
 *(.glue_7t)
 .glue_7t       0x00000000080127a8        0x0 linker stubs
 *(.eh_frame)
 .eh_frame      0x00000000080127a8        0x0 /usr/lib/gcc/arm-none-eabi/10.3.1/thumb/v6-m/nofp/crtbegin.o
 *(.init)
 .init          0x00000000080127a8        0x4 /usr/lib/gcc/arm-none-eabi/10.3.1/thumb/v6-m/nofp/crti.o
                0x00000000080127a8                _init
 .init          0x00000000080127ac        0x8 /usr/lib/gcc/arm-none-eabi/10.3.1/thumb/v6-m/nofp/crtn.o
 *(.fini)
 .fini          0x00000000080127b4        0x4 /usr/lib/gcc/arm-none-eabi/10.3.1/thumb/v6-m/nofp/crti.o
                0x00000000080127b4                _fini
 .fini          0x00000000080127b8        0x8 /usr/lib/gcc/arm-none-eabi/10.3.1/thumb/v6-m/nofp/crtn.o
                0x00000000080127c0                . = ALIGN (0x4)
                0x00000000080127c0                _etext = .

.vfp11_veneer   0x00000000080127c0        0x0
 .vfp11_veneer  0x00000000080127c0        0x0 linker stubs

.v4_bx          0x00000000080127c0        0x0
 .v4_bx         0x00000000080127c0        0x0 linker stubs

.iplt           0x00000000080127c0        0x0
 .iplt          0x00000000080127c0        0x0 /usr/lib/gcc/arm-none-eabi/10.3.1/thumb/v6-m/nofp/crtbegin.o

.RamFunc        0x00000000080127c0       0x38
 .RamFunc       0x00000000080127c0       0x38 lib/stm32g0-hal/CMakeFiles/stm32g0-hal.dir/lib/STM32G0xx_HAL_Driver/Src/stm32g0xx_hal_flash.c.obj

.rodata         0x00000000080127f8      0xd60
                0x00000000080127f8                . = ALIGN (0x4)
 *(.rodata)
 .rodata        0x00000000080127f8        0x8 CMakeFiles/SmartFarmST32.dir/src/board_io.cpp.obj
 .rodata        0x0000000008012800        0x3 CMakeFiles/SmartFarmST32.dir/src/control_interface_board.cpp.obj
 .rodata        0x0000000008012803        0x3 CMakeFiles/SmartFarmST32.dir/src/packet_manager.cpp.obj
 *fill*         0x0000000008012806        0x2 
 .rodata        0x0000000008012808       0x18 /usr/lib/gcc/arm-none-eabi/10.3.1/../../../arm-none-eabi/lib/thumb/v6-m/nofp/libm.a(lib_a-ef_atan2.o)
 .rodata        0x0000000008012820       0x20 /usr/lib/gcc/arm-none-eabi/10.3.1/../../../arm-none-eabi/lib/thumb/v6-m/nofp/libm.a(lib_a-sf_atan.o)
 .rodata        0x0000000008012840       0x80 /usr/lib/gcc/arm-none-eabi/10.3.1/thumb/v6-m/nofp/libgcc.a(divsf3.o)
 .rodata        0x00000000080128c0       0x40 /usr/lib/gcc/arm-none-eabi/10.3.1/thumb/v6-m/nofp/libgcc.a(mulsf3.o)
 .rodata        0x0000000008012900       0x40 /usr/lib/gcc/arm-none-eabi/10.3.1/thumb/v6-m/nofp/libgcc.a(divdf3.o)
 .rodata        0x0000000008012940       0x40 /usr/lib/gcc/arm-none-eabi/10.3.1/thumb/v6-m/nofp/libgcc.a(muldf3.o)
 .rodata        0x0000000008012980        0x4 /usr/lib/gcc/arm-none-eabi/10.3.1/../../../arm-none-eabi/lib/thumb/v6-m/nofp/libc_nano.a(lib_a-impure.o)
                0x0000000008012980                _global_impure_ptr
 .rodata        0x0000000008012984       0x84 /usr/lib/gcc/arm-none-eabi/10.3.1/../../../arm-none-eabi/lib/thumb/v6-m/nofp/libc_nano.a(lib_a-nano-vfprintf_i.o)
 .rodata        0x0000000008012a08      0x120 /usr/lib/gcc/arm-none-eabi/10.3.1/../../../arm-none-eabi/lib/thumb/v6-m/nofp/libc_nano.a(lib_a-strtod.o)
 .rodata        0x0000000008012b28      0x101 /usr/lib/gcc/arm-none-eabi/10.3.1/../../../arm-none-eabi/lib/thumb/v6-m/nofp/libc_nano.a(lib_a-ctype_.o)
                0x0000000008012b28                _ctype_
 *fill*         0x0000000008012c29        0x3 
 .rodata        0x0000000008012c2c       0x60 /usr/lib/gcc/arm-none-eabi/10.3.1/../../../arm-none-eabi/lib/thumb/v6-m/nofp/libc_nano.a(lib_a-findfp.o)
                0x0000000008012c2c                __sf_fake_stderr
                0x0000000008012c4c                __sf_fake_stdout
                0x0000000008012c6c                __sf_fake_stdin
 .rodata        0x0000000008012c8c      0x100 /usr/lib/gcc/arm-none-eabi/10.3.1/../../../arm-none-eabi/lib/thumb/v6-m/nofp/libc_nano.a(lib_a-gdtoa-gethex.o)
                0x0000000008012c8c                __hexdig
 .rodata        0x0000000008012d8c        0xc /usr/lib/gcc/arm-none-eabi/10.3.1/../../../arm-none-eabi/lib/thumb/v6-m/nofp/libc_nano.a(lib_a-lnumeric.o)
                0x0000000008012d8c                _C_numeric_locale
 .rodata        0x0000000008012d98      0x128 /usr/lib/gcc/arm-none-eabi/10.3.1/../../../arm-none-eabi/lib/thumb/v6-m/nofp/libc_nano.a(lib_a-mprec.o)
                0x0000000008012da8                __mprec_tinytens
                0x0000000008012dd0                __mprec_bigtens
                0x0000000008012df8                __mprec_tens
 *(.rodata*)
 .rodata._ZN23Control_Interface_Board23Received_Packet_HandlerEP14Packet_ManagerPKN8Protocol10Packet_PtrERNS2_23Command_Response_PacketE.str1.1
                0x0000000008012ec0       0xc0 CMakeFiles/SmartFarmST32.dir/src/control_interface_board.cpp.obj
 .rodata._ZN16Firmware_Manager23Received_Packet_HandlerEP14Packet_ManagerPKN8Protocol10Packet_PtrERNS2_23Command_Response_PacketE.str1.1
                0x0000000008012f80      0x127 CMakeFiles/SmartFarmST32.dir/src/firmware_manager.cpp.obj
 .rodata.main.str1.1
                0x00000000080130a7       0xd6 CMakeFiles/SmartFarmST32.dir/src/main.cpp.obj
                                         0xd7 (size before relaxing)
 .rodata._ZN7MXC66559get_ValueEPNS_5ValueE.str1.1
                0x000000000801317d        0xa CMakeFiles/SmartFarmST32.dir/src/mxc6655.cpp.obj
                                         0x15 (size before relaxing)
 .rodata._GLOBAL__sub_I__ZN22OnBoard_Packet_Handler3gpsE.str1.1
                0x0000000008013187        0x7 CMakeFiles/SmartFarmST32.dir/src/onboard_packet_hadnler.cpp.obj
 .rodata._ZN14Packet_Manager17set_Received_DataEh.str1.1
                0x000000000801318e       0x39 CMakeFiles/SmartFarmST32.dir/src/packet_manager.cpp.obj
 .rodata._ZN22Sensor_Interface_Board16set_System_PowerEb.str1.1
                0x00000000080131c7       0x33 CMakeFiles/SmartFarmST32.dir/src/sensor_interface_board.cpp.obj
 .rodata._ZN22Sensor_Interface_Board23Received_Packet_HandlerEP14Packet_ManagerPKN8Protocol10Packet_PtrERNS2_23Command_Response_PacketE.str1.1
                0x00000000080131fa       0x19 CMakeFiles/SmartFarmST32.dir/src/sensor_interface_board.cpp.obj
 *fill*         0x0000000008013213        0x1 
 .rodata._ZN22Sensor_Interface_Board10tx_led_posE
                0x0000000008013214        0x4 CMakeFiles/SmartFarmST32.dir/src/sensor_interface_board.cpp.obj
                0x0000000008013214                Sensor_Interface_Board::tx_led_pos
 .rodata._ZN22Sensor_Interface_Board10rx_led_posE
                0x0000000008013218        0x4 CMakeFiles/SmartFarmST32.dir/src/sensor_interface_board.cpp.obj
                0x0000000008013218                Sensor_Interface_Board::rx_led_pos
 .rodata._ZN12SystemConfig15set_Erase_FlashEm.str1.1
                0x000000000801321c       0x91 CMakeFiles/SmartFarmST32.dir/src/system_config.cpp.obj
 .rodata._ZN12SystemConfig14set_Flash_DataEmy.str1.1
                0x00000000080132ad       0x3b CMakeFiles/SmartFarmST32.dir/src/system_config.cpp.obj
 .rodata._ZN7TLA25284initEP19__I2C_HandleTypeDefhf.str1.1
                0x00000000080132e8       0x18 CMakeFiles/SmartFarmST32.dir/src/tla2528.cpp.obj
 .rodata._ZN7TLA252812update_ValueEv.str1.1
                0x0000000008013300        0xd CMakeFiles/SmartFarmST32.dir/src/tla2528.cpp.obj
 *fill*         0x000000000801330d        0x3 
 .rodata.AHBPrescTable
                0x0000000008013310       0x40 lib/stm32g0-hal/CMakeFiles/stm32g0-hal.dir/src/system_stm32g0xx.c.obj
                0x0000000008013310                AHBPrescTable
 .rodata.APBPrescTable
                0x0000000008013350       0x20 lib/stm32g0-hal/CMakeFiles/stm32g0-hal.dir/src/system_stm32g0xx.c.obj
                0x0000000008013350                APBPrescTable
 .rodata.CSWTCH.66
                0x0000000008013370        0x3 lib/stm32g0-hal/CMakeFiles/stm32g0-hal.dir/lib/STM32G0xx_HAL_Driver/Src/stm32g0xx_hal_uart.c.obj
 .rodata.CSWTCH.67
                0x0000000008013373        0xd lib/stm32g0-hal/CMakeFiles/stm32g0-hal.dir/lib/STM32G0xx_HAL_Driver/Src/stm32g0xx_hal_uart.c.obj
 .rodata.UARTPrescTable
                0x0000000008013380       0x18 lib/stm32g0-hal/CMakeFiles/stm32g0-hal.dir/lib/STM32G0xx_HAL_Driver/Src/stm32g0xx_hal_uart.c.obj
                0x0000000008013380                UARTPrescTable
 .rodata.denominator.0
                0x0000000008013398        0x8 lib/stm32g0-hal/CMakeFiles/stm32g0-hal.dir/lib/STM32G0xx_HAL_Driver/Src/stm32g0xx_hal_uart_ex.c.obj
 .rodata.numerator.1
                0x00000000080133a0        0x8 lib/stm32g0-hal/CMakeFiles/stm32g0-hal.dir/lib/STM32G0xx_HAL_Driver/Src/stm32g0xx_hal_uart_ex.c.obj
 .rodata._DoInit.str1.1
                0x00000000080133a8        0x9 lib/segger-rtt/CMakeFiles/segger_rtt.dir/src/SEGGER_RTT.c.obj
 *fill*         0x00000000080133b1        0x3 
 .rodata._aInitStr.0
                0x00000000080133b4       0x11 lib/segger-rtt/CMakeFiles/segger_rtt.dir/src/SEGGER_RTT.c.obj
 *fill*         0x00000000080133c5        0x3 
 .rodata.str1.4
                0x00000000080133c8       0x12 /usr/lib/gcc/arm-none-eabi/10.3.1/../../../arm-none-eabi/lib/thumb/v6-m/nofp/libc_nano.a(lib_a-nano-vfprintf_float.o)
 *fill*         0x00000000080133da        0x2 
 .rodata.str1.4
                0x00000000080133dc       0x25 /usr/lib/gcc/arm-none-eabi/10.3.1/../../../arm-none-eabi/lib/thumb/v6-m/nofp/libc_nano.a(lib_a-nano-vfprintf_i.o)
 *fill*         0x0000000008013401        0x3 
 .rodata.str1.4
                0x0000000008013404        0xf /usr/lib/gcc/arm-none-eabi/10.3.1/../../../arm-none-eabi/lib/thumb/v6-m/nofp/libc_nano.a(lib_a-strtod.o)
                                         0x11 (size before relaxing)
 *fill*         0x0000000008013413        0x1 
 .rodata.str1.4
                0x0000000008013414       0x6d /usr/lib/gcc/arm-none-eabi/10.3.1/../../../arm-none-eabi/lib/thumb/v6-m/nofp/libc_nano.a(lib_a-dtoa.o)
                                         0x71 (size before relaxing)
 *fill*         0x0000000008013481        0x3 
 .rodata.str1.4
                0x0000000008013484       0x3a /usr/lib/gcc/arm-none-eabi/10.3.1/../../../arm-none-eabi/lib/thumb/v6-m/nofp/libc_nano.a(lib_a-gdtoa-gethex.o)
                                         0x4e (size before relaxing)